Archive member included to satisfy reference by file (symbol)

/opt/st/stm32cubeide_1.19.0/plugins/com.st.stm32cube.ide.mcu.externaltools.gnu-tools-for-stm32.13.3.rel1.linux64_1.0.0.202410170706/tools/bin/../lib/gcc/arm-none-eabi/13.3.1/../../../../arm-none-eabi/lib/thumb/v7e-m+fp/hard/libstdc++_nano.a(del_ops.o)
                              ./System/Core/Src/System.o (operator delete(void*, unsigned int))
/opt/st/stm32cubeide_1.19.0/plugins/com.st.stm32cube.ide.mcu.externaltools.gnu-tools-for-stm32.13.3.rel1.linux64_1.0.0.202410170706/tools/bin/../lib/gcc/arm-none-eabi/13.3.1/../../../../arm-none-eabi/lib/thumb/v7e-m+fp/hard/libstdc++_nano.a(guard.o)
                              ./System/Core/Src/System.o (__cxa_guard_acquire)
/opt/st/stm32cubeide_1.19.0/plugins/com.st.stm32cube.ide.mcu.externaltools.gnu-tools-for-stm32.13.3.rel1.linux64_1.0.0.202410170706/tools/bin/../lib/gcc/arm-none-eabi/13.3.1/../../../../arm-none-eabi/lib/thumb/v7e-m+fp/hard/libstdc++_nano.a(del_op.o)
                              /opt/st/stm32cubeide_1.19.0/plugins/com.st.stm32cube.ide.mcu.externaltools.gnu-tools-for-stm32.13.3.rel1.linux64_1.0.0.202410170706/tools/bin/../lib/gcc/arm-none-eabi/13.3.1/../../../../arm-none-eabi/lib/thumb/v7e-m+fp/hard/libstdc++_nano.a(del_ops.o) (operator delete(void*))
/opt/st/stm32cubeide_1.19.0/plugins/com.st.stm32cube.ide.mcu.externaltools.gnu-tools-for-stm32.13.3.rel1.linux64_1.0.0.202410170706/tools/bin/../lib/gcc/arm-none-eabi/13.3.1/../../../../arm-none-eabi/lib/thumb/v7e-m+fp/hard/libc_nano.a(libc_a-atexit.o)
                              ./System/Core/Src/System.o (atexit)
/opt/st/stm32cubeide_1.19.0/plugins/com.st.stm32cube.ide.mcu.externaltools.gnu-tools-for-stm32.13.3.rel1.linux64_1.0.0.202410170706/tools/bin/../lib/gcc/arm-none-eabi/13.3.1/../../../../arm-none-eabi/lib/thumb/v7e-m+fp/hard/libc_nano.a(libc_a-exit.o)
                              /opt/st/stm32cubeide_1.19.0/plugins/com.st.stm32cube.ide.mcu.externaltools.gnu-tools-for-stm32.13.3.rel1.linux64_1.0.0.202410170706/tools/bin/../lib/gcc/arm-none-eabi/13.3.1/../../../../arm-none-eabi/lib/thumb/v7e-m+fp/hard/crt0.o (exit)
/opt/st/stm32cubeide_1.19.0/plugins/com.st.stm32cube.ide.mcu.externaltools.gnu-tools-for-stm32.13.3.rel1.linux64_1.0.0.202410170706/tools/bin/../lib/gcc/arm-none-eabi/13.3.1/../../../../arm-none-eabi/lib/thumb/v7e-m+fp/hard/libc_nano.a(libc_a-malloc.o)
                              /opt/st/stm32cubeide_1.19.0/plugins/com.st.stm32cube.ide.mcu.externaltools.gnu-tools-for-stm32.13.3.rel1.linux64_1.0.0.202410170706/tools/bin/../lib/gcc/arm-none-eabi/13.3.1/../../../../arm-none-eabi/lib/thumb/v7e-m+fp/hard/libstdc++_nano.a(del_op.o) (free)
/opt/st/stm32cubeide_1.19.0/plugins/com.st.stm32cube.ide.mcu.externaltools.gnu-tools-for-stm32.13.3.rel1.linux64_1.0.0.202410170706/tools/bin/../lib/gcc/arm-none-eabi/13.3.1/../../../../arm-none-eabi/lib/thumb/v7e-m+fp/hard/libc_nano.a(libc_a-mallocr.o)
                              /opt/st/stm32cubeide_1.19.0/plugins/com.st.stm32cube.ide.mcu.externaltools.gnu-tools-for-stm32.13.3.rel1.linux64_1.0.0.202410170706/tools/bin/../lib/gcc/arm-none-eabi/13.3.1/../../../../arm-none-eabi/lib/thumb/v7e-m+fp/hard/libc_nano.a(libc_a-malloc.o) (_malloc_r)
/opt/st/stm32cubeide_1.19.0/plugins/com.st.stm32cube.ide.mcu.externaltools.gnu-tools-for-stm32.13.3.rel1.linux64_1.0.0.202410170706/tools/bin/../lib/gcc/arm-none-eabi/13.3.1/../../../../arm-none-eabi/lib/thumb/v7e-m+fp/hard/libc_nano.a(libc_a-mlock.o)
                              /opt/st/stm32cubeide_1.19.0/plugins/com.st.stm32cube.ide.mcu.externaltools.gnu-tools-for-stm32.13.3.rel1.linux64_1.0.0.202410170706/tools/bin/../lib/gcc/arm-none-eabi/13.3.1/../../../../arm-none-eabi/lib/thumb/v7e-m+fp/hard/libc_nano.a(libc_a-mallocr.o) (__malloc_lock)
/opt/st/stm32cubeide_1.19.0/plugins/com.st.stm32cube.ide.mcu.externaltools.gnu-tools-for-stm32.13.3.rel1.linux64_1.0.0.202410170706/tools/bin/../lib/gcc/arm-none-eabi/13.3.1/../../../../arm-none-eabi/lib/thumb/v7e-m+fp/hard/libc_nano.a(libc_a-findfp.o)
                              /opt/st/stm32cubeide_1.19.0/plugins/com.st.stm32cube.ide.mcu.externaltools.gnu-tools-for-stm32.13.3.rel1.linux64_1.0.0.202410170706/tools/bin/../lib/gcc/arm-none-eabi/13.3.1/../../../../arm-none-eabi/lib/thumb/v7e-m+fp/hard/libc_nano.a(libc_a-exit.o) (__stdio_exit_handler)
/opt/st/stm32cubeide_1.19.0/plugins/com.st.stm32cube.ide.mcu.externaltools.gnu-tools-for-stm32.13.3.rel1.linux64_1.0.0.202410170706/tools/bin/../lib/gcc/arm-none-eabi/13.3.1/../../../../arm-none-eabi/lib/thumb/v7e-m+fp/hard/libc_nano.a(libc_a-fwalk.o)
                              /opt/st/stm32cubeide_1.19.0/plugins/com.st.stm32cube.ide.mcu.externaltools.gnu-tools-for-stm32.13.3.rel1.linux64_1.0.0.202410170706/tools/bin/../lib/gcc/arm-none-eabi/13.3.1/../../../../arm-none-eabi/lib/thumb/v7e-m+fp/hard/libc_nano.a(libc_a-findfp.o) (_fwalk_sglue)
[...]
Memory Configuration

Name             Origin             Length             Attributes
RAM              0x20000000         0x00020000         xrw
FLASH            0x08000000         0x00080000         xr
*default*        0x00000000         0xffffffff

Linker script and memory map

LOAD /opt/st/stm32cubeide_1.19.0/plugins/com.st.stm32cube.ide.mcu.externaltools.gnu-tools-for-stm32.13.3.rel1.linux64_1.0.0.202410170706/tools/bin/../lib/gcc/arm-none-eabi/13.3.1/thumb/v7e-m+fp/hard/crti.o
LOAD /opt/st/stm32cubeide_1.19.0/plugins/com.st.stm32cube.ide.mcu.externaltools.gnu-tools-for-stm32.13.3.rel1.linux64_1.0.0.202410170706/tools/bin/../lib/gcc/arm-none-eabi/13.3.1/thumb/v7e-m+fp/hard/crtbegin.o
LOAD /opt/st/stm32cubeide_1.19.0/plugins/com.st.stm32cube.ide.mcu.externaltools.gnu-tools-for-stm32.13.3.rel1.linux64_1.0.0.202410170706/tools/bin/../lib/gcc/arm-none-eabi/13.3.1/../../../../arm-none-eabi/lib/thumb/v7e-m+fp/hard/crt0.o
LOAD ./Core/Src/app_freertos.o
LOAD ./Core/Src/main.o
LOAD ./Core/Src/stm32g4xx_hal_msp.o
LOAD ./Core/Src/stm32g4xx_hal_timebase_tim.o
LOAD ./Core/Src/stm32g4xx_it.o
LOAD ./Core/Src/syscalls.o
LOAD ./Core/Src/sysmem.o
LOAD ./Core/Src/system_stm32g4xx.o
LOAD ./Core/Startup/startup_stm32g483retx.o
LOAD ./Drivers/STM32G4xx_HAL_Driver/Src/stm32g4xx_hal.o
LOAD ./Drivers/STM32G4xx_HAL_Driver/Src/stm32g4xx_hal_adc.o
LOAD ./Drivers/STM32G4xx_HAL_Driver/Src/stm32g4xx_hal_adc_ex.o
LOAD ./Drivers/STM32G4xx_HAL_Driver/Src/stm32g4xx_hal_cortex.o
LOAD ./Drivers/STM32G4xx_HAL_Driver/Src/stm32g4xx_hal_dma.o
LOAD ./Drivers/STM32G4xx_HAL_Driver/Src/stm32g4xx_hal_dma_ex.o
LOAD ./Drivers/STM32G4xx_HAL_Driver/Src/stm32g4xx_hal_exti.o
LOAD ./Drivers/STM32G4xx_HAL_Driver/Src/stm32g4xx_hal_flash.o
LOAD ./Drivers/STM32G4xx_HAL_Driver/Src/stm32g4xx_hal_flash_ex.o
LOAD ./Drivers/STM32G4xx_HAL_Driver/Src/stm32g4xx_hal_flash_ramfunc.o
LOAD ./Drivers/STM32G4xx_HAL_Driver/Src/stm32g4xx_hal_gpio.o
LOAD ./Drivers/STM32G4xx_HAL_Driver/Src/stm32g4xx_hal_pcd.o
LOAD ./Drivers/STM32G4xx_HAL_Driver/Src/stm32g4xx_hal_pcd_ex.o
LOAD ./Drivers/STM32G4xx_HAL_Driver/Src/stm32g4xx_hal_pwr.o
LOAD ./Drivers/STM32G4xx_HAL_Driver/Src/stm32g4xx_hal_pwr_ex.o
LOAD ./Drivers/STM32G4xx_HAL_Driver/Src/stm32g4xx_hal_rcc.o
LOAD ./Drivers/STM32G4xx_HAL_Driver/Src/stm32g4xx_hal_rcc_ex.o
LOAD ./Drivers/STM32G4xx_HAL_Driver/Src/stm32g4xx_hal_spi.o
LOAD ./Drivers/STM32G4xx_HAL_Driver/Src/stm32g4xx_hal_spi_ex.o
LOAD ./Drivers/STM32G4xx_HAL_Driver/Src/stm32g4xx_hal_tim.o
LOAD ./Drivers/STM32G4xx_HAL_Driver/Src/stm32g4xx_hal_tim_ex.o
LOAD ./Drivers/STM32G4xx_HAL_Driver/Src/stm32g4xx_ll_adc.o
LOAD ./Drivers/STM32G4xx_HAL_Driver/Src/stm32g4xx_ll_usb.o
LOAD ./Middlewares/ST/STM32_USB_Device_Library/Class/CDC/Src/usbd_cdc.o
LOAD ./Middlewares/ST/STM32_USB_Device_Library/Core/Src/usbd_core.o
LOAD ./Middlewares/ST/STM32_USB_Device_Library/Core/Src/usbd_ctlreq.o
LOAD ./Middlewares/ST/STM32_USB_Device_Library/Core/Src/usbd_ioreq.o
LOAD ./Middlewares/Third_Party/FreeRTOS/Source/CMSIS_RTOS_V2/cmsis_os2.o
LOAD ./Middlewares/Third_Party/FreeRTOS/Source/croutine.o
LOAD ./Middlewares/Third_Party/FreeRTOS/Source/event_groups.o
LOAD ./Middlewares/Third_Party/FreeRTOS/Source/list.o
LOAD ./Middlewares/Third_Party/FreeRTOS/Source/queue.o
LOAD ./Middlewares/Third_Party/FreeRTOS/Source/stream_buffer.o
LOAD ./Middlewares/Third_Party/FreeRTOS/Source/tasks.o
LOAD ./Middlewares/Third_Party/FreeRTOS/Source/timers.o
LOAD ./Middlewares/Third_Party/FreeRTOS/Source/portable/GCC/ARM_CM4F/port.o
LOAD ./Middlewares/Third_Party/FreeRTOS/Source/portable/MemMang/heap_4.o
LOAD ./System/Comms/Src/Transport.o
LOAD ./System/Core/Src/Bridge.o
LOAD ./System/Core/Src/HX711.o
LOAD ./System/Core/Src/LEDStrip.o
LOAD ./System/Core/Src/PWMDriver.o
LOAD ./System/Core/Src/System.o
LOAD ./System/Core/Src/WS2812Driver.o
LOAD ./System/Threads/Src/HeartBeat.o
LOAD ./System/Threads/Src/LedsThread.o
LOAD ./System/Threads/Src/MassThread.o
LOAD ./System/Threads/Src/SerialThread.o
LOAD ./System/Threads/Src/ServoThread.o
LOAD ./System/Threads/Src/Thread.o
LOAD ./USB_Device/App/usb_device.o
LOAD ./USB_Device/App/usbd_cdc_if.o
LOAD ./USB_Device/App/usbd_desc.o
LOAD ./USB_Device/Target/usbd_conf.o
START GROUP
LOAD /opt/st/stm32cubeide_1.19.0/plugins/com.st.stm32cube.ide.mcu.externaltools.gnu-tools-for-stm32.13.3.rel1.linux64_1.0.0.202410170706/tools/bin/../lib/gcc/arm-none-eabi/13.3.1/../../../../arm-none-eabi/lib/thumb/v7e-m+fp/hard/libstdc++_nano.a
LOAD /opt/st/stm32cubeide_1.19.0/plugins/com.st.stm32cube.ide.mcu.externaltools.gnu-tools-for-stm32.13.3.rel1.linux64_1.0.0.202410170706/tools/bin/../lib/gcc/arm-none-eabi/13.3.1/../../../../arm-none-eabi/lib/thumb/v7e-m+fp/hard/libsupc++_nano.a
END GROUP
LOAD /opt/st/stm32cubeide_1.19.0/plugins/com.st.stm32cube.ide.mcu.externaltools.gnu-tools-for-stm32.13.3.rel1.linux64_1.0.0.202410170706/tools/bin/../lib/gcc/arm-none-eabi/13.3.1/../../../../arm-none-eabi/lib/thumb/v7e-m+fp/hard/libstdc++_nano.a
LOAD /opt/st/stm32cubeide_1.19.0/plugins/com.st.stm32cube.ide.mcu.externaltools.gnu-tools-for-stm32.13.3.rel1.linux64_1.0.0.202410170706/tools/bin/../lib/gcc/arm-none-eabi/13.3.1/../../../../arm-none-eabi/lib/thumb/v7e-m+fp/hard/libm.a
LOAD /opt/st/stm32cubeide_1.19.0/plugins/com.st.stm32cube.ide.mcu.externaltools.gnu-tools-for-stm32.13.3.rel1.linux64_1.0.0.202410170706/tools/bin/../lib/gcc/arm-none-eabi/13.3.1/../../../../arm-none-eabi/lib/thumb/v7e-m+fp/hard/libc_nano.a
START GROUP
LOAD /opt/st/stm32cubeide_1.19.0/plugins/com.st.stm32cube.ide.mcu.externaltools.gnu-tools-for-stm32.13.3.rel1.linux64_1.0.0.202410170706/tools/bin/../lib/gcc/arm-none-eabi/13.3.1/thumb/v7e-m+fp/hard/libgcc.a
LOAD /opt/st/stm32cubeide_1.19.0/plugins/com.st.stm32cube.ide.mcu.externaltools.gnu-tools-for-stm32.13.3.rel1.linux64_1.0.0.202410170706/tools/bin/../lib/gcc/arm-none-eabi/13.3.1/../../../../arm-none-eabi/lib/thumb/v7e-m+fp/hard/libc_nano.a
END GROUP
START GROUP
LOAD /opt/st/stm32cubeide_1.19.0/plugins/com.st.stm32cube.ide.mcu.externaltools.gnu-tools-for-stm32.13.3.rel1.linux64_1.0.0.202410170706/tools/bin/../lib/gcc/arm-none-eabi/13.3.1/thumb/v7e-m+fp/hard/libgcc.a
LOAD /opt/st/stm32cubeide_1.19.0/plugins/com.st.stm32cube.ide.mcu.externaltools.gnu-tools-for-stm32.13.3.rel1.linux64_1.0.0.202410170706/tools/bin/../lib/gcc/arm-none-eabi/13.3.1/../../../../arm-none-eabi/lib/thumb/v7e-m+fp/hard/libc_nano.a
END GROUP
LOAD /opt/st/stm32cubeide_1.19.0/plugins/com.st.stm32cube.ide.mcu.externaltools.gnu-tools-for-stm32.13.3.rel1.linux64_1.0.0.202410170706/tools/bin/../lib/gcc/arm-none-eabi/13.3.1/thumb/v7e-m+fp/hard/crtend.o
LOAD /opt/st/stm32cubeide_1.19.0/plugins/com.st.stm32cube.ide.mcu.externaltools.gnu-tools-for-stm32.13.3.rel1.linux64_1.0.0.202410170706/tools/bin/../lib/gcc/arm-none-eabi/13.3.1/thumb/v7e-m+fp/hard/crtn.o
                0x20020000                        _estack = (ORIGIN (RAM) + LENGTH (RAM))
                0x00000200                        _Min_Heap_Size = 0x200
                0x00000400                        _Min_Stack_Size = 0x400

.isr_vector     0x08000000      0x1d8
                0x08000000                        . = ALIGN (0x4)
 *(.isr_vector)
 .isr_vector    0x08000000      0x1d8 ./Core/Startup/startup_stm32g483retx.o
                0x08000000                g_pfnVectors
                0x080001d8                        . = ALIGN (0x4)

.text           0x080001e0    0x140d0
                0x080001e0                        . = ALIGN (0x4)
 *(.text)
 .text          0x080001e0       0x40 /opt/st/stm32cubeide_1.19.0/plugins/com.st.stm32cube.ide.mcu.externaltools.gnu-tools-for-stm32.13.3.rel1.linux64_1.0.0.202410170706/tools/bin/../lib/gcc/arm-none-eabi/13.3.1/thumb/v7e-m+fp/hard/crtbegin.o
 .text          0x08000220      0x21c /opt/st/stm32cubeide_1.19.0/plugins/com.st.stm32cube.ide.mcu.externaltools.gnu-tools-for-stm32.13.3.rel1.linux64_1.0.0.202410170706/tools/bin/../lib/gcc/arm-none-eabi/13.3.1/thumb/v7e-m+fp/hard/libgcc.a(_arm_addsubsf3.o)
                0x08000220                __aeabi_frsub
                0x08000228                __subsf3
                0x08000228                __aeabi_fsub
                0x0800022c                __aeabi_fadd
                0x0800022c                __addsf3
                0x0800038c                __aeabi_ui2f
                0x0800038c                __floatunsisf
                0x08000394                __aeabi_i2f
                0x08000394                __floatsisf
                0x080003b0                __floatundisf
                0x080003b0                __aeabi_ul2f
                0x080003c0                __floatdisf
                0x080003c0                __aeabi_l2f
 .text          0x0800043c       0xa0 /opt/st/stm32cubeide_1.19.0/plugins/com.st.stm32cube.ide.mcu.externaltools.gnu-tools-for-stm32.13.3.rel1.linux64_1.0.0.202410170706/tools/bin/../lib/gcc/arm-none-eabi/13.3.1/thumb/v7e-m+fp/hard/libgcc.a(_aeabi_ldivmod.o)
                0x0800043c                __aeabi_ldivmod
 .text          0x080004dc      0x2f8 /opt/st/stm32cubeide_1.19.0/plugins/com.st.stm32cube.ide.mcu.externaltools.gnu-tools-for-stm32.13.3.rel1.linux64_1.0.0.202410170706/tools/bin/../lib/gcc/arm-none-eabi/13.3.1/thumb/v7e-m+fp/hard/libgcc.a(_udivmoddi4.o)
                0x080004dc                __udivmoddi4
 .text          0x080007d4        0x4 /opt/st/stm32cubeide_1.19.0/plugins/com.st.stm32cube.ide.mcu.externaltools.gnu-tools-for-stm32.13.3.rel1.linux64_1.0.0.202410170706/tools/bin/../lib/gcc/arm-none-eabi/13.3.1/thumb/v7e-m+fp/hard/libgcc.a(_dvmd_tls.o)
                0x080007d4                __aeabi_ldiv0
                0x080007d4                __aeabi_idiv0
 *(.text*)
 .text.HAL_TIM_PWM_PulseFinishedCallback
                0x080007d8       0x30 ./Core/Src/main.o
                0x080007d8                HAL_TIM_PWM_PulseFinishedCallback
 .text.main     0x08000808       0x60 ./Core/Src/main.o
                0x08000808                main
 .text.SystemClock_Config
                0x08000868       0x94 ./Core/Src/main.o
                0x08000868                SystemClock_Config
 .text.MX_ADC3_Init
                0x080008fc       0xf0 ./Core/Src/main.o
 .text.MX_SPI3_Init
                0x080009ec       0x7c ./Core/Src/main.o
 .text.MX_TIM1_Init
                0x08000a68      0x168 ./Core/Src/main.o
 .text.MX_TIM2_Init
                0x08000bd0       0xf4 ./Core/Src/main.o
 .text.MX_TIM5_Init
                0x08000cc4       0xc8 ./Core/Src/main.o
 .text.MX_TIM7_Init
                0x08000d8c       0x6c ./Core/Src/main.o
 .text.MX_TIM15_Init
                0x08000df8      0x15c ./Core/Src/main.o
 .text.MX_DMA_Init
                0x08000f54       0x64 ./Core/Src/main.o
 .text.MX_GPIO_Init
                0x08000fb8      0x204 ./Core/Src/main.o
 .text.StartDefaultTask
                0x080011bc       0x10 ./Core/Src/main.o
                0x080011bc                StartDefaultTask
 .text.HAL_TIM_PeriodElapsedCallback
                0x080011cc       0x24 ./Core/Src/main.o
                0x080011cc                HAL_TIM_PeriodElapsedCallback
 .text.Error_Handler
                0x080011f0        0xc ./Core/Src/main.o
                0x080011f0                Error_Handler
 .text.HAL_MspInit
                0x080011fc       0x54 ./Core/Src/stm32g4xx_hal_msp.o
                0x080011fc                HAL_MspInit
 .text.HAL_ADC_MspInit
                0x08001250       0xac ./Core/Src/stm32g4xx_hal_msp.o
                0x08001250                HAL_ADC_MspInit
 .text.HAL_SPI_MspInit
                0x080012fc       0x88 ./Core/Src/stm32g4xx_hal_msp.o
                0x080012fc                HAL_SPI_MspInit
 .text.HAL_TIM_Base_MspInit
                0x08001384      0x110 ./Core/Src/stm32g4xx_hal_msp.o
                0x08001384                HAL_TIM_Base_MspInit
 .text.HAL_TIM_PWM_MspInit
                0x08001494       0x9c ./Core/Src/stm32g4xx_hal_msp.o
                0x08001494                HAL_TIM_PWM_MspInit
 .text.HAL_TIM_MspPostInit
                0x08001530      0x14c ./Core/Src/stm32g4xx_hal_msp.o
                0x08001530                HAL_TIM_MspPostInit
 .text.HAL_InitTick
                0x0800167c       0xd8 ./Core/Src/stm32g4xx_hal_timebase_tim.o
                0x0800167c                HAL_InitTick
 .text.NMI_Handler
                0x08001754        0x8 ./Core/Src/stm32g4xx_it.o
                0x08001754                NMI_Handler
 .text.HardFault_Handler
                0x0800175c        0x8 ./Core/Src/stm32g4xx_it.o
                0x0800175c                HardFault_Handler
 .text.MemManage_Handler
                0x08001764        0x8 ./Core/Src/stm32g4xx_it.o
                0x08001764                MemManage_Handler
 .text.BusFault_Handler
                0x0800176c        0x8 ./Core/Src/stm32g4xx_it.o
                0x0800176c                BusFault_Handler
 .text.UsageFault_Handler
                0x08001774        0x8 ./Core/Src/stm32g4xx_it.o
                0x08001774                UsageFault_Handler
 .text.DebugMon_Handler
                0x0800177c        0xe ./Core/Src/stm32g4xx_it.o
                0x0800177c                DebugMon_Handler
 *fill*         0x0800178a        0x2 
 .text.DMA1_Channel1_IRQHandler
                0x0800178c       0x14 ./Core/Src/stm32g4xx_it.o
                0x0800178c                DMA1_Channel1_IRQHandler
 .text.DMA1_Channel2_IRQHandler
                0x080017a0       0x14 ./Core/Src/stm32g4xx_it.o
                0x080017a0                DMA1_Channel2_IRQHandler
 .text.USB_LP_IRQHandler
                0x080017b4       0x14 ./Core/Src/stm32g4xx_it.o
                0x080017b4                USB_LP_IRQHandler
 .text.TIM6_DAC_IRQHandler
                0x080017c8       0x14 ./Core/Src/stm32g4xx_it.o
                0x080017c8                TIM6_DAC_IRQHandler
 .text._sbrk    0x080017dc       0x6c ./Core/Src/sysmem.o
                0x080017dc                _sbrk
 .text.SystemInit
                0x08001848       0x24 ./Core/Src/system_stm32g4xx.o
                0x08001848                SystemInit
 .text.Reset_Handler
                0x0800186c       0x50 ./Core/Startup/startup_stm32g483retx.o
                0x0800186c                Reset_Handler
 .text.Default_Handler
                0x080018bc        0x2 ./Core/Startup/startup_stm32g483retx.o
                0x080018bc                RTC_Alarm_IRQHandler
                0x080018bc                EXTI2_IRQHandler
                0x080018bc                TIM8_TRG_COM_IRQHandler
                0x080018bc                TIM8_CC_IRQHandler
                0x080018bc                SPI4_IRQHandler
                0x080018bc                FDCAN3_IT0_IRQHandler
                0x080018bc                TIM1_CC_IRQHandler
                0x080018bc                USB_HP_IRQHandler
                0x080018bc                CORDIC_IRQHandler
                0x080018bc                DMA2_Channel8_IRQHandler
                0x080018bc                EXTI3_IRQHandler
                0x080018bc                I2C3_ER_IRQHandler
                0x080018bc                EXTI0_IRQHandler
                0x080018bc                I2C2_EV_IRQHandler
                0x080018bc                FPU_IRQHandler
                0x080018bc                FDCAN1_IT1_IRQHandler
                0x080018bc                TIM1_UP_TIM16_IRQHandler
                0x080018bc                ADC1_2_IRQHandler
                0x080018bc                SPI1_IRQHandler
                0x080018bc                TIM8_UP_IRQHandler
                0x080018bc                DMA2_Channel2_IRQHandler
                0x080018bc                DMA1_Channel4_IRQHandler
                0x080018bc                TIM20_TRG_COM_IRQHandler
                0x080018bc                USART3_IRQHandler
                0x080018bc                DMA1_Channel7_IRQHandler
                0x080018bc                UART5_IRQHandler
                0x080018bc                ADC3_IRQHandler
                0x080018bc                TIM4_IRQHandler
                0x080018bc                DMA2_Channel1_IRQHandler
                0x080018bc                QUADSPI_IRQHandler
                0x080018bc                I2C1_EV_IRQHandler
                0x080018bc                DMA1_Channel6_IRQHandler
                0x080018bc                UART4_IRQHandler
                0x080018bc                DMA2_Channel4_IRQHandler
                0x080018bc                TIM3_IRQHandler
                0x080018bc                RCC_IRQHandler
                0x080018bc                TIM20_UP_IRQHandler
                0x080018bc                Default_Handler
                0x080018bc                DMA2_Channel7_IRQHandler
                0x080018bc                RTC_TAMP_LSECSS_IRQHandler
                0x080018bc                FMAC_IRQHandler
                0x080018bc                EXTI15_10_IRQHandler
                0x080018bc                DMA1_Channel8_IRQHandler
                0x080018bc                TIM7_DAC_IRQHandler
                0x080018bc                FDCAN3_IT1_IRQHandler
                0x080018bc                TIM5_IRQHandler
                0x080018bc                UCPD1_IRQHandler
                0x080018bc                I2C3_EV_IRQHandler
                0x080018bc                EXTI9_5_IRQHandler
                0x080018bc                RTC_WKUP_IRQHandler
                0x080018bc                PVD_PVM_IRQHandler
                0x080018bc                SPI2_IRQHandler
                0x080018bc                ADC5_IRQHandler
                0x080018bc                DMA2_Channel5_IRQHandler
                0x080018bc                CRS_IRQHandler
                0x080018bc                DMA1_Channel5_IRQHandler
                0x080018bc                EXTI4_IRQHandler
                0x080018bc                RNG_IRQHandler
                0x080018bc                TIM1_TRG_COM_TIM17_IRQHandler
                0x080018bc                FDCAN2_IT1_IRQHandler
                0x080018bc                DMA1_Channel3_IRQHandler
                0x080018bc                ADC4_IRQHandler
                0x080018bc                WWDG_IRQHandler
                0x080018bc                I2C4_EV_IRQHandler
                0x080018bc                FDCAN2_IT0_IRQHandler
                0x080018bc                LPUART1_IRQHandler
                0x080018bc                DMA2_Channel6_IRQHandler
                0x080018bc                FDCAN1_IT0_IRQHandler
                0x080018bc                TIM2_IRQHandler
                0x080018bc                COMP7_IRQHandler
                0x080018bc                COMP1_2_3_IRQHandler
                0x080018bc                EXTI1_IRQHandler
                0x080018bc                AES_IRQHandler
                0x080018bc                USART2_IRQHandler
                0x080018bc                COMP4_5_6_IRQHandler
                0x080018bc                TIM20_BRK_IRQHandler
                0x080018bc                I2C2_ER_IRQHandler
                0x080018bc                TIM8_BRK_IRQHandler
                0x080018bc                FLASH_IRQHandler
                0x080018bc                TIM20_CC_IRQHandler
                0x080018bc                USART1_IRQHandler
                0x080018bc                SPI3_IRQHandler
                0x080018bc                I2C1_ER_IRQHandler
                0x080018bc                FMC_IRQHandler
                0x080018bc                LPTIM1_IRQHandler
                0x080018bc                DMAMUX_OVR_IRQHandler
                0x080018bc                I2C4_ER_IRQHandler
                0x080018bc                USBWakeUp_IRQHandler
                0x080018bc                SAI1_IRQHandler
                0x080018bc                DMA2_Channel3_IRQHandler
                0x080018bc                TIM1_BRK_TIM15_IRQHandler
 .text.HAL_Init
                0x080018be       0x30 ./Drivers/STM32G4xx_HAL_Driver/Src/stm32g4xx_hal.o
                0x080018be                HAL_Init
 *fill*         0x080018ee        0x2 
 .text.HAL_IncTick
                0x080018f0       0x24 ./Drivers/STM32G4xx_HAL_Driver/Src/stm32g4xx_hal.o
                0x080018f0                HAL_IncTick
 .text.HAL_GetTick
                0x08001914       0x18 ./Drivers/STM32G4xx_HAL_Driver/Src/stm32g4xx_hal.o
                0x08001914                HAL_GetTick
 .text.LL_ADC_SetCommonClock
                0x0800192c       0x26 ./Drivers/STM32G4xx_HAL_Driver/Src/stm32g4xx_hal_adc.o
 .text.LL_ADC_SetCommonPathInternalCh
                0x08001952       0x26 ./Drivers/STM32G4xx_HAL_Driver/Src/stm32g4xx_hal_adc.o
 .text.LL_ADC_GetCommonPathInternalCh
                0x08001978       0x1c ./Drivers/STM32G4xx_HAL_Driver/Src/stm32g4xx_hal_adc.o
 .text.LL_ADC_SetOffset
                0x08001994       0x48 ./Drivers/STM32G4xx_HAL_Driver/Src/stm32g4xx_hal_adc.o
 .text.LL_ADC_GetOffsetChannel
                0x080019dc       0x2c ./Drivers/STM32G4xx_HAL_Driver/Src/stm32g4xx_hal_adc.o
 .text.LL_ADC_SetOffsetState
                0x08001a08       0x36 ./Drivers/STM32G4xx_HAL_Driver/Src/stm32g4xx_hal_adc.o
 .text.LL_ADC_SetOffsetSign
                0x08001a3e       0x36 ./Drivers/STM32G4xx_HAL_Driver/Src/stm32g4xx_hal_adc.o
 .text.LL_ADC_SetOffsetSaturation
                0x08001a74       0x36 ./Drivers/STM32G4xx_HAL_Driver/Src/stm32g4xx_hal_adc.o
 .text.LL_ADC_SetSamplingTimeCommonConfig
                0x08001aaa       0x26 ./Drivers/STM32G4xx_HAL_Driver/Src/stm32g4xx_hal_adc.o
 .text.LL_ADC_REG_SetSequencerRanks
                0x08001ad0       0x58 ./Drivers/STM32G4xx_HAL_Driver/Src/stm32g4xx_hal_adc.o
 .text.LL_ADC_SetChannelSamplingTime
                0x08001b28       0x56 ./Drivers/STM32G4xx_HAL_Driver/Src/stm32g4xx_hal_adc.o
 *fill*         0x08001b7e        0x2 
 .text.LL_ADC_SetChannelSingleDiff
                0x08001b80       0x48 ./Drivers/STM32G4xx_HAL_Driver/Src/stm32g4xx_hal_adc.o
 .text.LL_ADC_DisableDeepPowerDown
                0x08001bc8       0x24 ./Drivers/STM32G4xx_HAL_Driver/Src/stm32g4xx_hal_adc.o
 .text.LL_ADC_IsDeepPowerDownEnabled
                0x08001bec       0x28 ./Drivers/STM32G4xx_HAL_Driver/Src/stm32g4xx_hal_adc.o
 .text.LL_ADC_EnableInternalRegulator
                0x08001c14       0x28 ./Drivers/STM32G4xx_HAL_Driver/Src/stm32g4xx_hal_adc.o
 .text.LL_ADC_IsInternalRegulatorEnabled
                0x08001c3c       0x28 ./Drivers/STM32G4xx_HAL_Driver/Src/stm32g4xx_hal_adc.o
 .text.LL_ADC_IsEnabled
                0x08001c64       0x26 ./Drivers/STM32G4xx_HAL_Driver/Src/stm32g4xx_hal_adc.o
 .text.LL_ADC_REG_IsConversionOngoing
                0x08001c8a       0x26 ./Drivers/STM32G4xx_HAL_Driver/Src/stm32g4xx_hal_adc.o
 .text.LL_ADC_INJ_IsConversionOngoing
                0x08001cb0       0x26 ./Drivers/STM32G4xx_HAL_Driver/Src/stm32g4xx_hal_adc.o
 *fill*         0x08001cd6        0x2 
 .text.HAL_ADC_Init
                0x08001cd8      0x378 ./Drivers/STM32G4xx_HAL_Driver/Src/stm32g4xx_hal_adc.o
                0x08001cd8                HAL_ADC_Init
 .text.HAL_ADC_ConfigChannel
                0x08002050      0x880 ./Drivers/STM32G4xx_HAL_Driver/Src/stm32g4xx_hal_adc.o
                0x08002050                HAL_ADC_ConfigChannel
 .text.LL_ADC_IsEnabled
                0x080028d0       0x26 ./Drivers/STM32G4xx_HAL_Driver/Src/stm32g4xx_hal_adc_ex.o
 .text.LL_ADC_REG_IsConversionOngoing
                0x080028f6       0x26 ./Drivers/STM32G4xx_HAL_Driver/Src/stm32g4xx_hal_adc_ex.o
 .text.HAL_ADCEx_MultiModeConfigChannel
                0x0800291c      0x210 ./Drivers/STM32G4xx_HAL_Driver/Src/stm32g4xx_hal_adc_ex.o
                0x0800291c                HAL_ADCEx_MultiModeConfigChannel
 .text.__NVIC_SetPriorityGrouping
                0x08002b2c       0x48 ./Drivers/STM32G4xx_HAL_Driver/Src/stm32g4xx_hal_cortex.o
 .text.__NVIC_GetPriorityGrouping
                0x08002b74       0x1c ./Drivers/STM32G4xx_HAL_Driver/Src/stm32g4xx_hal_cortex.o
 .text.__NVIC_EnableIRQ
                0x08002b90       0x3c ./Drivers/STM32G4xx_HAL_Driver/Src/stm32g4xx_hal_cortex.o
 .text.__NVIC_SetPriority
                0x08002bcc       0x54 ./Drivers/STM32G4xx_HAL_Driver/Src/stm32g4xx_hal_cortex.o
 .text.NVIC_EncodePriority
                0x08002c20       0x66 ./Drivers/STM32G4xx_HAL_Driver/Src/stm32g4xx_hal_cortex.o
 .text.HAL_NVIC_SetPriorityGrouping
                0x08002c86       0x16 ./Drivers/STM32G4xx_HAL_Driver/Src/stm32g4xx_hal_cortex.o
                0x08002c86                HAL_NVIC_SetPriorityGrouping
 .text.HAL_NVIC_SetPriority
                0x08002c9c       0x34 ./Drivers/STM32G4xx_HAL_Driver/Src/stm32g4xx_hal_cortex.o
                0x08002c9c                HAL_NVIC_SetPriority
 .text.HAL_NVIC_EnableIRQ
                0x08002cd0       0x1c ./Drivers/STM32G4xx_HAL_Driver/Src/stm32g4xx_hal_cortex.o
                0x08002cd0                HAL_NVIC_EnableIRQ
 .text.HAL_DMA_Init
                0x08002cec      0x150 ./Drivers/STM32G4xx_HAL_Driver/Src/stm32g4xx_hal_dma.o
                0x08002cec                HAL_DMA_Init
 .text.HAL_DMA_Start_IT
                0x08002e3c       0xf6 ./Drivers/STM32G4xx_HAL_Driver/Src/stm32g4xx_hal_dma.o
                0x08002e3c                HAL_DMA_Start_IT
 .text.HAL_DMA_Abort_IT
                0x08002f32       0xce ./Drivers/STM32G4xx_HAL_Driver/Src/stm32g4xx_hal_dma.o
                0x08002f32                HAL_DMA_Abort_IT
 .text.HAL_DMA_IRQHandler
                0x08003000      0x15e ./Drivers/STM32G4xx_HAL_Driver/Src/stm32g4xx_hal_dma.o
                0x08003000                HAL_DMA_IRQHandler
 .text.DMA_SetConfig
                0x0800315e       0x7c ./Drivers/STM32G4xx_HAL_Driver/Src/stm32g4xx_hal_dma.o
 *fill*         0x080031da        0x2 
 .text.DMA_CalcDMAMUXChannelBaseAndMask
                0x080031dc       0x7c ./Drivers/STM32G4xx_HAL_Driver/Src/stm32g4xx_hal_dma.o
 .text.DMA_CalcDMAMUXRequestGenBaseAndMask
                0x08003258       0x48 ./Drivers/STM32G4xx_HAL_Driver/Src/stm32g4xx_hal_dma.o
 .text.HAL_GPIO_Init
                0x080032a0      0x304 ./Drivers/STM32G4xx_HAL_Driver/Src/stm32g4xx_hal_gpio.o
                0x080032a0                HAL_GPIO_Init
 .text.HAL_GPIO_DeInit
                0x080035a4      0x1c4 ./Drivers/STM32G4xx_HAL_Driver/Src/stm32g4xx_hal_gpio.o
                0x080035a4                HAL_GPIO_DeInit
 .text.HAL_GPIO_ReadPin
                0x08003768       0x30 ./Drivers/STM32G4xx_HAL_Driver/Src/stm32g4xx_hal_gpio.o
                0x08003768                HAL_GPIO_ReadPin
 .text.HAL_GPIO_WritePin
                0x08003798       0x30 ./Drivers/STM32G4xx_HAL_Driver/Src/stm32g4xx_hal_gpio.o
                0x08003798                HAL_GPIO_WritePin
 .text.HAL_PCD_Init
                0x080037c8      0x19c ./Drivers/STM32G4xx_HAL_Driver/Src/stm32g4xx_hal_pcd.o
                0x080037c8                HAL_PCD_Init
 .text.HAL_PCD_Start
                0x08003964       0x44 ./Drivers/STM32G4xx_HAL_Driver/Src/stm32g4xx_hal_pcd.o
                0x08003964                HAL_PCD_Start
 .text.HAL_PCD_IRQHandler
                0x080039a8      0x24e ./Drivers/STM32G4xx_HAL_Driver/Src/stm32g4xx_hal_pcd.o
                0x080039a8                HAL_PCD_IRQHandler
 .text.HAL_PCD_SetAddress
                0x08003bf6       0x48 ./Drivers/STM32G4xx_HAL_Driver/Src/stm32g4xx_hal_pcd.o
                0x08003bf6                HAL_PCD_SetAddress
 .text.HAL_PCD_EP_Open
                0x08003c3e       0xbe ./Drivers/STM32G4xx_HAL_Driver/Src/stm32g4xx_hal_pcd.o
                0x08003c3e                HAL_PCD_EP_Open
 .text.HAL_PCD_EP_Close
                0x08003cfc       0x90 ./Drivers/STM32G4xx_HAL_Driver/Src/stm32g4xx_hal_pcd.o
                0x08003cfc                HAL_PCD_EP_Close
 .text.HAL_PCD_EP_Receive
                0x08003d8c       0x62 ./Drivers/STM32G4xx_HAL_Driver/Src/stm32g4xx_hal_pcd.o
                0x08003d8c                HAL_PCD_EP_Receive
 .text.HAL_PCD_EP_GetRxCount
                0x08003dee       0x30 ./Drivers/STM32G4xx_HAL_Driver/Src/stm32g4xx_hal_pcd.o
                0x08003dee                HAL_PCD_EP_GetRxCount
 .text.HAL_PCD_EP_Transmit
                0x08003e1e       0x6e ./Drivers/STM32G4xx_HAL_Driver/Src/stm32g4xx_hal_pcd.o
                0x08003e1e                HAL_PCD_EP_Transmit
 .text.HAL_PCD_EP_SetStall
                0x08003e8c       0xa4 ./Drivers/STM32G4xx_HAL_Driver/Src/stm32g4xx_hal_pcd.o
                0x08003e8c                HAL_PCD_EP_SetStall
 .text.HAL_PCD_EP_ClrStall
                0x08003f30       0xa8 ./Drivers/STM32G4xx_HAL_Driver/Src/stm32g4xx_hal_pcd.o
                0x08003f30                HAL_PCD_EP_ClrStall
 .text.PCD_EP_ISR_Handler
                0x08003fd8      0x68e ./Drivers/STM32G4xx_HAL_Driver/Src/stm32g4xx_hal_pcd.o
 .text.HAL_PCD_EP_DB_Receive
                0x08004666      0x212 ./Drivers/STM32G4xx_HAL_Driver/Src/stm32g4xx_hal_pcd.o
 .text.HAL_PCD_EP_DB_Transmit
                0x08004878      0x878 ./Drivers/STM32G4xx_HAL_Driver/Src/stm32g4xx_hal_pcd.o
 .text.HAL_PCDEx_PMAConfig
                0x080050f0       0x86 ./Drivers/STM32G4xx_HAL_Driver/Src/stm32g4xx_hal_pcd_ex.o
                0x080050f0                HAL_PCDEx_PMAConfig
 .text.HAL_PCDEx_ActivateLPM
                0x08005176       0x54 ./Drivers/STM32G4xx_HAL_Driver/Src/stm32g4xx_hal_pcd_ex.o
                0x08005176                HAL_PCDEx_ActivateLPM
 *fill*         0x080051ca        0x2 
 .text.HAL_PWREx_ControlVoltageScaling
                0x080051cc      0x148 ./Drivers/STM32G4xx_HAL_Driver/Src/stm32g4xx_hal_pwr_ex.o
                0x080051cc                HAL_PWREx_ControlVoltageScaling
 .text.HAL_PWREx_DisableUCPDDeadBattery
                0x08005314       0x20 ./Drivers/STM32G4xx_HAL_Driver/Src/stm32g4xx_hal_pwr_ex.o
                0x08005314                HAL_PWREx_DisableUCPDDeadBattery
 .text.HAL_RCC_OscConfig
                0x08005334      0x624 ./Drivers/STM32G4xx_HAL_Driver/Src/stm32g4xx_hal_rcc.o
                0x08005334                HAL_RCC_OscConfig
 .text.HAL_RCC_ClockConfig
                0x08005958      0x278 ./Drivers/STM32G4xx_HAL_Driver/Src/stm32g4xx_hal_rcc.o
                0x08005958                HAL_RCC_ClockConfig
 .text.HAL_RCC_GetSysClockFreq
                0x08005bd0       0xc4 ./Drivers/STM32G4xx_HAL_Driver/Src/stm32g4xx_hal_rcc.o
                0x08005bd0                HAL_RCC_GetSysClockFreq
 .text.HAL_RCC_GetHCLKFreq
                0x08005c94       0x18 ./Drivers/STM32G4xx_HAL_Driver/Src/stm32g4xx_hal_rcc.o
                0x08005c94                HAL_RCC_GetHCLKFreq
 .text.HAL_RCC_GetPCLK1Freq
                0x08005cac       0x2c ./Drivers/STM32G4xx_HAL_Driver/Src/stm32g4xx_hal_rcc.o
                0x08005cac                HAL_RCC_GetPCLK1Freq
 .text.HAL_RCC_GetPCLK2Freq
                0x08005cd8       0x2c ./Drivers/STM32G4xx_HAL_Driver/Src/stm32g4xx_hal_rcc.o
                0x08005cd8                HAL_RCC_GetPCLK2Freq
 .text.HAL_RCC_GetClockConfig
                0x08005d04       0x64 ./Drivers/STM32G4xx_HAL_Driver/Src/stm32g4xx_hal_rcc.o
                0x08005d04                HAL_RCC_GetClockConfig
 .text.RCC_GetSysClockFreqFromPLLSource
                0x08005d68       0x8c ./Drivers/STM32G4xx_HAL_Driver/Src/stm32g4xx_hal_rcc.o
 .text.HAL_RCCEx_PeriphCLKConfig
                0x08005df4      0x49c ./Drivers/STM32G4xx_HAL_Driver/Src/stm32g4xx_hal_rcc_ex.o
                0x08005df4                HAL_RCCEx_PeriphCLKConfig
 .text.HAL_SPI_Init
                0x08006290      0x156 ./Drivers/STM32G4xx_HAL_Driver/Src/stm32g4xx_hal_spi.o
                0x08006290                HAL_SPI_Init
 .text.HAL_TIM_Base_Init
                0x080063e6       0xae ./Drivers/STM32G4xx_HAL_Driver/Src/stm32g4xx_hal_tim.o
                0x080063e6                HAL_TIM_Base_Init
 .text.HAL_TIM_Base_Stop
                0x08006494       0x4e ./Drivers/STM32G4xx_HAL_Driver/Src/stm32g4xx_hal_tim.o
                0x08006494                HAL_TIM_Base_Stop
 *fill*         0x080064e2        0x2 
 .text.HAL_TIM_Base_Start_IT
                0x080064e4       0xf0 ./Drivers/STM32G4xx_HAL_Driver/Src/stm32g4xx_hal_tim.o
                0x080064e4                HAL_TIM_Base_Start_IT
 .text.HAL_TIM_PWM_Init
                0x080065d4       0xae ./Drivers/STM32G4xx_HAL_Driver/Src/stm32g4xx_hal_tim.o
                0x080065d4                HAL_TIM_PWM_Init
 *fill*         0x08006682        0x2 
 .text.HAL_TIM_PWM_Start
                0x08006684      0x224 ./Drivers/STM32G4xx_HAL_Driver/Src/stm32g4xx_hal_tim.o
                0x08006684                HAL_TIM_PWM_Start
 .text.HAL_TIM_PWM_Stop
                0x080068a8      0x138 ./Drivers/STM32G4xx_HAL_Driver/Src/stm32g4xx_hal_tim.o
                0x080068a8                HAL_TIM_PWM_Stop
 .text.HAL_TIM_PWM_Start_DMA
                0x080069e0      0x458 ./Drivers/STM32G4xx_HAL_Driver/Src/stm32g4xx_hal_tim.o
                0x080069e0                HAL_TIM_PWM_Start_DMA
 .text.HAL_TIM_PWM_Stop_DMA
                0x08006e38      0x1fc ./Drivers/STM32G4xx_HAL_Driver/Src/stm32g4xx_hal_tim.o
                0x08006e38                HAL_TIM_PWM_Stop_DMA
 .text.HAL_TIM_IRQHandler
                0x08007034      0x29e ./Drivers/STM32G4xx_HAL_Driver/Src/stm32g4xx_hal_tim.o
                0x08007034                HAL_TIM_IRQHandler
 *fill*         0x080072d2        0x2 
 .text.HAL_TIM_PWM_ConfigChannel
                0x080072d4      0x228 ./Drivers/STM32G4xx_HAL_Driver/Src/stm32g4xx_hal_tim.o
                0x080072d4                HAL_TIM_PWM_ConfigChannel
 .text.HAL_TIM_ConfigClockSource
                0x080074fc      0x218 ./Drivers/STM32G4xx_HAL_Driver/Src/stm32g4xx_hal_tim.o
                0x080074fc                HAL_TIM_ConfigClockSource
 .text.HAL_TIM_SlaveConfigSynchro
                0x08007714       0x84 ./Drivers/STM32G4xx_HAL_Driver/Src/stm32g4xx_hal_tim.o
                0x08007714                HAL_TIM_SlaveConfigSynchro
 .text.HAL_TIM_OC_DelayElapsedCallback
                0x08007798       0x14 ./Drivers/STM32G4xx_HAL_Driver/Src/stm32g4xx_hal_tim.o
                0x08007798                HAL_TIM_OC_DelayElapsedCallback
 .text.HAL_TIM_IC_CaptureCallback
                0x080077ac       0x14 ./Drivers/STM32G4xx_HAL_Driver/Src/stm32g4xx_hal_tim.o
                0x080077ac                HAL_TIM_IC_CaptureCallback
 .text.HAL_TIM_PWM_PulseFinishedHalfCpltCallback
                0x080077c0       0x14 ./Drivers/STM32G4xx_HAL_Driver/Src/stm32g4xx_hal_tim.o
                0x080077c0                HAL_TIM_PWM_PulseFinishedHalfCpltCallback
 .text.HAL_TIM_TriggerCallback
                0x080077d4       0x14 ./Drivers/STM32G4xx_HAL_Driver/Src/stm32g4xx_hal_tim.o
                0x080077d4                HAL_TIM_TriggerCallback
 .text.HAL_TIM_ErrorCallback
                0x080077e8       0x14 ./Drivers/STM32G4xx_HAL_Driver/Src/stm32g4xx_hal_tim.o
                0x080077e8                HAL_TIM_ErrorCallback
 .text.TIM_DMAError
                0x080077fc       0x92 ./Drivers/STM32G4xx_HAL_Driver/Src/stm32g4xx_hal_tim.o
                0x080077fc                TIM_DMAError
 .text.TIM_DMADelayPulseCplt
                0x0800788e       0xa8 ./Drivers/STM32G4xx_HAL_Driver/Src/stm32g4xx_hal_tim.o
 .text.TIM_DMADelayPulseHalfCplt
                0x08007936       0x68 ./Drivers/STM32G4xx_HAL_Driver/Src/stm32g4xx_hal_tim.o
                0x08007936                TIM_DMADelayPulseHalfCplt
 *fill*         0x0800799e        0x2 
 .text.TIM_Base_SetConfig
                0x080079a0      0x168 ./Drivers/STM32G4xx_HAL_Driver/Src/stm32g4xx_hal_tim.o
                0x080079a0                TIM_Base_SetConfig
 .text.TIM_OC1_SetConfig
                0x08007b08      0x134 ./Drivers/STM32G4xx_HAL_Driver/Src/stm32g4xx_hal_tim.o
 .text.TIM_OC2_SetConfig
                0x08007c3c      0x128 ./Drivers/STM32G4xx_HAL_Driver/Src/stm32g4xx_hal_tim.o
                0x08007c3c                TIM_OC2_SetConfig
 .text.TIM_OC3_SetConfig
                0x08007d64      0x124 ./Drivers/STM32G4xx_HAL_Driver/Src/stm32g4xx_hal_tim.o
 .text.TIM_OC4_SetConfig
                0x08007e88      0x128 ./Drivers/STM32G4xx_HAL_Driver/Src/stm32g4xx_hal_tim.o
 .text.TIM_OC5_SetConfig
                0x08007fb0       0xd4 ./Drivers/STM32G4xx_HAL_Driver/Src/stm32g4xx_hal_tim.o
 .text.TIM_OC6_SetConfig
                0x08008084       0xd8 ./Drivers/STM32G4xx_HAL_Driver/Src/stm32g4xx_hal_tim.o
 .text.TIM_SlaveTimer_SetConfig
                0x0800815c      0x1ac ./Drivers/STM32G4xx_HAL_Driver/Src/stm32g4xx_hal_tim.o
 .text.TIM_TI1_ConfigInputStage
                0x08008308       0x5e ./Drivers/STM32G4xx_HAL_Driver/Src/stm32g4xx_hal_tim.o
 .text.TIM_TI2_ConfigInputStage
                0x08008366       0x60 ./Drivers/STM32G4xx_HAL_Driver/Src/stm32g4xx_hal_tim.o
 .text.TIM_ITRx_SetConfig
                0x080083c6       0x3a ./Drivers/STM32G4xx_HAL_Driver/Src/stm32g4xx_hal_tim.o
 .text.TIM_ETR_SetConfig
                0x08008400       0x40 ./Drivers/STM32G4xx_HAL_Driver/Src/stm32g4xx_hal_tim.o
                0x08008400                TIM_ETR_SetConfig
 .text.TIM_CCxChannelCmd
                0x08008440       0x4a ./Drivers/STM32G4xx_HAL_Driver/Src/stm32g4xx_hal_tim.o
                0x08008440                TIM_CCxChannelCmd
 *fill*         0x0800848a        0x2 
 .text.HAL_TIMEx_PWMN_Start
                0x0800848c      0x184 ./Drivers/STM32G4xx_HAL_Driver/Src/stm32g4xx_hal_tim_ex.o
                0x0800848c                HAL_TIMEx_PWMN_Start
 .text.HAL_TIMEx_PWMN_Stop
                0x08008610       0xba ./Drivers/STM32G4xx_HAL_Driver/Src/stm32g4xx_hal_tim_ex.o
                0x08008610                HAL_TIMEx_PWMN_Stop
 *fill*         0x080086ca        0x2 
 .text.HAL_TIMEx_MasterConfigSynchronization
                0x080086cc      0x12c ./Drivers/STM32G4xx_HAL_Driver/Src/stm32g4xx_hal_tim_ex.o
                0x080086cc                HAL_TIMEx_MasterConfigSynchronization
 .text.HAL_TIMEx_ConfigBreakDeadTime
                0x080087f8      0x128 ./Drivers/STM32G4xx_HAL_Driver/Src/stm32g4xx_hal_tim_ex.o
                0x080087f8                HAL_TIMEx_ConfigBreakDeadTime
 .text.HAL_TIMEx_CommutCallback
                0x08008920       0x14 ./Drivers/STM32G4xx_HAL_Driver/Src/stm32g4xx_hal_tim_ex.o
                0x08008920                HAL_TIMEx_CommutCallback
 .text.HAL_TIMEx_BreakCallback
                0x08008934       0x14 ./Drivers/STM32G4xx_HAL_Driver/Src/stm32g4xx_hal_tim_ex.o
                0x08008934                HAL_TIMEx_BreakCallback
 .text.HAL_TIMEx_Break2Callback
                0x08008948       0x14 ./Drivers/STM32G4xx_HAL_Driver/Src/stm32g4xx_hal_tim_ex.o
                0x08008948                HAL_TIMEx_Break2Callback
 .text.HAL_TIMEx_EncoderIndexCallback
                0x0800895c       0x14 ./Drivers/STM32G4xx_HAL_Driver/Src/stm32g4xx_hal_tim_ex.o
                0x0800895c                HAL_TIMEx_EncoderIndexCallback
 .text.HAL_TIMEx_DirectionChangeCallback
                0x08008970       0x14 ./Drivers/STM32G4xx_HAL_Driver/Src/stm32g4xx_hal_tim_ex.o
                0x08008970                HAL_TIMEx_DirectionChangeCallback
 .text.HAL_TIMEx_IndexErrorCallback
                0x08008984       0x14 ./Drivers/STM32G4xx_HAL_Driver/Src/stm32g4xx_hal_tim_ex.o
                0x08008984                HAL_TIMEx_IndexErrorCallback
 .text.HAL_TIMEx_TransitionErrorCallback
                0x08008998       0x14 ./Drivers/STM32G4xx_HAL_Driver/Src/stm32g4xx_hal_tim_ex.o
                0x08008998                HAL_TIMEx_TransitionErrorCallback
 .text.TIM_CCxNChannelCmd
                0x080089ac       0x4a ./Drivers/STM32G4xx_HAL_Driver/Src/stm32g4xx_hal_tim_ex.o
 .text.USB_EnableGlobalInt
                0x080089f6       0x2e ./Drivers/STM32G4xx_HAL_Driver/Src/stm32g4xx_ll_usb.o
                0x080089f6                USB_EnableGlobalInt
 .text.USB_DisableGlobalInt
                0x08008a24       0x36 ./Drivers/STM32G4xx_HAL_Driver/Src/stm32g4xx_ll_usb.o
                0x08008a24                USB_DisableGlobalInt
 .text.USB_DevInit
                0x08008a5a       0x3c ./Drivers/STM32G4xx_HAL_Driver/Src/stm32g4xx_ll_usb.o
                0x08008a5a                USB_DevInit
 *fill*         0x08008a96        0x2 
 .text.USB_ActivateEndpoint
                0x08008a98      0x9d0 ./Drivers/STM32G4xx_HAL_Driver/Src/stm32g4xx_ll_usb.o
                0x08008a98                USB_ActivateEndpoint
 .text.USB_DeactivateEndpoint
                0x08009468      0x3da ./Drivers/STM32G4xx_HAL_Driver/Src/stm32g4xx_ll_usb.o
                0x08009468                USB_DeactivateEndpoint
 .text.USB_EPStartXfer
                0x08009842      0xb5e ./Drivers/STM32G4xx_HAL_Driver/Src/stm32g4xx_ll_usb.o
                0x08009842                USB_EPStartXfer
 .text.USB_EPSetStall
                0x0800a3a0       0xa2 ./Drivers/STM32G4xx_HAL_Driver/Src/stm32g4xx_ll_usb.o
                0x0800a3a0                USB_EPSetStall
 .text.USB_EPClearStall
                0x0800a442      0x152 ./Drivers/STM32G4xx_HAL_Driver/Src/stm32g4xx_ll_usb.o
                0x0800a442                USB_EPClearStall
 .text.USB_SetDevAddress
                0x0800a594       0x28 ./Drivers/STM32G4xx_HAL_Driver/Src/stm32g4xx_ll_usb.o
                0x0800a594                USB_SetDevAddress
 .text.USB_DevConnect
                0x0800a5bc       0x2e ./Drivers/STM32G4xx_HAL_Driver/Src/stm32g4xx_ll_usb.o
                0x0800a5bc                USB_DevConnect
 .text.USB_ReadInterrupts
                0x0800a5ea       0x20 ./Drivers/STM32G4xx_HAL_Driver/Src/stm32g4xx_ll_usb.o
                0x0800a5ea                USB_ReadInterrupts
 .text.USB_WritePMA
                0x0800a60a       0x86 ./Drivers/STM32G4xx_HAL_Driver/Src/stm32g4xx_ll_usb.o
                0x0800a60a                USB_WritePMA
 .text.USB_ReadPMA
                0x0800a690       0x98 ./Drivers/STM32G4xx_HAL_Driver/Src/stm32g4xx_ll_usb.o
                0x0800a690                USB_ReadPMA
 .text.USBD_CDC_Init
                0x0800a728       0xfe ./Middlewares/ST/STM32_USB_Device_Library/Class/CDC/Src/usbd_cdc.o
 .text.USBD_CDC_DeInit
                0x0800a826       0x74 ./Middlewares/ST/STM32_USB_Device_Library/Class/CDC/Src/usbd_cdc.o
 *fill*         0x0800a89a        0x2 
 .text.USBD_CDC_Setup
                0x0800a89c      0x190 ./Middlewares/ST/STM32_USB_Device_Library/Class/CDC/Src/usbd_cdc.o
 .text.USBD_CDC_DataIn
                0x0800aa2c       0xca ./Middlewares/ST/STM32_USB_Device_Library/Class/CDC/Src/usbd_cdc.o
 .text.USBD_CDC_DataOut
                0x0800aaf6       0x56 ./Middlewares/ST/STM32_USB_Device_Library/Class/CDC/Src/usbd_cdc.o
 .text.USBD_CDC_EP0_RxReady
                0x0800ab4c       0x58 ./Middlewares/ST/STM32_USB_Device_Library/Class/CDC/Src/usbd_cdc.o
 .text.USBD_CDC_GetFSCfgDesc
                0x0800aba4       0x20 ./Middlewares/ST/STM32_USB_Device_Library/Class/CDC/Src/usbd_cdc.o
 .text.USBD_CDC_GetHSCfgDesc
                0x0800abc4       0x20 ./Middlewares/ST/STM32_USB_Device_Library/Class/CDC/Src/usbd_cdc.o
 .text.USBD_CDC_GetOtherSpeedCfgDesc
                0x0800abe4       0x20 ./Middlewares/ST/STM32_USB_Device_Library/Class/CDC/Src/usbd_cdc.o
 .text.USBD_CDC_GetDeviceQualifierDescriptor
                0x0800ac04       0x20 ./Middlewares/ST/STM32_USB_Device_Library/Class/CDC/Src/usbd_cdc.o
                0x0800ac04                USBD_CDC_GetDeviceQualifierDescriptor
 .text.USBD_CDC_RegisterInterface
                0x0800ac24       0x2a ./Middlewares/ST/STM32_USB_Device_Library/Class/CDC/Src/usbd_cdc.o
                0x0800ac24                USBD_CDC_RegisterInterface
 .text.USBD_CDC_SetTxBuffer
                0x0800ac4e       0x3c ./Middlewares/ST/STM32_USB_Device_Library/Class/CDC/Src/usbd_cdc.o
                0x0800ac4e                USBD_CDC_SetTxBuffer
 .text.USBD_CDC_SetRxBuffer
                0x0800ac8a       0x32 ./Middlewares/ST/STM32_USB_Device_Library/Class/CDC/Src/usbd_cdc.o
                0x0800ac8a                USBD_CDC_SetRxBuffer
 .text.USBD_CDC_TransmitPacket
                0x0800acbc       0x60 ./Middlewares/ST/STM32_USB_Device_Library/Class/CDC/Src/usbd_cdc.o
                0x0800acbc                USBD_CDC_TransmitPacket
 .text.USBD_CDC_ReceivePacket
                0x0800ad1c       0x54 ./Middlewares/ST/STM32_USB_Device_Library/Class/CDC/Src/usbd_cdc.o
                0x0800ad1c                USBD_CDC_ReceivePacket
 .text.USBD_Init
                0x0800ad70       0x60 ./Middlewares/ST/STM32_USB_Device_Library/Core/Src/usbd_core.o
                0x0800ad70                USBD_Init
 .text.USBD_RegisterClass
                0x0800add0       0x4e ./Middlewares/ST/STM32_USB_Device_Library/Core/Src/usbd_core.o
                0x0800add0                USBD_RegisterClass
 .text.USBD_Start
                0x0800ae1e       0x18 ./Middlewares/ST/STM32_USB_Device_Library/Core/Src/usbd_core.o
                0x0800ae1e                USBD_Start
 .text.USBD_RunTestMode
                0x0800ae36       0x16 ./Middlewares/ST/STM32_USB_Device_Library/Core/Src/usbd_core.o
                0x0800ae36                USBD_RunTestMode
 .text.USBD_SetClassConfig
                0x0800ae4c       0x38 ./Middlewares/ST/STM32_USB_Device_Library/Core/Src/usbd_core.o
                0x0800ae4c                USBD_SetClassConfig
 .text.USBD_ClrClassConfig
                0x0800ae84       0x30 ./Middlewares/ST/STM32_USB_Device_Library/Core/Src/usbd_core.o
                0x0800ae84                USBD_ClrClassConfig
 .text.USBD_LL_SetupStage
                0x0800aeb4       0xaa ./Middlewares/ST/STM32_USB_Device_Library/Core/Src/usbd_core.o
                0x0800aeb4                USBD_LL_SetupStage
 .text.USBD_LL_DataOutStage
                0x0800af5e       0xc6 ./Middlewares/ST/STM32_USB_Device_Library/Core/Src/usbd_core.o
                0x0800af5e                USBD_LL_DataOutStage
 .text.USBD_LL_DataInStage
                0x0800b024      0x12c ./Middlewares/ST/STM32_USB_Device_Library/Core/Src/usbd_core.o
                0x0800b024                USBD_LL_DataInStage
 .text.USBD_LL_Reset
                0x0800b150       0x9c ./Middlewares/ST/STM32_USB_Device_Library/Core/Src/usbd_core.o
                0x0800b150                USBD_LL_Reset
 .text.USBD_LL_SetSpeed
                0x0800b1ec       0x20 ./Middlewares/ST/STM32_USB_Device_Library/Core/Src/usbd_core.o
                0x0800b1ec                USBD_LL_SetSpeed
 .text.USBD_LL_Suspend
                0x0800b20c       0x2c ./Middlewares/ST/STM32_USB_Device_Library/Core/Src/usbd_core.o
                0x0800b20c                USBD_LL_Suspend
 .text.USBD_LL_Resume
                0x0800b238       0x30 ./Middlewares/ST/STM32_USB_Device_Library/Core/Src/usbd_core.o
                0x0800b238                USBD_LL_Resume
 .text.USBD_LL_SOF
                0x0800b268       0x44 ./Middlewares/ST/STM32_USB_Device_Library/Core/Src/usbd_core.o
                0x0800b268                USBD_LL_SOF
 .text.SWAPBYTE
                0x0800b2ac       0x3e ./Middlewares/ST/STM32_USB_Device_Library/Core/Src/usbd_ctlreq.o
 *fill*         0x0800b2ea        0x2 
 .text.USBD_StdDevReq
                0x0800b2ec       0xdc ./Middlewares/ST/STM32_USB_Device_Library/Core/Src/usbd_ctlreq.o
                0x0800b2ec                USBD_StdDevReq
 .text.USBD_StdItfReq
                0x0800b3c8       0x92 ./Middlewares/ST/STM32_USB_Device_Library/Core/Src/usbd_ctlreq.o
                0x0800b3c8                USBD_StdItfReq
 .text.USBD_StdEPReq
                0x0800b45a      0x2c4 ./Middlewares/ST/STM32_USB_Device_Library/Core/Src/usbd_ctlreq.o
                0x0800b45a                USBD_StdEPReq
 *fill*         0x0800b71e        0x2 
 .text.USBD_GetDescriptor
                0x0800b720      0x328 ./Middlewares/ST/STM32_USB_Device_Library/Core/Src/usbd_ctlreq.o
 .text.USBD_SetAddress
                0x0800ba48       0x88 ./Middlewares/ST/STM32_USB_Device_Library/Core/Src/usbd_ctlreq.o
 .text.USBD_SetConfig
                0x0800bad0      0x14c ./Middlewares/ST/STM32_USB_Device_Library/Core/Src/usbd_ctlreq.o
 .text.USBD_GetConfig
                0x0800bc1c       0x6c ./Middlewares/ST/STM32_USB_Device_Library/Core/Src/usbd_ctlreq.o
 .text.USBD_GetStatus
                0x0800bc88       0x68 ./Middlewares/ST/STM32_USB_Device_Library/Core/Src/usbd_ctlreq.o
 .text.USBD_SetFeature
                0x0800bcf0       0x28 ./Middlewares/ST/STM32_USB_Device_Library/Core/Src/usbd_ctlreq.o
 .text.USBD_ClrFeature
                0x0800bd18       0x44 ./Middlewares/ST/STM32_USB_Device_Library/Core/Src/usbd_ctlreq.o
 .text.USBD_ParseSetupRequest
                0x0800bd5c       0x74 ./Middlewares/ST/STM32_USB_Device_Library/Core/Src/usbd_ctlreq.o
                0x0800bd5c                USBD_ParseSetupRequest
 .text.USBD_CtlError
                0x0800bdd0       0x22 ./Middlewares/ST/STM32_USB_Device_Library/Core/Src/usbd_ctlreq.o
                0x0800bdd0                USBD_CtlError
 .text.USBD_GetString
                0x0800bdf2       0x8c ./Middlewares/ST/STM32_USB_Device_Library/Core/Src/usbd_ctlreq.o
                0x0800bdf2                USBD_GetString
 .text.USBD_GetLen
                0x0800be7e       0x34 ./Middlewares/ST/STM32_USB_Device_Library/Core/Src/usbd_ctlreq.o
 .text.USBD_CtlSendData
                0x0800beb2       0x36 ./Middlewares/ST/STM32_USB_Device_Library/Core/Src/usbd_ioreq.o
                0x0800beb2                USBD_CtlSendData
 .text.USBD_CtlContinueSendData
                0x0800bee8       0x22 ./Middlewares/ST/STM32_USB_Device_Library/Core/Src/usbd_ioreq.o
                0x0800bee8                USBD_CtlContinueSendData
 .text.USBD_CtlPrepareRx
                0x0800bf0a       0x3a ./Middlewares/ST/STM32_USB_Device_Library/Core/Src/usbd_ioreq.o
                0x0800bf0a                USBD_CtlPrepareRx
 .text.USBD_CtlContinueRx
                0x0800bf44       0x22 ./Middlewares/ST/STM32_USB_Device_Library/Core/Src/usbd_ioreq.o
                0x0800bf44                USBD_CtlContinueRx
 .text.USBD_CtlSendStatus
                0x0800bf66       0x26 ./Middlewares/ST/STM32_USB_Device_Library/Core/Src/usbd_ioreq.o
                0x0800bf66                USBD_CtlSendStatus
 .text.USBD_CtlReceiveStatus
                0x0800bf8c       0x26 ./Middlewares/ST/STM32_USB_Device_Library/Core/Src/usbd_ioreq.o
                0x0800bf8c                USBD_CtlReceiveStatus
 *fill*         0x0800bfb2        0x2 
 .text.__NVIC_SetPriority
                0x0800bfb4       0x54 ./Middlewares/Third_Party/FreeRTOS/Source/CMSIS_RTOS_V2/cmsis_os2.o
 .text.SysTick_Handler
                0x0800c008       0x20 ./Middlewares/Third_Party/FreeRTOS/Source/CMSIS_RTOS_V2/cmsis_os2.o
                0x0800c008                SysTick_Handler
 .text.SVC_Setup
                0x0800c028       0x12 ./Middlewares/Third_Party/FreeRTOS/Source/CMSIS_RTOS_V2/cmsis_os2.o
 *fill*         0x0800c03a        0x2 
 .text.osKernelInitialize
                0x0800c03c       0x48 ./Middlewares/Third_Party/FreeRTOS/Source/CMSIS_RTOS_V2/cmsis_os2.o
                0x0800c03c                osKernelInitialize
 .text.osKernelStart
                0x0800c084       0x4c ./Middlewares/Third_Party/FreeRTOS/Source/CMSIS_RTOS_V2/cmsis_os2.o
                0x0800c084                osKernelStart
 .text.osThreadNew
                0x0800c0d0      0x124 ./Middlewares/Third_Party/FreeRTOS/Source/CMSIS_RTOS_V2/cmsis_os2.o
                0x0800c0d0                osThreadNew
 .text.osDelay  0x0800c1f4       0x36 ./Middlewares/Third_Party/FreeRTOS/Source/CMSIS_RTOS_V2/cmsis_os2.o
                0x0800c1f4                osDelay
 *fill*         0x0800c22a        0x2 
 .text.vApplicationGetIdleTaskMemory
                0x0800c22c       0x34 ./Middlewares/Third_Party/FreeRTOS/Source/CMSIS_RTOS_V2/cmsis_os2.o
                0x0800c22c                vApplicationGetIdleTaskMemory
 .text.vApplicationGetTimerTaskMemory
                0x0800c260       0x34 ./Middlewares/Third_Party/FreeRTOS/Source/CMSIS_RTOS_V2/cmsis_os2.o
                0x0800c260                vApplicationGetTimerTaskMemory
 .text.vListInitialise
                0x0800c294       0x40 ./Middlewares/Third_Party/FreeRTOS/Source/list.o
                0x0800c294                vListInitialise
 .text.vListInitialiseItem
                0x0800c2d4       0x1a ./Middlewares/Third_Party/FreeRTOS/Source/list.o
                0x0800c2d4                vListInitialiseItem
 .text.vListInsertEnd
                0x0800c2ee       0x48 ./Middlewares/Third_Party/FreeRTOS/Source/list.o
                0x0800c2ee                vListInsertEnd
 .text.vListInsert
                0x0800c336       0x72 ./Middlewares/Third_Party/FreeRTOS/Source/list.o
                0x0800c336                vListInsert
 .text.uxListRemove
                0x0800c3a8       0x54 ./Middlewares/Third_Party/FreeRTOS/Source/list.o
                0x0800c3a8                uxListRemove
 .text.xQueueGenericReset
                0x0800c3fc       0xd4 ./Middlewares/Third_Party/FreeRTOS/Source/queue.o
                0x0800c3fc                xQueueGenericReset
 .text.xQueueGenericCreateStatic
                0x0800c4d0       0xfa ./Middlewares/Third_Party/FreeRTOS/Source/queue.o
                0x0800c4d0                xQueueGenericCreateStatic
 .text.prvInitialiseNewQueue
                0x0800c5ca       0x46 ./Middlewares/Third_Party/FreeRTOS/Source/queue.o
 .text.xQueueGenericSend
                0x0800c610      0x204 ./Middlewares/Third_Party/FreeRTOS/Source/queue.o
                0x0800c610                xQueueGenericSend
 .text.xQueueGenericSendFromISR
                0x0800c814      0x13c ./Middlewares/Third_Party/FreeRTOS/Source/queue.o
                0x0800c814                xQueueGenericSendFromISR
 .text.xQueueGiveFromISR
                0x0800c950      0x120 ./Middlewares/Third_Party/FreeRTOS/Source/queue.o
                0x0800c950                xQueueGiveFromISR
 .text.xQueueReceive
                0x0800ca70      0x1c4 ./Middlewares/Third_Party/FreeRTOS/Source/queue.o
                0x0800ca70                xQueueReceive
 .text.xQueueSemaphoreTake
                0x0800cc34      0x220 ./Middlewares/Third_Party/FreeRTOS/Source/queue.o
                0x0800cc34                xQueueSemaphoreTake
 .text.vQueueDelete
                0x0800ce54       0x48 ./Middlewares/Third_Party/FreeRTOS/Source/queue.o
                0x0800ce54                vQueueDelete
 .text.prvGetDisinheritPriorityAfterTimeout
                0x0800ce9c       0x30 ./Middlewares/Third_Party/FreeRTOS/Source/queue.o
 .text.prvCopyDataToQueue
                0x0800cecc       0xd4 ./Middlewares/Third_Party/FreeRTOS/Source/queue.o
 .text.prvCopyDataFromQueue
                0x0800cfa0       0x4c ./Middlewares/Third_Party/FreeRTOS/Source/queue.o
 .text.prvUnlockQueue
                0x0800cfec       0xa4 ./Middlewares/Third_Party/FreeRTOS/Source/queue.o
 .text.prvIsQueueEmpty
                0x0800d090       0x2c ./Middlewares/Third_Party/FreeRTOS/Source/queue.o
 .text.prvIsQueueFull
                0x0800d0bc       0x30 ./Middlewares/Third_Party/FreeRTOS/Source/queue.o
 .text.vQueueAddToRegistry
                0x0800d0ec       0x54 ./Middlewares/Third_Party/FreeRTOS/Source/queue.o
                0x0800d0ec                vQueueAddToRegistry
 .text.vQueueUnregisterQueue
                0x0800d140       0x54 ./Middlewares/Third_Party/FreeRTOS/Source/queue.o
                0x0800d140                vQueueUnregisterQueue
 .text.vQueueWaitForMessageRestricted
                0x0800d194       0x68 ./Middlewares/Third_Party/FreeRTOS/Source/queue.o
                0x0800d194                vQueueWaitForMessageRestricted
 .text.xTaskCreateStatic
                0x0800d1fc       0xc0 ./Middlewares/Third_Party/FreeRTOS/Source/tasks.o
                0x0800d1fc                xTaskCreateStatic
 .text.xTaskCreate
                0x0800d2bc       0x8a ./Middlewares/Third_Party/FreeRTOS/Source/tasks.o
                0x0800d2bc                xTaskCreate
 .text.prvInitialiseNewTask
                0x0800d346      0x120 ./Middlewares/Third_Party/FreeRTOS/Source/tasks.o
 *fill*         0x0800d466        0x2 
 .text.prvAddNewTaskToReadyList
                0x0800d468       0xe0 ./Middlewares/Third_Party/FreeRTOS/Source/tasks.o
 .text.vTaskDelete
                0x0800d548       0xe8 ./Middlewares/Third_Party/FreeRTOS/Source/tasks.o
                0x0800d548                vTaskDelete
 .text.vTaskDelay
                0x0800d630       0x6c ./Middlewares/Third_Party/FreeRTOS/Source/tasks.o
                0x0800d630                vTaskDelay
 .text.vTaskStartScheduler
                0x0800d69c       0xd0 ./Middlewares/Third_Party/FreeRTOS/Source/tasks.o
                0x0800d69c                vTaskStartScheduler
 .text.vTaskSuspendAll
                0x0800d76c       0x1c ./Middlewares/Third_Party/FreeRTOS/Source/tasks.o
                0x0800d76c                vTaskSuspendAll
 .text.xTaskResumeAll
                0x0800d788      0x13c ./Middlewares/Third_Party/FreeRTOS/Source/tasks.o
                0x0800d788                xTaskResumeAll
 .text.xTaskGetTickCount
                0x0800d8c4       0x20 ./Middlewares/Third_Party/FreeRTOS/Source/tasks.o
                0x0800d8c4                xTaskGetTickCount
 .text.xTaskIncrementTick
                0x0800d8e4      0x174 ./Middlewares/Third_Party/FreeRTOS/Source/tasks.o
                0x0800d8e4                xTaskIncrementTick
 .text.vTaskSwitchContext
                0x0800da58       0xbc ./Middlewares/Third_Party/FreeRTOS/Source/tasks.o
                0x0800da58                vTaskSwitchContext
 .text.vTaskPlaceOnEventList
                0x0800db14       0x4c ./Middlewares/Third_Party/FreeRTOS/Source/tasks.o
                0x0800db14                vTaskPlaceOnEventList
 .text.vTaskPlaceOnEventListRestricted
                0x0800db60       0x58 ./Middlewares/Third_Party/FreeRTOS/Source/tasks.o
                0x0800db60                vTaskPlaceOnEventListRestricted
 .text.xTaskRemoveFromEventList
                0x0800dbb8       0xc8 ./Middlewares/Third_Party/FreeRTOS/Source/tasks.o
                0x0800dbb8                xTaskRemoveFromEventList
 .text.vTaskInternalSetTimeOutState
                0x0800dc80       0x2c ./Middlewares/Third_Party/FreeRTOS/Source/tasks.o
                0x0800dc80                vTaskInternalSetTimeOutState
 .text.xTaskCheckForTimeOut
                0x0800dcac       0xc8 ./Middlewares/Third_Party/FreeRTOS/Source/tasks.o
                0x0800dcac                xTaskCheckForTimeOut
 .text.vTaskMissedYield
                0x0800dd74       0x18 ./Middlewares/Third_Party/FreeRTOS/Source/tasks.o
                0x0800dd74                vTaskMissedYield
 .text.prvIdleTask
                0x0800dd8c       0x30 ./Middlewares/Third_Party/FreeRTOS/Source/tasks.o
 .text.prvInitialiseTaskLists
                0x0800ddbc       0x80 ./Middlewares/Third_Party/FreeRTOS/Source/tasks.o
 .text.prvCheckTasksWaitingTermination
                0x0800de3c       0x5c ./Middlewares/Third_Party/FreeRTOS/Source/tasks.o
 .text.prvDeleteTCB
                0x0800de98       0x60 ./Middlewares/Third_Party/FreeRTOS/Source/tasks.o
 .text.prvResetNextTaskUnblockTime
                0x0800def8       0x40 ./Middlewares/Third_Party/FreeRTOS/Source/tasks.o
 .text.xTaskGetSchedulerState
                0x0800df38       0x3c ./Middlewares/Third_Party/FreeRTOS/Source/tasks.o
                0x0800df38                xTaskGetSchedulerState
 .text.xTaskPriorityInherit
                0x0800df74       0xd0 ./Middlewares/Third_Party/FreeRTOS/Source/tasks.o
                0x0800df74                xTaskPriorityInherit
 .text.xTaskPriorityDisinherit
                0x0800e044       0xe0 ./Middlewares/Third_Party/FreeRTOS/Source/tasks.o
                0x0800e044                xTaskPriorityDisinherit
 .text.vTaskPriorityDisinheritAfterTimeout
                0x0800e124      0x108 ./Middlewares/Third_Party/FreeRTOS/Source/tasks.o
                0x0800e124                vTaskPriorityDisinheritAfterTimeout
 .text.pvTaskIncrementMutexHeldCount
                0x0800e22c       0x28 ./Middlewares/Third_Party/FreeRTOS/Source/tasks.o
                0x0800e22c                pvTaskIncrementMutexHeldCount
 .text.prvAddCurrentTaskToDelayedList
                0x0800e254       0xa8 ./Middlewares/Third_Party/FreeRTOS/Source/tasks.o
 .text.xTimerCreateTimerTask
                0x0800e2fc       0x94 ./Middlewares/Third_Party/FreeRTOS/Source/timers.o
                0x0800e2fc                xTimerCreateTimerTask
 .text.xTimerGenericCommand
                0x0800e390       0x9c ./Middlewares/Third_Party/FreeRTOS/Source/timers.o
                0x0800e390                xTimerGenericCommand
 .text.prvProcessExpiredTimer
                0x0800e42c       0x9c ./Middlewares/Third_Party/FreeRTOS/Source/timers.o
 .text.prvTimerTask
                0x0800e4c8       0x26 ./Middlewares/Third_Party/FreeRTOS/Source/timers.o
 *fill*         0x0800e4ee        0x2 
 .text.prvProcessTimerOrBlockTask
                0x0800e4f0       0x9c ./Middlewares/Third_Party/FreeRTOS/Source/timers.o
 .text.prvGetNextExpireTime
                0x0800e58c       0x48 ./Middlewares/Third_Party/FreeRTOS/Source/timers.o
 .text.prvSampleTimeNow
                0x0800e5d4       0x40 ./Middlewares/Third_Party/FreeRTOS/Source/timers.o
 .text.prvInsertTimerInActiveList
                0x0800e614       0x84 ./Middlewares/Third_Party/FreeRTOS/Source/timers.o
 .text.prvProcessReceivedCommands
                0x0800e698      0x1cc ./Middlewares/Third_Party/FreeRTOS/Source/timers.o
 .text.prvSwitchTimerLists
                0x0800e864       0xcc ./Middlewares/Third_Party/FreeRTOS/Source/timers.o
 .text.prvCheckForValidListAndQueue
                0x0800e930       0x80 ./Middlewares/Third_Party/FreeRTOS/Source/timers.o
 .text.pxPortInitialiseStack
                0x0800e9b0       0x68 ./Middlewares/Third_Party/FreeRTOS/Source/portable/GCC/ARM_CM4F/port.o
                0x0800e9b0                pxPortInitialiseStack
 .text.prvTaskExitError
                0x0800ea18       0x5c ./Middlewares/Third_Party/FreeRTOS/Source/portable/GCC/ARM_CM4F/port.o
 *fill*         0x0800ea74        0xc 
 .text.SVC_Handler
                0x0800ea80       0x28 ./Middlewares/Third_Party/FreeRTOS/Source/portable/GCC/ARM_CM4F/port.o
                0x0800ea80                SVC_Handler
 .text.prvPortStartFirstTask
                0x0800eaa8       0x28 ./Middlewares/Third_Party/FreeRTOS/Source/portable/GCC/ARM_CM4F/port.o
 .text.xPortStartScheduler
                0x0800ead0      0x148 ./Middlewares/Third_Party/FreeRTOS/Source/portable/GCC/ARM_CM4F/port.o
                0x0800ead0                xPortStartScheduler
 .text.vPortEnterCritical
                0x0800ec18       0x64 ./Middlewares/Third_Party/FreeRTOS/Source/portable/GCC/ARM_CM4F/port.o
                0x0800ec18                vPortEnterCritical
 .text.vPortExitCritical
                0x0800ec7c       0x54 ./Middlewares/Third_Party/FreeRTOS/Source/portable/GCC/ARM_CM4F/port.o
                0x0800ec7c                vPortExitCritical
 .text.PendSV_Handler
                0x0800ecd0       0x68 ./Middlewares/Third_Party/FreeRTOS/Source/portable/GCC/ARM_CM4F/port.o
                0x0800ecd0                PendSV_Handler
 .text.xPortSysTickHandler
                0x0800ed38       0x44 ./Middlewares/Third_Party/FreeRTOS/Source/portable/GCC/ARM_CM4F/port.o
                0x0800ed38                xPortSysTickHandler
 .text.vPortSetupTimerInterrupt
                0x0800ed7c       0x48 ./Middlewares/Third_Party/FreeRTOS/Source/portable/GCC/ARM_CM4F/port.o
                0x0800ed7c                vPortSetupTimerInterrupt
 .text.vPortEnableVFP
                0x0800edc4       0x14 ./Middlewares/Third_Party/FreeRTOS/Source/portable/GCC/ARM_CM4F/port.o
 .text.vPortValidateInterruptPriority
                0x0800edd8       0x84 ./Middlewares/Third_Party/FreeRTOS/Source/portable/GCC/ARM_CM4F/port.o
                0x0800edd8                vPortValidateInterruptPriority
 .text.pvPortMalloc
                0x0800ee5c      0x19c ./Middlewares/Third_Party/FreeRTOS/Source/portable/MemMang/heap_4.o
                0x0800ee5c                pvPortMalloc
 .text.vPortFree
                0x0800eff8       0xc8 ./Middlewares/Third_Party/FreeRTOS/Source/portable/MemMang/heap_4.o
                0x0800eff8                vPortFree
 .text.prvHeapInit
                0x0800f0c0       0xc4 ./Middlewares/Third_Party/FreeRTOS/Source/portable/MemMang/heap_4.o
 .text.prvInsertBlockIntoFreeList
                0x0800f184       0xb4 ./Middlewares/Third_Party/FreeRTOS/Source/portable/MemMang/heap_4.o
 .text._ZN12CdcTransport5beginEv
                0x0800f238       0x20 ./System/Comms/Src/Transport.o
                0x0800f238                CdcTransport::begin()
 .text._ZN12CdcTransport7onRxISREPKht
                0x0800f258       0x80 ./System/Comms/Src/Transport.o
                0x0800f258                CdcTransport::onRxISR(unsigned char const*, unsigned short)
 .text._ZN12CdcTransport4readEPht
                0x0800f2d8       0x86 ./System/Comms/Src/Transport.o
                0x0800f2d8                CdcTransport::read(unsigned char*, unsigned short)
 .text._ZN12CdcTransport5writeEPKht
                0x0800f35e       0xc6 ./System/Comms/Src/Transport.o
                0x0800f35e                CdcTransport::write(unsigned char const*, unsigned short)
 .text._ZN12CdcTransport5resetEv
                0x0800f424       0x44 ./System/Comms/Src/Transport.o
                0x0800f424                CdcTransport::reset()
 .text._ZN12CdcTransport9serviceTxEm
                0x0800f468       0x9e ./System/Comms/Src/Transport.o
                0x0800f468                CdcTransport::serviceTx(unsigned long)
 .text._ZN12CdcTransport11onTxCpltISREv
                0x0800f506       0xc8 ./System/Comms/Src/Transport.o
                0x0800f506                CdcTransport::onTxCpltISR()
 .text._ZN12CdcTransport4pumpEv
                0x0800f5ce       0xfc ./System/Comms/Src/Transport.o
                0x0800f5ce                CdcTransport::pump()
 *fill*         0x0800f6ca        0x2 
 .text._ZN12CdcTransport13dispatchRxISREPKht
                0x0800f6cc       0x30 ./System/Comms/Src/Transport.o
                0x0800f6cc                CdcTransport::dispatchRxISR(unsigned char const*, unsigned short)
 .text._ZN12CdcTransport17dispatchTxCpltISREv
                0x0800f6fc       0x20 ./System/Comms/Src/Transport.o
                0x0800f6fc                CdcTransport::dispatchTxCpltISR()
 .text._ZN12CdcTransport13dispatchResetEv
                0x0800f71c       0x20 ./System/Comms/Src/Transport.o
                0x0800f71c                CdcTransport::dispatchReset()
 .text.BridgeSystemInit
                0x0800f73c        0xc ./System/Core/Src/Bridge.o
                0x0800f73c                BridgeSystemInit
 .text.Cdc_onRxISR
                0x0800f748       0x30 ./System/Core/Src/Bridge.o
                0x0800f748                Cdc_onRxISR
 .text.Cdc_onTxCpltISR
                0x0800f778        0xc ./System/Core/Src/Bridge.o
                0x0800f778                Cdc_onTxCpltISR
 .text.Cdc_onCdcInit
                0x0800f784        0xc ./System/Core/Src/Bridge.o
                0x0800f784                Cdc_onCdcInit
 .text.Bridge_UsbSerial
                0x0800f790       0x34 ./System/Core/Src/Bridge.o
                0x0800f790                Bridge_UsbSerial
 .text.Board_MasterId
                0x0800f7c4       0xa8 ./System/Core/Src/Bridge.o
                0x0800f7c4                Board_MasterId
 .text._ZN5HX711C2EP12GPIO_TypeDeftS1_t
                0x0800f86c       0x3c ./System/Core/Src/HX711.o
                0x0800f86c                HX711::HX711(GPIO_TypeDef*, unsigned short, GPIO_TypeDef*, unsigned short)
                0x0800f86c                HX711::HX711(GPIO_TypeDef*, unsigned short, GPIO_TypeDef*, unsigned short)
 .text._ZN5HX7115beginEv
                0x0800f8a8       0x20 ./System/Core/Src/HX711.o
                0x0800f8a8                HX711::begin()
 .text._ZN5HX7118lineTestEv
                0x0800f8c8       0xb4 ./System/Core/Src/HX711.o
                0x0800f8c8                HX711::lineTest()
 .text._ZNK5HX7119availableEv
                0x0800f97c       0x2c ./System/Core/Src/HX711.o
                0x0800f97c                HX711::available() const
 .text._ZN5HX7114readERVlm
                0x0800f9a8       0xd4 ./System/Core/Src/HX711.o
                0x0800f9a8                HX711::read(long volatile&, unsigned long)
 .text._ZNK5HX71110pulseClockEv
                0x0800fa7c       0x8e ./System/Core/Src/HX711.o
                0x0800fa7c                HX711::pulseClock() const
 .text._ZN8LEDStripC2Eh
                0x0800fb0a       0x4a ./System/Core/Src/LEDStrip.o
                0x0800fb0a                LEDStrip::LEDStrip(unsigned char)
                0x0800fb0a                LEDStrip::LEDStrip(unsigned char)
 .text._ZN8LEDStrip5beginEP17TIM_HandleTypeDefm
                0x0800fb54      0x196 ./System/Core/Src/LEDStrip.o
                0x0800fb54                LEDStrip::begin(TIM_HandleTypeDef*, unsigned long)
 .text._ZN8LEDStrip13setBrightnessEh
                0x0800fcea       0x22 ./System/Core/Src/LEDStrip.o
                0x0800fcea                LEDStrip::setBrightness(unsigned char)
 .text._ZNK8LEDStrip8pctToIdxEh
                0x0800fd0c       0x4c ./System/Core/Src/LEDStrip.o
                0x0800fd0c                LEDStrip::pctToIdx(unsigned char) const
 .text._ZN8LEDStrip12applyCommandERK7Command
                0x0800fd58       0x72 ./System/Core/Src/LEDStrip.o
                0x0800fd58                LEDStrip::applyCommand(Command const&)
 .text._ZN8LEDStrip4tickEv
                0x0800fdca       0x36 ./System/Core/Src/LEDStrip.o
                0x0800fdca                LEDStrip::tick()
 .text._ZN8LEDStrip6setAllEiihhh
                0x0800fe00       0x66 ./System/Core/Src/LEDStrip.o
                0x0800fe00                LEDStrip::setAll(int, int, unsigned char, unsigned char, unsigned char)
 *fill*         0x0800fe66        0x2 
 .text._ZN8LEDStrip10handleModeEh
                0x0800fe68      0x138 ./System/Core/Src/LEDStrip.o
                0x0800fe68                LEDStrip::handleMode(unsigned char)
 .text._ZN8LEDStrip5mode0Ehii
                0x0800ffa0       0x58 ./System/Core/Src/LEDStrip.o
                0x0800ffa0                LEDStrip::mode0(unsigned char, int, int)
 .text._ZN8LEDStrip5mode1Ehiihhh
                0x0800fff8       0x5c ./System/Core/Src/LEDStrip.o
                0x0800fff8                LEDStrip::mode1(unsigned char, int, int, unsigned char, unsigned char, unsigned char)
 .text._ZZN8LEDStrip5mode2EhiihhhhttENKUlihhhE_clEihhh
                0x08010054       0x5c ./System/Core/Src/LEDStrip.o
 .text._ZN8LEDStrip5mode2Ehiihhhhtt
                0x080100b0      0x194 ./System/Core/Src/LEDStrip.o
                0x080100b0                LEDStrip::mode2(unsigned char, int, int, unsigned char, unsigned char, unsigned char, unsigned char, unsigned short, unsigned short)
 .text._ZN8LEDStrip5mode3Ehiihhht
                0x08010244       0x94 ./System/Core/Src/LEDStrip.o
                0x08010244                LEDStrip::mode3(unsigned char, int, int, unsigned char, unsigned char, unsigned char, unsigned short)
 .text._ZN8LEDStrip5mode4Ehhhh
                0x080102d8       0x64 ./System/Core/Src/LEDStrip.o
                0x080102d8                LEDStrip::mode4(unsigned char, unsigned char, unsigned char, unsigned char)
 .text._ZN8LEDStrip5mode5Ehhhh
                0x0801033c       0x64 ./System/Core/Src/LEDStrip.o
                0x0801033c                LEDStrip::mode5(unsigned char, unsigned char, unsigned char, unsigned char)
 .text._ZN8LEDStrip5mode6Eh
                0x080103a0       0x54 ./System/Core/Src/LEDStrip.o
                0x080103a0                LEDStrip::mode6(unsigned char)
 .text._Z17angle_to_pulse_usf
                0x080103f4       0x74 ./System/Core/Src/PWMDriver.o
                0x080103f4                angle_to_pulse_us(float)
 .text._ZL14channel_to_halh
                0x08010468       0x48 ./System/Core/Src/PWMDriver.o
 .text._ZN9PWMDriverC2ERK9PWMConfigb
                0x080104b0       0xc0 ./System/Core/Src/PWMDriver.o
                0x080104b0                PWMDriver::PWMDriver(PWMConfig const&, bool)
                0x080104b0                PWMDriver::PWMDriver(PWMConfig const&, bool)
 .text._ZN9PWMDriverD2Ev
                0x08010570       0x60 ./System/Core/Src/PWMDriver.o
                0x08010570                PWMDriver::~PWMDriver()
                0x08010570                PWMDriver::~PWMDriver()
 .text._ZN9PWMDriver12set_pulse_usEt
                0x080105d0       0xac ./System/Core/Src/PWMDriver.o
                0x080105d0                PWMDriver::set_pulse_us(unsigned short)
 .text._ZN9PWMDriver9set_angleEf
                0x0801067c       0x26 ./System/Core/Src/PWMDriver.o
                0x0801067c                PWMDriver::set_angle(float)
 .text._ZN9PWMDriver4zeroEv
                0x080106a2       0x1c ./System/Core/Src/PWMDriver.o
                0x080106a2                PWMDriver::zero()
 *fill*         0x080106be        0x2 
 .text._ZN9PWMDriver15get_timer_clockEP11TIM_TypeDef
                0x080106c0       0xac ./System/Core/Src/PWMDriver.o
                0x080106c0                PWMDriver::get_timer_clock(TIM_TypeDef*)
 .text._ZN9PWMDriver7set50HzEv
                0x0801076c       0x50 ./System/Core/Src/PWMDriver.o
                0x0801076c                PWMDriver::set50Hz()
 .text._ZN9PWMDriver19disable_ccr_preloadEv
                0x080107bc       0x8c ./System/Core/Src/PWMDriver.o
                0x080107bc                PWMDriver::disable_ccr_preload()
 .text._ZNK9PWMDriver17enable_gpio_clockEv
                0x08010848      0x12c ./System/Core/Src/PWMDriver.o
                0x08010848                PWMDriver::enable_gpio_clock() const
 .text._ZN6ThreadD2Ev
                0x08010974       0x20 ./System/Core/Src/System.o
                0x08010974                Thread::~Thread()
                0x08010974                Thread::~Thread()
 .text._ZN6ThreadD0Ev
                0x08010994       0x22 ./System/Core/Src/System.o
                0x08010994                Thread::~Thread()
 *fill*         0x080109b6        0x2 
 .text._ZN12SerialThreadD2Ev
                0x080109b8       0x24 ./System/Core/Src/System.o
                0x080109b8                SerialThread::~SerialThread()
                0x080109b8                SerialThread::~SerialThread()
 .text._ZN12SerialThreadD0Ev
                0x080109dc       0x22 ./System/Core/Src/System.o
                0x080109dc                SerialThread::~SerialThread()
 *fill*         0x080109fe        0x2 
 .text.__tcf_0  0x08010a00       0x10 ./System/Core/Src/System.o
 .text._ZN6System5commsEv
                0x08010a10       0x60 ./System/Core/Src/System.o
                0x08010a10                System::comms()
 .text.__tcf_1  0x08010a70       0x10 ./System/Core/Src/System.o
 .text._ZN6System5servoEv
                0x08010a80       0x60 ./System/Core/Src/System.o
                0x08010a80                System::servo()
 .text.__tcf_2  0x08010ae0       0x10 ./System/Core/Src/System.o
 .text._ZN6System4massEv
                0x08010af0       0x60 ./System/Core/Src/System.o
                0x08010af0                System::mass()
 .text.__tcf_3  0x08010b50       0x10 ./System/Core/Src/System.o
 .text._ZN6System4ledsEv
                0x08010b60       0x60 ./System/Core/Src/System.o
                0x08010b60                System::leds()
 .text._ZN9HeartBeatD2Ev
                0x08010bc0       0x24 ./System/Core/Src/System.o
                0x08010bc0                HeartBeat::~HeartBeat()
                0x08010bc0                HeartBeat::~HeartBeat()
 .text._ZN9HeartBeatD0Ev
                0x08010be4       0x22 ./System/Core/Src/System.o
                0x08010be4                HeartBeat::~HeartBeat()
 *fill*         0x08010c06        0x2 
 .text.__tcf_4  0x08010c08       0x10 ./System/Core/Src/System.o
 .text._ZN6System9heartbeatEv
                0x08010c18       0x60 ./System/Core/Src/System.o
                0x08010c18                System::heartbeat()
 .text._ZN6System4initEv
                0x08010c78       0xca ./System/Core/Src/System.o
                0x08010c78                System::init()
 *fill*         0x08010d42        0x2 
 .text._ZN13MessageThreadI12EmptyMessage9HeartbeatED2Ev
                0x08010d44       0x7c ./System/Core/Src/System.o
                0x08010d44                MessageThread<EmptyMessage, Heartbeat>::~MessageThread()
                0x08010d44                MessageThread<EmptyMessage, Heartbeat>::~MessageThread()
 .text._ZN13MessageThreadI12EmptyMessage9HeartbeatED0Ev
                0x08010dc0       0x22 ./System/Core/Src/System.o
                0x08010dc0                MessageThread<EmptyMessage, Heartbeat>::~MessageThread()
 *fill*         0x08010de2        0x2 
 .text.WS2812_FrameCompleteISR
                0x08010de4       0x20 ./System/Core/Src/WS2812Driver.o
                0x08010de4                WS2812_FrameCompleteISR
 .text._Z9colorCodeRK5Color
                0x08010e04       0x28 ./System/Core/Src/WS2812Driver.o
                0x08010e04                colorCode(Color const&)
 .text._ZN12WS2812DriverC2Et
                0x08010e2c       0xfa ./System/Core/Src/WS2812Driver.o
                0x08010e2c                WS2812Driver::WS2812Driver(unsigned short)
                0x08010e2c                WS2812Driver::WS2812Driver(unsigned short)
 .text._ZN12WS2812DriverD2Ev
                0x08010f26       0x4a ./System/Core/Src/WS2812Driver.o
                0x08010f26                WS2812Driver::~WS2812Driver()
                0x08010f26                WS2812Driver::~WS2812Driver()
 .text._ZN12WS2812Driver5beginEP17TIM_HandleTypeDefm
                0x08010f70      0x160 ./System/Core/Src/WS2812Driver.o
                0x08010f70                WS2812Driver::begin(TIM_HandleTypeDef*, unsigned long)
 .text._ZN12WS2812Driver13setPixelColorERKmRK5Colorb
                0x080110d0       0xb4 ./System/Core/Src/WS2812Driver.o
                0x080110d0                WS2812Driver::setPixelColor(unsigned long const&, Color const&, bool)
 .text._ZN12WS2812Driver13setBrightnessEh
                0x08011184      0x174 ./System/Core/Src/WS2812Driver.o
                0x08011184                WS2812Driver::setBrightness(unsigned char)
 .text._ZN12WS2812Driver4showEv
                0x080112f8      0x110 ./System/Core/Src/WS2812Driver.o
                0x080112f8                WS2812Driver::show()
 .text._ZN12WS2812Driver20frameCompleteFromISREv
                0x08011408       0x44 ./System/Core/Src/WS2812Driver.o
                0x08011408                WS2812Driver::frameCompleteFromISR()
 .text._ZN12WS2812Driver5clearEv
                0x0801144c       0x86 ./System/Core/Src/WS2812Driver.o
                0x0801144c                WS2812Driver::clear()
 *fill*         0x080114d2        0x2 
 .text._ZN9HeartBeatC2EPKc12osPriority_t
                0x080114d4       0x38 ./System/Threads/Src/HeartBeat.o
                0x080114d4                HeartBeat::HeartBeat(char const*, osPriority_t)
                0x080114d4                HeartBeat::HeartBeat(char const*, osPriority_t)
 .text._ZN9HeartBeat4initEv
                0x0801150c       0x14 ./System/Threads/Src/HeartBeat.o
                0x0801150c                HeartBeat::init()
 .text._ZN9HeartBeat5setIDEh
                0x08011520       0x26 ./System/Threads/Src/HeartBeat.o
                0x08011520                HeartBeat::setID(unsigned char)
 .text._ZN9HeartBeat4loopEv
                0x08011546       0x50 ./System/Threads/Src/HeartBeat.o
                0x08011546                HeartBeat::loop()
 .text._ZN13MessageThreadI12EmptyMessage9HeartbeatEC2EPKc12osPriority_t
                0x08011596       0x30 ./System/Threads/Src/HeartBeat.o
                0x08011596                MessageThread<EmptyMessage, Heartbeat>::MessageThread(char const*, osPriority_t)
                0x08011596                MessageThread<EmptyMessage, Heartbeat>::MessageThread(char const*, osPriority_t)
 *fill*         0x080115c6        0x2 
 .text._ZN13MessageThreadI12EmptyMessage9HeartbeatEC2EPKc12osPriority_tmmjj
                0x080115c8      0x134 ./System/Threads/Src/HeartBeat.o
                0x080115c8                MessageThread<EmptyMessage, Heartbeat>::MessageThread(char const*, osPriority_t, unsigned long, unsigned long, unsigned int, unsigned int)
                0x080115c8                MessageThread<EmptyMessage, Heartbeat>::MessageThread(char const*, osPriority_t, unsigned long, unsigned long, unsigned int, unsigned int)
 .text._ZN8LEDStripD2Ev
                0x080116fc       0x1c ./System/Threads/Src/LedsThread.o
                0x080116fc                LEDStrip::~LEDStrip()
                0x080116fc                LEDStrip::~LEDStrip()
 .text._ZN10LedsThreadC2EPKc12osPriority_t
                0x08011718       0x54 ./System/Threads/Src/LedsThread.o
                0x08011718                LedsThread::LedsThread(char const*, osPriority_t)
                0x08011718                LedsThread::LedsThread(char const*, osPriority_t)
 .text._ZN10LedsThreadD2Ev
                0x0801176c       0x34 ./System/Threads/Src/LedsThread.o
                0x0801176c                LedsThread::~LedsThread()
                0x0801176c                LedsThread::~LedsThread()
 .text._ZN10LedsThreadD0Ev
                0x080117a0       0x22 ./System/Threads/Src/LedsThread.o
                0x080117a0                LedsThread::~LedsThread()
 *fill*         0x080117c2        0x2 
 .text._ZN10LedsThread4initEv
                0x080117c4       0xa0 ./System/Threads/Src/LedsThread.o
                0x080117c4                LedsThread::init()
 .text._ZN10LedsThread4loopEv
                0x08011864      0x32c ./System/Threads/Src/LedsThread.o
                0x08011864                LedsThread::loop()
 .text._ZN13MessageThreadI10LEDRequest12EmptyMessageEC2EPKc12osPriority_t
                0x08011b90       0x30 ./System/Threads/Src/LedsThread.o
                0x08011b90                MessageThread<LEDRequest, EmptyMessage>::MessageThread(char const*, osPriority_t)
                0x08011b90                MessageThread<LEDRequest, EmptyMessage>::MessageThread(char const*, osPriority_t)
 .text._ZN13MessageThreadI10LEDRequest12EmptyMessageED2Ev
                0x08011bc0       0x7c ./System/Threads/Src/LedsThread.o
                0x08011bc0                MessageThread<LEDRequest, EmptyMessage>::~MessageThread()
                0x08011bc0                MessageThread<LEDRequest, EmptyMessage>::~MessageThread()
 .text._ZN13MessageThreadI10LEDRequest12EmptyMessageED0Ev
                0x08011c3c       0x22 ./System/Threads/Src/LedsThread.o
                0x08011c3c                MessageThread<LEDRequest, EmptyMessage>::~MessageThread()
 *fill*         0x08011c5e        0x2 
 .text._ZN13MessageThreadI10LEDRequest12EmptyMessageEC2EPKc12osPriority_tmmjj
                0x08011c60      0x138 ./System/Threads/Src/LedsThread.o
                0x08011c60                MessageThread<LEDRequest, EmptyMessage>::MessageThread(char const*, osPriority_t, unsigned long, unsigned long, unsigned int, unsigned int)
                0x08011c60                MessageThread<LEDRequest, EmptyMessage>::MessageThread(char const*, osPriority_t, unsigned long, unsigned long, unsigned int, unsigned int)
 .text._ZN8MassTypeC2ERK5HX711
                0x08011d98       0x78 ./System/Threads/Src/MassThread.o
                0x08011d98                MassType::MassType(HX711 const&)
                0x08011d98                MassType::MassType(HX711 const&)
 .text._ZN10MassThreadC2EPKc12osPriority_t
                0x08011e10       0x84 ./System/Threads/Src/MassThread.o
                0x08011e10                MassThread::MassThread(char const*, osPriority_t)
                0x08011e10                MassThread::MassThread(char const*, osPriority_t)
 .text._ZN10MassThreadD2Ev
                0x08011e94       0x24 ./System/Threads/Src/MassThread.o
                0x08011e94                MassThread::~MassThread()
                0x08011e94                MassThread::~MassThread()
 .text._ZN10MassThreadD0Ev
                0x08011eb8       0x22 ./System/Threads/Src/MassThread.o
                0x08011eb8                MassThread::~MassThread()
 .text._ZN10MassThread4initEv
                0x08011eda       0x86 ./System/Threads/Src/MassThread.o
                0x08011eda                MassThread::init()
 .text._ZN10MassThread4loopEv
                0x08011f60       0x9e ./System/Threads/Src/MassThread.o
                0x08011f60                MassThread::loop()
 .text._ZN10MassThread10updateMassER8MassType
                0x08011ffe       0x68 ./System/Threads/Src/MassThread.o
                0x08011ffe                MassThread::updateMass(MassType&)
 .text._ZN10MassThread5shiftEPfif
                0x08012066       0x5c ./System/Threads/Src/MassThread.o
                0x08012066                MassThread::shift(float*, int, float)
 *fill*         0x080120c2        0x2 
 .text._ZN10MassThread13movingAverageEPKfh
                0x080120c4       0x74 ./System/Threads/Src/MassThread.o
                0x080120c4                MassThread::movingAverage(float const*, unsigned char)
 .text._ZN10MassThread6updateER8MassType
                0x08012138       0xd6 ./System/Threads/Src/MassThread.o
                0x08012138                MassThread::update(MassType&)
 .text._ZN10MassThread9tareScaleER8MassType
                0x0801220e       0xce ./System/Threads/Src/MassThread.o
                0x0801220e                MassThread::tareScale(MassType&)
 .text._ZN13MessageThreadI11MassRequest10MassPacketEC2EPKc12osPriority_t
                0x080122dc       0x30 ./System/Threads/Src/MassThread.o
                0x080122dc                MessageThread<MassRequest, MassPacket>::MessageThread(char const*, osPriority_t)
                0x080122dc                MessageThread<MassRequest, MassPacket>::MessageThread(char const*, osPriority_t)
 .text._ZN13MessageThreadI11MassRequest10MassPacketED2Ev
                0x0801230c       0x7c ./System/Threads/Src/MassThread.o
                0x0801230c                MessageThread<MassRequest, MassPacket>::~MessageThread()
                0x0801230c                MessageThread<MassRequest, MassPacket>::~MessageThread()
 .text._ZN13MessageThreadI11MassRequest10MassPacketED0Ev
                0x08012388       0x22 ./System/Threads/Src/MassThread.o
                0x08012388                MessageThread<MassRequest, MassPacket>::~MessageThread()
 *fill*         0x080123aa        0x2 
 .text._ZN13MessageThreadI11MassRequest10MassPacketEC2EPKc12osPriority_tmmjj
                0x080123ac      0x144 ./System/Threads/Src/MassThread.o
                0x080123ac                MessageThread<MassRequest, MassPacket>::MessageThread(char const*, osPriority_t, unsigned long, unsigned long, unsigned int, unsigned int)
                0x080123ac                MessageThread<MassRequest, MassPacket>::MessageThread(char const*, osPriority_t, unsigned long, unsigned long, unsigned int, unsigned int)
 .text._ZN12CdcTransportC2Ev
                0x080124f0       0x66 ./System/Threads/Src/SerialThread.o
                0x080124f0                CdcTransport::CdcTransport()
                0x080124f0                CdcTransport::CdcTransport()
 *fill*         0x08012556        0x2 
 .text._ZN12SerialThreadC2EPKc12osPriority_t
                0x08012558       0x5c ./System/Threads/Src/SerialThread.o
                0x08012558                SerialThread::SerialThread(char const*, osPriority_t)
                0x08012558                SerialThread::SerialThread(char const*, osPriority_t)
 .text._ZN12SerialThread4initEv
                0x080125b4       0x1e ./System/Threads/Src/SerialThread.o
                0x080125b4                SerialThread::init()
 .text._ZZN12SerialThread4loopEvENKUlRKN14SerialProtocolILj128E12CdcTransportE5FrameEE_clES5_
                0x080125d2       0x1e ./System/Threads/Src/SerialThread.o
 .text._ZN12SerialThread4loopEv
                0x080125f0      0x112 ./System/Threads/Src/SerialThread.o
                0x080125f0                SerialThread::loop()
 .text._ZN12SerialThread8dispatchERKN14SerialProtocolILj128E12CdcTransportE5FrameE
                0x08012702       0xf4 ./System/Threads/Src/SerialThread.o
                0x08012702                SerialThread::dispatch(SerialProtocol<128u, CdcTransport>::Frame const&)
 .text._ZN14SerialProtocolILj128E12CdcTransportEC2ERS0_
                0x080127f6       0x58 ./System/Threads/Src/SerialThread.o
                0x080127f6                SerialProtocol<128u, CdcTransport>::SerialProtocol(CdcTransport&)
                0x080127f6                SerialProtocol<128u, CdcTransport>::SerialProtocol(CdcTransport&)
 .text._ZN14SerialProtocolILj128E12CdcTransportE5parseIZN12SerialThread4loopEvEUlRKNS1_5FrameEE_EEvPKhtOT_
                0x0801284e       0x50 ./System/Threads/Src/SerialThread.o
 .text._ZN14SerialProtocolILj128E12CdcTransportE4sendEhPKvt
                0x0801289e      0x130 ./System/Threads/Src/SerialThread.o
                0x0801289e                SerialProtocol<128u, CdcTransport>::send(unsigned char, void const*, unsigned short)
 .text._ZN12_GLOBAL__N_18frame_asI12ServoRequestEET_RKN14SerialProtocolILj128E12CdcTransportE5FrameE
                0x080129ce       0x3c ./System/Threads/Src/SerialThread.o
 .text._ZN12_GLOBAL__N_18frame_asI11MassRequestEET_RKN14SerialProtocolILj128E12CdcTransportE5FrameE
                0x08012a0a       0x42 ./System/Threads/Src/SerialThread.o
 .text._ZN12_GLOBAL__N_18frame_asI10LEDRequestEET_RKN14SerialProtocolILj128E12CdcTransportE5FrameE
                0x08012a4c       0x40 ./System/Threads/Src/SerialThread.o
 .text._ZN14SerialProtocolILj128E12CdcTransportE11processByteEh
                0x08012a8c      0x1d8 ./System/Threads/Src/SerialThread.o
                0x08012a8c                SerialProtocol<128u, CdcTransport>::processByte(unsigned char)
 .text._ZN14SerialProtocolILj128E12CdcTransportE5crc16EhPKht
                0x08012c64       0x5a ./System/Threads/Src/SerialThread.o
                0x08012c64                SerialProtocol<128u, CdcTransport>::crc16(unsigned char, unsigned char const*, unsigned short)
 .text._ZNKSt5arrayIhLj128EE4dataEv
                0x08012cbe       0x16 ./System/Threads/Src/SerialThread.o
                0x08012cbe                std::array<unsigned char, 128u>::data() const
 .text._ZN14SerialProtocolILj128E12CdcTransportE5resetEv
                0x08012cd4       0x3c ./System/Threads/Src/SerialThread.o
                0x08012cd4                SerialProtocol<128u, CdcTransport>::reset()
 .text._ZNSt5arrayIhLj128EEixEj
                0x08012d10       0x1c ./System/Threads/Src/SerialThread.o
                0x08012d10                std::array<unsigned char, 128u>::operator[](unsigned int)
 .text._ZN14SerialProtocolILj128E12CdcTransportE9updateCrcEth
                0x08012d2c       0x5a ./System/Threads/Src/SerialThread.o
                0x08012d2c                SerialProtocol<128u, CdcTransport>::updateCrc(unsigned short, unsigned char)
 *fill*         0x08012d86        0x2 
 .text._ZL14servoTimerFreeRK9PWMConfig
                0x08012d88       0x30 ./System/Threads/Src/ServoThread.o
 .text._ZN11ServoThreadC2EPKc12osPriority_t
                0x08012db8       0xac ./System/Threads/Src/ServoThread.o
                0x08012db8                ServoThread::ServoThread(char const*, osPriority_t)
                0x08012db8                ServoThread::ServoThread(char const*, osPriority_t)
 .text._ZN11ServoThreadD2Ev
                0x08012e64       0x50 ./System/Threads/Src/ServoThread.o
                0x08012e64                ServoThread::~ServoThread()
                0x08012e64                ServoThread::~ServoThread()
 .text._ZN11ServoThreadD0Ev
                0x08012eb4       0x22 ./System/Threads/Src/ServoThread.o
                0x08012eb4                ServoThread::~ServoThread()
 .text._ZN11ServoThread4initEv
                0x08012ed6       0x3c ./System/Threads/Src/ServoThread.o
                0x08012ed6                ServoThread::init()
 .text._ZZN11ServoThread4loopEvENKUlhRK12ServoRequestE_clEhS2_
                0x08012f12       0x66 ./System/Threads/Src/ServoThread.o
 .text._ZN11ServoThread4loopEv
                0x08012f78      0x142 ./System/Threads/Src/ServoThread.o
                0x08012f78                ServoThread::loop()
 .text._ZN13MessageThreadI12ServoRequest12EmptyMessageEC2EPKc12osPriority_t
                0x080130ba       0x30 ./System/Threads/Src/ServoThread.o
                0x080130ba                MessageThread<ServoRequest, EmptyMessage>::MessageThread(char const*, osPriority_t)
                0x080130ba                MessageThread<ServoRequest, EmptyMessage>::MessageThread(char const*, osPriority_t)
 *fill*         0x080130ea        0x2 
 .text._ZN13MessageThreadI12ServoRequest12EmptyMessageED2Ev
                0x080130ec       0x7c ./System/Threads/Src/ServoThread.o
                0x080130ec                MessageThread<ServoRequest, EmptyMessage>::~MessageThread()
                0x080130ec                MessageThread<ServoRequest, EmptyMessage>::~MessageThread()
 .text._ZN13MessageThreadI12ServoRequest12EmptyMessageED0Ev
                0x08013168       0x22 ./System/Threads/Src/ServoThread.o
                0x08013168                MessageThread<ServoRequest, EmptyMessage>::~MessageThread()
 *fill*         0x0801318a        0x2 
 .text._ZN13MessageThreadI12ServoRequest12EmptyMessageEC2EPKc12osPriority_tmmjj
                0x0801318c      0x138 ./System/Threads/Src/ServoThread.o
                0x0801318c                MessageThread<ServoRequest, EmptyMessage>::MessageThread(char const*, osPriority_t, unsigned long, unsigned long, unsigned int, unsigned int)
                0x0801318c                MessageThread<ServoRequest, EmptyMessage>::MessageThread(char const*, osPriority_t, unsigned long, unsigned long, unsigned int, unsigned int)
 .text._ZN6Thread9isRunningEv
                0x080132c4       0x1a ./System/Threads/Src/Thread.o
                0x080132c4                Thread::isRunning()
 *fill*         0x080132de        0x2 