Archive member included to satisfy reference by file (symbol)

/opt/st/stm32cubeide_1.19.0/plugins/com.st.stm32cube.ide.mcu.externaltools.gnu-tools-for-stm32.13.3.rel1.linux64_1.0.0.202410170706/tools/bin/../lib/gcc/arm-none-eabi/13.3.1/../../../../arm-none-eabi/lib/thumb/v7e-m+fp/hard/libstdc++_nano.a(del_ops.o)
                              ./System/Core/Src/System.o (operator delete(void*, unsigned int))
/opt/st/stm32cubeide_1.19.0/plugins/com.st.stm32cube.ide.mcu.externaltools.gnu-tools-for-stm32.13.3.rel1.linux64_1.0.0.202410170706/tools/bin/../lib/gcc/arm-none-eabi/13.3.1/../../../../arm-none-eabi/lib/thumb/v7e-m+fp/hard/libstdc++_nano.a(guard.o)
                              ./System/Core/Src/System.o (__cxa_guard_acquire)
/opt/st/stm32cubeide_1.19.0/plugins/com.st.stm32cube.ide.mcu.externaltools.gnu-tools-for-stm32.13.3.rel1.linux64_1.0.0.202410170706/tools/bin/../lib/gcc/arm-none-eabi/13.3.1/../../../../arm-none-eabi/lib/thumb/v7e-m+fp/hard/libstdc++_nano.a(del_op.o)
                              /opt/st/stm32cubeide_1.19.0/plugins/com.st.stm32cube.ide.mcu.externaltools.gnu-tools-for-stm32.13.3.rel1.linux64_1.0.0.202410170706/tools/bin/../lib/gcc/arm-none-eabi/13.3.1/../../../../arm-none-eabi/lib/thumb/v7e-m+fp/hard/libstdc++_nano.a(del_ops.o) (operator delete(void*))
/opt/st/stm32cubeide_1.19.0/plugins/com.st.stm32cube.ide.mcu.externaltools.gnu-tools-for-stm32.13.3.rel1.linux64_1.0.0.202410170706/tools/bin/../lib/gcc/arm-none-eabi/13.3.1/../../../../arm-none-eabi/lib/thumb/v7e-m+fp/hard/libc_nano.a(libc_a-atexit.o)
                              ./System/Core/Src/System.o (atexit)
/opt/st/stm32cubeide_1.19.0/plugins/com.st.stm32cube.ide.mcu.externaltools.gnu-tools-for-stm32.13.3.rel1.linux64_1.0.0.202410170706/tools/bin/../lib/gcc/arm-none-eabi/13.3.1/../../../../arm-none-eabi/lib/thumb/v7e-m+fp/hard/libc_nano.a(libc_a-exit.o)
                              /opt/st/stm32cubeide_1.19.0/plugins/com.st.stm32cube.ide.mcu.externaltools.gnu-tools-for-stm32.13.3.rel1.linux64_1.0.0.202410170706/tools/bin/../lib/gcc/arm-none-eabi/13.3.1/../../../../arm-none-eabi/lib/thumb/v7e-m+fp/hard/crt0.o (exit)
/opt/st/stm32cubeide_1.19.0/plugins/com.st.stm32cube.ide.mcu.externaltools.gnu-tools-for-stm32.13.3.rel1.linux64_1.0.0.202410170706/tools/bin/../lib/gcc/arm-none-eabi/13.3.1/../../../../arm-none-eabi/lib/thumb/v7e-m+fp/hard/libc_nano.a(libc_a-malloc.o)
                              /opt/st/stm32cubeide_1.19.0/plugins/com.st.stm32cube.ide.mcu.externaltools.gnu-tools-for-stm32.13.3.rel1.linux64_1.0.0.202410170706/tools/bin/../lib/gcc/arm-none-eabi/13.3.1/../../../../arm-none-eabi/lib/thumb/v7e-m+fp/hard/libstdc++_nano.a(del_op.o) (free)
/opt/st/stm32cubeide_1.19.0/plugins/com.st.stm32cube.ide.mcu.externaltools.gnu-tools-for-stm32.13.3.rel1.linux64_1.0.0.202410170706/tools/bin/../lib/gcc/arm-none-eabi/13.3.1/../../../../arm-none-eabi/lib/thumb/v7e-m+fp/hard/libc_nano.a(libc_a-mallocr.o)
                              /opt/st/stm32cubeide_1.19.0/plugins/com.st.stm32cube.ide.mcu.externaltools.gnu-tools-for-stm32.13.3.rel1.linux64_1.0.0.202410170706/tools/bin/../lib/gcc/arm-none-eabi/13.3.1/../../../../arm-none-eabi/lib/thumb/v7e-m+fp/hard/libc_nano.a(libc_a-malloc.o) (_malloc_r)
/opt/st/stm32cubeide_1.19.0/plugins/com.st.stm32cube.ide.mcu.externaltools.gnu-tools-for-stm32.13.3.rel1.linux64_1.0.0.202410170706/tools/bin/../lib/gcc/arm-none-eabi/13.3.1/../../../../arm-none-eabi/lib/thumb/v7e-m+fp/hard/libc_nano.a(libc_a-mlock.o)
                              /opt/st/stm32cubeide_1.19.0/plugins/com.st.stm32cube.ide.mcu.externaltools.gnu-tools-for-stm32.13.3.rel1.linux64_1.0.0.202410170706/tools/bin/../lib/gcc/arm-none-eabi/13.3.1/../../../../arm-none-eabi/lib/thumb/v7e-m+fp/hard/libc_nano.a(libc_a-mallocr.o) (__malloc_lock)
/opt/st/stm32cubeide_1.19.0/plugins/com.st.stm32cube.ide.mcu.externaltools.gnu-tools-for-stm32.13.3.rel1.linux64_1.0.0.202410170706/tools/bin/../lib/gcc/arm-none-eabi/13.3.1/../../../../arm-none-eabi/lib/thumb/v7e-m+fp/hard/libc_nano.a(libc_a-findfp.o)
                              /opt/st/stm32cubeide_1.19.0/plugins/com.st.stm32cube.ide.mcu.externaltools.gnu-tools-for-stm32.13.3.rel1.linux64_1.0.0.202410170706/tools/bin/../lib/gcc/arm-none-eabi/13.3.1/../../../../arm-none-eabi/lib/thumb/v7e-m+fp/hard/libc_nano.a(libc_a-exit.o) (__stdio_exit_handler)
/opt/st/stm32cubeide_1.19.0/plugins/com.st.stm32cube.ide.mcu.externaltools.gnu-tools-for-stm32.13.3.rel1.linux64_1.0.0.202410170706/tools/bin/../lib/gcc/arm-none-eabi/13.3.1/../../../../arm-none-eabi/lib/thumb/v7e-m+fp/hard/libc_nano.a(libc_a-fwalk.o)
                              /opt/st/stm32cubeide_1.19.0/plugins/com.st.stm32cube.ide.mcu.externaltools.gnu-tools-for-stm32.13.3.rel1.linux64_1.0.0.202410170706/tools/bin/../lib/gcc/arm-none-eabi/13.3.1/../../../../arm-none-eabi/lib/thumb/v7e-m+fp/hard/libc_nano.a(libc_a-findfp.o) (_fwalk_sglue)
[...]
Memory Configuration

Name             Origin             Length             Attributes
RAM              0x20000000         0x00020000         xrw
FLASH            0x08000000         0x00080000         xr
*default*        0x00000000         0xffffffff

Linker script and memory map

LOAD /opt/st/stm32cubeide_1.19.0/plugins/com.st.stm32cube.ide.mcu.externaltools.gnu-tools-for-stm32.13.3.rel1.linux64_1.0.0.202410170706/tools/bin/../lib/gcc/arm-none-eabi/13.3.1/thumb/v7e-m+fp/hard/crti.o
LOAD /opt/st/stm32cubeide_1.19.0/plugins/com.st.stm32cube.ide.mcu.externaltools.gnu-tools-for-stm32.13.3.rel1.linux64_1.0.0.202410170706/tools/bin/../lib/gcc/arm-none-eabi/13.3.1/thumb/v7e-m+fp/hard/crtbegin.o
LOAD /opt/st/stm32cubeide_1.19.0/plugins/com.st.stm32cube.ide.mcu.externaltools.gnu-tools-for-stm32.13.3.rel1.linux64_1.0.0.202410170706/tools/bin/../lib/gcc/arm-none-eabi/13.3.1/../../../../arm-none-eabi/lib/thumb/v7e-m+fp/hard/crt0.o
LOAD ./Core/Src/app_freertos.o
LOAD ./Core/Src/main.o
LOAD ./Core/Src/stm32g4xx_hal_msp.o
LOAD ./Core/Src/stm32g4xx_hal_timebase_tim.o
LOAD ./Core/Src/stm32g4xx_it.o
LOAD ./Core/Src/syscalls.o
LOAD ./Core/Src/sysmem.o
LOAD ./Core/Src/system_stm32g4xx.o
LOAD ./Core/Startup/startup_stm32g483retx.o
LOAD ./Drivers/STM32G4xx_HAL_Driver/Src/stm32g4xx_hal.o
LOAD ./Drivers/STM32G4xx_HAL_Driver/Src/stm32g4xx_hal_adc.o
LOAD ./Drivers/STM32G4xx_HAL_Driver/Src/stm32g4xx_hal_adc_ex.o
LOAD ./Drivers/STM32G4xx_HAL_Driver/Src/stm32g4xx_hal_cortex.o
LOAD ./Drivers/STM32G4xx_HAL_Driver/Src/stm32g4xx_hal_dma.o
LOAD ./Drivers/STM32G4xx_HAL_Driver/Src/stm32g4xx_hal_dma_ex.o
LOAD ./Drivers/STM32G4xx_HAL_Driver/Src/stm32g4xx_hal_exti.o
LOAD ./Drivers/STM32G4xx_HAL_Driver/Src/stm32g4xx_hal_flash.o
LOAD ./Drivers/STM32G4xx_HAL_Driver/Src/stm32g4xx_hal_flash_ex.o
LOAD ./Drivers/STM32G4xx_HAL_Driver/Src/stm32g4xx_hal_flash_ramfunc.o
LOAD ./Drivers/STM32G4xx_HAL_Driver/Src/stm32g4xx_hal_gpio.o
LOAD ./Drivers/STM32G4xx_HAL_Driver/Src/stm32g4xx_hal_pcd.o
LOAD ./Drivers/STM32G4xx_HAL_Driver/Src/stm32g4xx_hal_pcd_ex.o
LOAD ./Drivers/STM32G4xx_HAL_Driver/Src/stm32g4xx_hal_pwr.o
LOAD ./Drivers/STM32G4xx_HAL_Driver/Src/stm32g4xx_hal_pwr_ex.o
LOAD ./Drivers/STM32G4xx_HAL_Driver/Src/stm32g4xx_hal_rcc.o
LOAD ./Drivers/STM32G4xx_HAL_Driver/Src/stm32g4xx_hal_rcc_ex.o
LOAD ./Drivers/STM32G4xx_HAL_Driver/Src/stm32g4xx_hal_spi.o
LOAD ./Drivers/STM32G4xx_HAL_Driver/Src/stm32g4xx_hal_spi_ex.o
LOAD ./Drivers/STM32G4xx_HAL_Driver/Src/stm32g4xx_hal_tim.o
LOAD ./Drivers/STM32G4xx_HAL_Driver/Src/stm32g4xx_hal_tim_ex.o
LOAD ./Drivers/STM32G4xx_HAL_Driver/Src/stm32g4xx_ll_adc.o
LOAD ./Drivers/STM32G4xx_HAL_Driver/Src/stm32g4xx_ll_usb.o
LOAD ./Middlewares/ST/STM32_USB_Device_Library/Class/CDC/Src/usbd_cdc.o
LOAD ./Middlewares/ST/STM32_USB_Device_Library/Core/Src/usbd_core.o
LOAD ./Middlewares/ST/STM32_USB_Device_Library/Core/Src/usbd_ctlreq.o
LOAD ./Middlewares/ST/STM32_USB_Device_Library/Core/Src/usbd_ioreq.o
LOAD ./Middlewares/Third_Party/FreeRTOS/Source/CMSIS_RTOS_V2/cmsis_os2.o
LOAD ./Middlewares/Third_Party/FreeRTOS/Source/croutine.o
LOAD ./Middlewares/Third_Party/FreeRTOS/Source/event_groups.o
LOAD ./Middlewares/Third_Party/FreeRTOS/Source/list.o
LOAD ./Middlewares/Third_Party/FreeRTOS/Source/queue.o
LOAD ./Middlewares/Third_Party/FreeRTOS/Source/stream_buffer.o
LOAD ./Middlewares/Third_Party/FreeRTOS/Source/tasks.o
LOAD ./Middlewares/Third_Party/FreeRTOS/Source/timers.o
LOAD ./Middlewares/Third_Party/FreeRTOS/Source/portable/GCC/ARM_CM4F/port.o
LOAD ./Middlewares/Third_Party/FreeRTOS/Source/portable/MemMang/heap_4.o
LOAD ./System/Comms/Src/Transport.o
LOAD ./System/Core/Src/Bridge.o
LOAD ./System/Core/Src/HX711.o
LOAD ./System/Core/Src/LEDStrip.o
LOAD ./System/Core/Src/PWMDriver.o
LOAD ./System/Core/Src/System.o
LOAD ./System/Core/Src/WS2812Driver.o
LOAD ./System/Threads/Src/HeartBeat.o
LOAD ./System/Threads/Src/LedsThread.o
LOAD ./System/Threads/Src/MassThread.o
LOAD ./System/Threads/Src/SerialThread.o
LOAD ./System/Threads/Src/ServoThread.o
LOAD ./System/Threads/Src/Thread.o
LOAD ./USB_Device/App/usb_device.o
LOAD ./USB_Device/App/usbd_cdc_if.o
LOAD ./USB_Device/App/usbd_desc.o
LOAD ./USB_Device/Target/usbd_conf.o
START GROUP
LOAD /opt/st/stm32cubeide_1.19.0/plugins/com.st.stm32cube.ide.mcu.externaltools.gnu-tools-for-stm32.13.3.rel1.linux64_1.0.0.202410170706/tools/bin/../lib/gcc/arm-none-eabi/13.3.1/../../../../arm-none-eabi/lib/thumb/v7e-m+fp/hard/libstdc++_nano.a
LOAD /opt/st/stm32cubeide_1.19.0/plugins/com.st.stm32cube.ide.mcu.externaltools.gnu-tools-for-stm32.13.3.rel1.linux64_1.0.0.202410170706/tools/bin/../lib/gcc/arm-none-eabi/13.3.1/../../../../arm-none-eabi/lib/thumb/v7e-m+fp/hard/libsupc++_nano.a
END GROUP
LOAD /opt/st/stm32cubeide_1.19.0/plugins/com.st.stm32cube.ide.mcu.externaltools.gnu-tools-for-stm32.13.3.rel1.linux64_1.0.0.202410170706/tools/bin/../lib/gcc/arm-none-eabi/13.3.1/../../../../arm-none-eabi/lib/thumb/v7e-m+fp/hard/libstdc++_nano.a
LOAD /opt/st/stm32cubeide_1.19.0/plugins/com.st.stm32cube.ide.mcu.externaltools.gnu-tools-for-stm32.13.3.rel1.linux64_1.0.0.202410170706/tools/bin/../lib/gcc/arm-none-eabi/13.3.1/../../../../arm-none-eabi/lib/thumb/v7e-m+fp/hard/libm.a
LOAD /opt/st/stm32cubeide_1.19.0/plugins/com.st.stm32cube.ide.mcu.externaltools.gnu-tools-for-stm32.13.3.rel1.linux64_1.0.0.202410170706/tools/bin/../lib/gcc/arm-none-eabi/13.3.1/../../../../arm-none-eabi/lib/thumb/v7e-m+fp/hard/libc_nano.a
START GROUP
LOAD /opt/st/stm32cubeide_1.19.0/plugins/com.st.stm32cube.ide.mcu.externaltools.gnu-tools-for-stm32.13.3.rel1.linux64_1.0.0.202410170706/tools/bin/../lib/gcc/arm-none-eabi/13.3.1/thumb/v7e-m+fp/hard/libgcc.a
LOAD /opt/st/stm32cubeide_1.19.0/plugins/com.st.stm32cube.ide.mcu.externaltools.gnu-tools-for-stm32.13.3.rel1.linux64_1.0.0.202410170706/tools/bin/../lib/gcc/arm-none-eabi/13.3.1/../../../../arm-none-eabi/lib/thumb/v7e-m+fp/hard/libc_nano.a
END GROUP
START GROUP
LOAD /opt/st/stm32cubeide_1.19.0/plugins/com.st.stm32cube.ide.mcu.externaltools.gnu-tools-for-stm32.13.3.rel1.linux64_1.0.0.202410170706/tools/bin/../lib/gcc/arm-none-eabi/13.3.1/thumb/v7e-m+fp/hard/libgcc.a
LOAD /opt/st/stm32cubeide_1.19.0/plugins/com.st.stm32cube.ide.mcu.externaltools.gnu-tools-for-stm32.13.3.rel1.linux64_1.0.0.202410170706/tools/bin/../lib/gcc/arm-none-eabi/13.3.1/../../../../arm-none-eabi/lib/thumb/v7e-m+fp/hard/libc_nano.a
END GROUP
LOAD /opt/st/stm32cubeide_1.19.0/plugins/com.st.stm32cube.ide.mcu.externaltools.gnu-tools-for-stm32.13.3.rel1.linux64_1.0.0.202410170706/tools/bin/../lib/gcc/arm-none-eabi/13.3.1/thumb/v7e-m+fp/hard/crtend.o
LOAD /opt/st/stm32cubeide_1.19.0/plugins/com.st.stm32cube.ide.mcu.externaltools.gnu-tools-for-stm32.13.3.rel1.linux64_1.0.0.202410170706/tools/bin/../lib/gcc/arm-none-eabi/13.3.1/thumb/v7e-m+fp/hard/crtn.o
                0x20020000                        _estack = (ORIGIN (RAM) + LENGTH (RAM))
                0x00000200                        _Min_Heap_Size = 0x200
                0x00000400                        _Min_Stack_Size = 0x400

.isr_vector     0x08000000      0x1d8
                0x08000000                        . = ALIGN (0x4)
 *(.isr_vector)
 .isr_vector    0x08000000      0x1d8 ./Core/Startup/startup_stm32g483retx.o
                0x08000000                g_pfnVectors
                0x080001d8                        . = ALIGN (0x4)

.text           0x080001e0    0x144d8
                0x080001e0                        . = ALIGN (0x4)
 *(.text)
 .text          0x080001e0       0x40 /opt/st/stm32cubeide_1.19.0/plugins/com.st.stm32cube.ide.mcu.externaltools.gnu-tools-for-stm32.13.3.rel1.linux64_1.0.0.202410170706/tools/bin/../lib/gcc/arm-none-eabi/13.3.1/thumb/v7e-m+fp/hard/crtbegin.o
 .text          0x08000220      0x21c /opt/st/stm32cubeide_1.19.0/plugins/com.st.stm32cube.ide.mcu.externaltools.gnu-tools-for-stm32.13.3.rel1.linux64_1.0.0.202410170706/tools/bin/../lib/gcc/arm-none-eabi/13.3.1/thumb/v7e-m+fp/hard/libgcc.a(_arm_addsubsf3.o)
                0x08000220                __aeabi_frsub
                0x08000228                __subsf3
                0x08000228                __aeabi_fsub
                0x0800022c                __aeabi_fadd
                0x0800022c                __addsf3
                0x0800038c                __aeabi_ui2f
                0x0800038c                __floatunsisf
                0x08000394                __aeabi_i2f
                0x08000394                __floatsisf
                0x080003b0                __floatundisf
                0x080003b0                __aeabi_ul2f
                0x080003c0                __floatdisf
                0x080003c0                __aeabi_l2f
 .text          0x0800043c       0xa0 /opt/st/stm32cubeide_1.19.0/plugins/com.st.stm32cube.ide.mcu.externaltools.gnu-tools-for-stm32.13.3.rel1.linux64_1.0.0.202410170706/tools/bin/../lib/gcc/arm-none-eabi/13.3.1/thumb/v7e-m+fp/hard/libgcc.a(_aeabi_ldivmod.o)
                0x0800043c                __aeabi_ldivmod
 .text          0x080004dc      0x2f8 /opt/st/stm32cubeide_1.19.0/plugins/com.st.stm32cube.ide.mcu.externaltools.gnu-tools-for-stm32.13.3.rel1.linux64_1.0.0.202410170706/tools/bin/../lib/gcc/arm-none-eabi/13.3.1/thumb/v7e-m+fp/hard/libgcc.a(_udivmoddi4.o)
                0x080004dc                __udivmoddi4
 .text          0x080007d4        0x4 /opt/st/stm32cubeide_1.19.0/plugins/com.st.stm32cube.ide.mcu.externaltools.gnu-tools-for-stm32.13.3.rel1.linux64_1.0.0.202410170706/tools/bin/../lib/gcc/arm-none-eabi/13.3.1/thumb/v7e-m+fp/hard/libgcc.a(_dvmd_tls.o)
                0x080007d4                __aeabi_ldiv0
                0x080007d4                __aeabi_idiv0
 *(.text*)
 .text.HAL_TIM_PWM_PulseFinishedCallback
                0x080007d8       0x30 ./Core/Src/main.o
                0x080007d8                HAL_TIM_PWM_PulseFinishedCallback
 .text.main     0x08000808       0x64 ./Core/Src/main.o
                0x08000808                main
 .text.SystemClock_Config
                0x0800086c       0x94 ./Core/Src/main.o
                0x0800086c                SystemClock_Config
 .text.MX_ADC3_Init
                0x08000900       0xf0 ./Core/Src/main.o
 .text.MX_SPI3_Init
                0x080009f0       0x7c ./Core/Src/main.o
 .text.MX_TIM1_Init
                0x08000a6c      0x168 ./Core/Src/main.o
 .text.MX_TIM2_Init
                0x08000bd4       0xf4 ./Core/Src/main.o
 .text.MX_TIM5_Init
                0x08000cc8       0xc8 ./Core/Src/main.o
 .text.MX_TIM7_Init
                0x08000d90       0x6c ./Core/Src/main.o
 .text.MX_TIM15_Init
                0x08000dfc      0x15c ./Core/Src/main.o
 .text.MX_DMA_Init
                0x08000f58       0x64 ./Core/Src/main.o
 .text.MX_GPIO_Init
                0x08000fbc      0x204 ./Core/Src/main.o
 .text.StartDefaultTask
                0x080011c0       0x10 ./Core/Src/main.o
                0x080011c0                StartDefaultTask
 .text.HAL_TIM_PeriodElapsedCallback
                0x080011d0       0x24 ./Core/Src/main.o
                0x080011d0                HAL_TIM_PeriodElapsedCallback
 .text.Error_Handler
                0x080011f4        0xc ./Core/Src/main.o
                0x080011f4                Error_Handler
 .text.HAL_MspInit
                0x08001200       0x54 ./Core/Src/stm32g4xx_hal_msp.o
                0x08001200                HAL_MspInit
 .text.HAL_ADC_MspInit
                0x08001254       0xac ./Core/Src/stm32g4xx_hal_msp.o
                0x08001254                HAL_ADC_MspInit
 .text.HAL_SPI_MspInit
                0x08001300       0x88 ./Core/Src/stm32g4xx_hal_msp.o
                0x08001300                HAL_SPI_MspInit
 .text.HAL_TIM_Base_MspInit
                0x08001388      0x110 ./Core/Src/stm32g4xx_hal_msp.o
                0x08001388                HAL_TIM_Base_MspInit
 .text.HAL_TIM_PWM_MspInit
                0x08001498       0x9c ./Core/Src/stm32g4xx_hal_msp.o
                0x08001498                HAL_TIM_PWM_MspInit
 .text.HAL_TIM_MspPostInit
                0x08001534      0x14c ./Core/Src/stm32g4xx_hal_msp.o
                0x08001534                HAL_TIM_MspPostInit
 .text.HAL_InitTick
                0x08001680       0xd8 ./Core/Src/stm32g4xx_hal_timebase_tim.o
                0x08001680                HAL_InitTick
 .text.NMI_Handler
                0x08001758        0x8 ./Core/Src/stm32g4xx_it.o
                0x08001758                NMI_Handler
 .text.HardFault_Handler
                0x08001760        0x8 ./Core/Src/stm32g4xx_it.o
                0x08001760                HardFault_Handler
 .text.MemManage_Handler
                0x08001768        0x8 ./Core/Src/stm32g4xx_it.o
                0x08001768                MemManage_Handler
 .text.BusFault_Handler
                0x08001770        0x8 ./Core/Src/stm32g4xx_it.o
                0x08001770                BusFault_Handler
 .text.UsageFault_Handler
                0x08001778        0x8 ./Core/Src/stm32g4xx_it.o
                0x08001778                UsageFault_Handler
 .text.DebugMon_Handler
                0x08001780        0xe ./Core/Src/stm32g4xx_it.o
                0x08001780                DebugMon_Handler
 *fill*         0x0800178e        0x2 
 .text.DMA1_Channel1_IRQHandler
                0x08001790       0x14 ./Core/Src/stm32g4xx_it.o
                0x08001790                DMA1_Channel1_IRQHandler
 .text.DMA1_Channel2_IRQHandler
                0x080017a4       0x14 ./Core/Src/stm32g4xx_it.o
                0x080017a4                DMA1_Channel2_IRQHandler
 .text.USB_LP_IRQHandler
                0x080017b8       0x14 ./Core/Src/stm32g4xx_it.o
                0x080017b8                USB_LP_IRQHandler
 .text.TIM6_DAC_IRQHandler
                0x080017cc       0x14 ./Core/Src/stm32g4xx_it.o
                0x080017cc                TIM6_DAC_IRQHandler
 .text._sbrk    0x080017e0       0x6c ./Core/Src/sysmem.o
                0x080017e0                _sbrk
 .text.SystemInit
                0x0800184c       0x24 ./Core/Src/system_stm32g4xx.o
                0x0800184c                SystemInit
 .text.Reset_Handler
                0x08001870       0x50 ./Core/Startup/startup_stm32g483retx.o
                0x08001870                Reset_Handler
 .text.Default_Handler
                0x080018c0        0x2 ./Core/Startup/startup_stm32g483retx.o
                0x080018c0                RTC_Alarm_IRQHandler
                0x080018c0                EXTI2_IRQHandler
                0x080018c0                TIM8_TRG_COM_IRQHandler
                0x080018c0                TIM8_CC_IRQHandler
                0x080018c0                SPI4_IRQHandler
                0x080018c0                FDCAN3_IT0_IRQHandler
                0x080018c0                TIM1_CC_IRQHandler
                0x080018c0                USB_HP_IRQHandler
                0x080018c0                CORDIC_IRQHandler
                0x080018c0                DMA2_Channel8_IRQHandler
                0x080018c0                EXTI3_IRQHandler
                0x080018c0                I2C3_ER_IRQHandler
                0x080018c0                EXTI0_IRQHandler
                0x080018c0                I2C2_EV_IRQHandler
                0x080018c0                FPU_IRQHandler
                0x080018c0                FDCAN1_IT1_IRQHandler
                0x080018c0                TIM1_UP_TIM16_IRQHandler
                0x080018c0                ADC1_2_IRQHandler
                0x080018c0                SPI1_IRQHandler
                0x080018c0                TIM8_UP_IRQHandler
                0x080018c0                DMA2_Channel2_IRQHandler
                0x080018c0                DMA1_Channel4_IRQHandler
                0x080018c0                TIM20_TRG_COM_IRQHandler
                0x080018c0                USART3_IRQHandler
                0x080018c0                DMA1_Channel7_IRQHandler
                0x080018c0                UART5_IRQHandler
                0x080018c0                ADC3_IRQHandler
                0x080018c0                TIM4_IRQHandler
                0x080018c0                DMA2_Channel1_IRQHandler
                0x080018c0                QUADSPI_IRQHandler
                0x080018c0                I2C1_EV_IRQHandler
                0x080018c0                DMA1_Channel6_IRQHandler
                0x080018c0                UART4_IRQHandler
                0x080018c0                DMA2_Channel4_IRQHandler
                0x080018c0                TIM3_IRQHandler
                0x080018c0                RCC_IRQHandler
                0x080018c0                TIM20_UP_IRQHandler
                0x080018c0                Default_Handler
                0x080018c0                DMA2_Channel7_IRQHandler
                0x080018c0                RTC_TAMP_LSECSS_IRQHandler
                0x080018c0                FMAC_IRQHandler
                0x080018c0                EXTI15_10_IRQHandler
                0x080018c0                DMA1_Channel8_IRQHandler
                0x080018c0                TIM7_DAC_IRQHandler
                0x080018c0                FDCAN3_IT1_IRQHandler
                0x080018c0                TIM5_IRQHandler
                0x080018c0                UCPD1_IRQHandler
                0x080018c0                I2C3_EV_IRQHandler
                0x080018c0                EXTI9_5_IRQHandler
                0x080018c0                RTC_WKUP_IRQHandler
                0x080018c0                PVD_PVM_IRQHandler
                0x080018c0                SPI2_IRQHandler
                0x080018c0                ADC5_IRQHandler
                0x080018c0                DMA2_Channel5_IRQHandler
                0x080018c0                CRS_IRQHandler
                0x080018c0                DMA1_Channel5_IRQHandler
                0x080018c0                EXTI4_IRQHandler
                0x080018c0                RNG_IRQHandler
                0x080018c0                TIM1_TRG_COM_TIM17_IRQHandler
                0x080018c0                FDCAN2_IT1_IRQHandler
                0x080018c0                DMA1_Channel3_IRQHandler
                0x080018c0                ADC4_IRQHandler
                0x080018c0                WWDG_IRQHandler
                0x080018c0                I2C4_EV_IRQHandler
                0x080018c0                FDCAN2_IT0_IRQHandler
                0x080018c0                LPUART1_IRQHandler
                0x080018c0                DMA2_Channel6_IRQHandler
                0x080018c0                FDCAN1_IT0_IRQHandler
                0x080018c0                TIM2_IRQHandler
                0x080018c0                COMP7_IRQHandler
                0x080018c0                COMP1_2_3_IRQHandler
                0x080018c0                EXTI1_IRQHandler
                0x080018c0                AES_IRQHandler
                0x080018c0                USART2_IRQHandler
                0x080018c0                COMP4_5_6_IRQHandler
                0x080018c0                TIM20_BRK_IRQHandler
                0x080018c0                I2C2_ER_IRQHandler
                0x080018c0                TIM8_BRK_IRQHandler
                0x080018c0                FLASH_IRQHandler
                0x080018c0                TIM20_CC_IRQHandler
                0x080018c0                USART1_IRQHandler
                0x080018c0                SPI3_IRQHandler
                0x080018c0                I2C1_ER_IRQHandler
                0x080018c0                FMC_IRQHandler
                0x080018c0                LPTIM1_IRQHandler
                0x080018c0                DMAMUX_OVR_IRQHandler
                0x080018c0                I2C4_ER_IRQHandler
                0x080018c0                USBWakeUp_IRQHandler
                0x080018c0                SAI1_IRQHandler
                0x080018c0                DMA2_Channel3_IRQHandler
                0x080018c0                TIM1_BRK_TIM15_IRQHandler
 .text.HAL_Init
                0x080018c2       0x30 ./Drivers/STM32G4xx_HAL_Driver/Src/stm32g4xx_hal.o
                0x080018c2                HAL_Init
 *fill*         0x080018f2        0x2 
 .text.HAL_IncTick
                0x080018f4       0x24 ./Drivers/STM32G4xx_HAL_Driver/Src/stm32g4xx_hal.o
                0x080018f4                HAL_IncTick
 .text.HAL_GetTick
                0x08001918       0x18 ./Drivers/STM32G4xx_HAL_Driver/Src/stm32g4xx_hal.o
                0x08001918                HAL_GetTick
 .text.HAL_Delay
                0x08001930       0x44 ./Drivers/STM32G4xx_HAL_Driver/Src/stm32g4xx_hal.o
                0x08001930                HAL_Delay
 .text.LL_ADC_SetCommonClock
                0x08001974       0x26 ./Drivers/STM32G4xx_HAL_Driver/Src/stm32g4xx_hal_adc.o
 .text.LL_ADC_SetCommonPathInternalCh
                0x0800199a       0x26 ./Drivers/STM32G4xx_HAL_Driver/Src/stm32g4xx_hal_adc.o
 .text.LL_ADC_GetCommonPathInternalCh
                0x080019c0       0x1c ./Drivers/STM32G4xx_HAL_Driver/Src/stm32g4xx_hal_adc.o
 .text.LL_ADC_SetOffset
                0x080019dc       0x48 ./Drivers/STM32G4xx_HAL_Driver/Src/stm32g4xx_hal_adc.o
 .text.LL_ADC_GetOffsetChannel
                0x08001a24       0x2c ./Drivers/STM32G4xx_HAL_Driver/Src/stm32g4xx_hal_adc.o
 .text.LL_ADC_SetOffsetState
                0x08001a50       0x36 ./Drivers/STM32G4xx_HAL_Driver/Src/stm32g4xx_hal_adc.o
 .text.LL_ADC_SetOffsetSign
                0x08001a86       0x36 ./Drivers/STM32G4xx_HAL_Driver/Src/stm32g4xx_hal_adc.o
 .text.LL_ADC_SetOffsetSaturation
                0x08001abc       0x36 ./Drivers/STM32G4xx_HAL_Driver/Src/stm32g4xx_hal_adc.o
 .text.LL_ADC_SetSamplingTimeCommonConfig
                0x08001af2       0x26 ./Drivers/STM32G4xx_HAL_Driver/Src/stm32g4xx_hal_adc.o
 .text.LL_ADC_REG_SetSequencerRanks
                0x08001b18       0x58 ./Drivers/STM32G4xx_HAL_Driver/Src/stm32g4xx_hal_adc.o
 .text.LL_ADC_SetChannelSamplingTime
                0x08001b70       0x56 ./Drivers/STM32G4xx_HAL_Driver/Src/stm32g4xx_hal_adc.o
 *fill*         0x08001bc6        0x2 
 .text.LL_ADC_SetChannelSingleDiff
                0x08001bc8       0x48 ./Drivers/STM32G4xx_HAL_Driver/Src/stm32g4xx_hal_adc.o
 .text.LL_ADC_DisableDeepPowerDown
                0x08001c10       0x24 ./Drivers/STM32G4xx_HAL_Driver/Src/stm32g4xx_hal_adc.o
 .text.LL_ADC_IsDeepPowerDownEnabled
                0x08001c34       0x28 ./Drivers/STM32G4xx_HAL_Driver/Src/stm32g4xx_hal_adc.o
 .text.LL_ADC_EnableInternalRegulator
                0x08001c5c       0x28 ./Drivers/STM32G4xx_HAL_Driver/Src/stm32g4xx_hal_adc.o
 .text.LL_ADC_IsInternalRegulatorEnabled
                0x08001c84       0x28 ./Drivers/STM32G4xx_HAL_Driver/Src/stm32g4xx_hal_adc.o
 .text.LL_ADC_IsEnabled
                0x08001cac       0x26 ./Drivers/STM32G4xx_HAL_Driver/Src/stm32g4xx_hal_adc.o
 .text.LL_ADC_REG_IsConversionOngoing
                0x08001cd2       0x26 ./Drivers/STM32G4xx_HAL_Driver/Src/stm32g4xx_hal_adc.o
 .text.LL_ADC_INJ_IsConversionOngoing
                0x08001cf8       0x26 ./Drivers/STM32G4xx_HAL_Driver/Src/stm32g4xx_hal_adc.o
 *fill*         0x08001d1e        0x2 
 .text.HAL_ADC_Init
                0x08001d20      0x378 ./Drivers/STM32G4xx_HAL_Driver/Src/stm32g4xx_hal_adc.o
                0x08001d20                HAL_ADC_Init
 .text.HAL_ADC_ConfigChannel
                0x08002098      0x880 ./Drivers/STM32G4xx_HAL_Driver/Src/stm32g4xx_hal_adc.o
                0x08002098                HAL_ADC_ConfigChannel
 .text.LL_ADC_IsEnabled
                0x08002918       0x26 ./Drivers/STM32G4xx_HAL_Driver/Src/stm32g4xx_hal_adc_ex.o
 .text.LL_ADC_REG_IsConversionOngoing
                0x0800293e       0x26 ./Drivers/STM32G4xx_HAL_Driver/Src/stm32g4xx_hal_adc_ex.o
 .text.HAL_ADCEx_MultiModeConfigChannel
                0x08002964      0x210 ./Drivers/STM32G4xx_HAL_Driver/Src/stm32g4xx_hal_adc_ex.o
                0x08002964                HAL_ADCEx_MultiModeConfigChannel
 .text.__NVIC_SetPriorityGrouping
                0x08002b74       0x48 ./Drivers/STM32G4xx_HAL_Driver/Src/stm32g4xx_hal_cortex.o
 .text.__NVIC_GetPriorityGrouping
                0x08002bbc       0x1c ./Drivers/STM32G4xx_HAL_Driver/Src/stm32g4xx_hal_cortex.o
 .text.__NVIC_EnableIRQ
                0x08002bd8       0x3c ./Drivers/STM32G4xx_HAL_Driver/Src/stm32g4xx_hal_cortex.o
 .text.__NVIC_SetPriority
                0x08002c14       0x54 ./Drivers/STM32G4xx_HAL_Driver/Src/stm32g4xx_hal_cortex.o
 .text.NVIC_EncodePriority
                0x08002c68       0x66 ./Drivers/STM32G4xx_HAL_Driver/Src/stm32g4xx_hal_cortex.o
 .text.HAL_NVIC_SetPriorityGrouping
                0x08002cce       0x16 ./Drivers/STM32G4xx_HAL_Driver/Src/stm32g4xx_hal_cortex.o
                0x08002cce                HAL_NVIC_SetPriorityGrouping
 .text.HAL_NVIC_SetPriority
                0x08002ce4       0x34 ./Drivers/STM32G4xx_HAL_Driver/Src/stm32g4xx_hal_cortex.o
                0x08002ce4                HAL_NVIC_SetPriority
 .text.HAL_NVIC_EnableIRQ
                0x08002d18       0x1c ./Drivers/STM32G4xx_HAL_Driver/Src/stm32g4xx_hal_cortex.o
                0x08002d18                HAL_NVIC_EnableIRQ
 .text.HAL_DMA_Init
                0x08002d34      0x150 ./Drivers/STM32G4xx_HAL_Driver/Src/stm32g4xx_hal_dma.o
                0x08002d34                HAL_DMA_Init
 .text.HAL_DMA_Start_IT
                0x08002e84       0xf6 ./Drivers/STM32G4xx_HAL_Driver/Src/stm32g4xx_hal_dma.o
                0x08002e84                HAL_DMA_Start_IT
 .text.HAL_DMA_Abort_IT
                0x08002f7a       0xce ./Drivers/STM32G4xx_HAL_Driver/Src/stm32g4xx_hal_dma.o
                0x08002f7a                HAL_DMA_Abort_IT
 .text.HAL_DMA_IRQHandler
                0x08003048      0x15e ./Drivers/STM32G4xx_HAL_Driver/Src/stm32g4xx_hal_dma.o
                0x08003048                HAL_DMA_IRQHandler
 .text.DMA_SetConfig
                0x080031a6       0x7c ./Drivers/STM32G4xx_HAL_Driver/Src/stm32g4xx_hal_dma.o
 *fill*         0x08003222        0x2 
 .text.DMA_CalcDMAMUXChannelBaseAndMask
                0x08003224       0x7c ./Drivers/STM32G4xx_HAL_Driver/Src/stm32g4xx_hal_dma.o
 .text.DMA_CalcDMAMUXRequestGenBaseAndMask
                0x080032a0       0x48 ./Drivers/STM32G4xx_HAL_Driver/Src/stm32g4xx_hal_dma.o
 .text.HAL_GPIO_Init
                0x080032e8      0x304 ./Drivers/STM32G4xx_HAL_Driver/Src/stm32g4xx_hal_gpio.o
                0x080032e8                HAL_GPIO_Init
 .text.HAL_GPIO_DeInit
                0x080035ec      0x1c4 ./Drivers/STM32G4xx_HAL_Driver/Src/stm32g4xx_hal_gpio.o
                0x080035ec                HAL_GPIO_DeInit
 .text.HAL_GPIO_ReadPin
                0x080037b0       0x30 ./Drivers/STM32G4xx_HAL_Driver/Src/stm32g4xx_hal_gpio.o
                0x080037b0                HAL_GPIO_ReadPin
 .text.HAL_GPIO_WritePin
                0x080037e0       0x30 ./Drivers/STM32G4xx_HAL_Driver/Src/stm32g4xx_hal_gpio.o
                0x080037e0                HAL_GPIO_WritePin
 .text.HAL_PCD_Init
                0x08003810      0x19c ./Drivers/STM32G4xx_HAL_Driver/Src/stm32g4xx_hal_pcd.o
                0x08003810                HAL_PCD_Init
 .text.HAL_PCD_Start
                0x080039ac       0x44 ./Drivers/STM32G4xx_HAL_Driver/Src/stm32g4xx_hal_pcd.o
                0x080039ac                HAL_PCD_Start
 .text.HAL_PCD_IRQHandler
                0x080039f0      0x24e ./Drivers/STM32G4xx_HAL_Driver/Src/stm32g4xx_hal_pcd.o
                0x080039f0                HAL_PCD_IRQHandler
 .text.HAL_PCD_SetAddress
                0x08003c3e       0x48 ./Drivers/STM32G4xx_HAL_Driver/Src/stm32g4xx_hal_pcd.o
                0x08003c3e                HAL_PCD_SetAddress
 .text.HAL_PCD_EP_Open
                0x08003c86       0xbe ./Drivers/STM32G4xx_HAL_Driver/Src/stm32g4xx_hal_pcd.o
                0x08003c86                HAL_PCD_EP_Open
 .text.HAL_PCD_EP_Close
                0x08003d44       0x90 ./Drivers/STM32G4xx_HAL_Driver/Src/stm32g4xx_hal_pcd.o
                0x08003d44                HAL_PCD_EP_Close
 .text.HAL_PCD_EP_Receive
                0x08003dd4       0x62 ./Drivers/STM32G4xx_HAL_Driver/Src/stm32g4xx_hal_pcd.o
                0x08003dd4                HAL_PCD_EP_Receive
 .text.HAL_PCD_EP_GetRxCount
                0x08003e36       0x30 ./Drivers/STM32G4xx_HAL_Driver/Src/stm32g4xx_hal_pcd.o
                0x08003e36                HAL_PCD_EP_GetRxCount
 .text.HAL_PCD_EP_Transmit
                0x08003e66       0x6e ./Drivers/STM32G4xx_HAL_Driver/Src/stm32g4xx_hal_pcd.o
                0x08003e66                HAL_PCD_EP_Transmit
 .text.HAL_PCD_EP_SetStall
                0x08003ed4       0xa4 ./Drivers/STM32G4xx_HAL_Driver/Src/stm32g4xx_hal_pcd.o
                0x08003ed4                HAL_PCD_EP_SetStall
 .text.HAL_PCD_EP_ClrStall
                0x08003f78       0xa8 ./Drivers/STM32G4xx_HAL_Driver/Src/stm32g4xx_hal_pcd.o
                0x08003f78                HAL_PCD_EP_ClrStall
 .text.PCD_EP_ISR_Handler
                0x08004020      0x68e ./Drivers/STM32G4xx_HAL_Driver/Src/stm32g4xx_hal_pcd.o
 .text.HAL_PCD_EP_DB_Receive
                0x080046ae      0x212 ./Drivers/STM32G4xx_HAL_Driver/Src/stm32g4xx_hal_pcd.o
 .text.HAL_PCD_EP_DB_Transmit
                0x080048c0      0x878 ./Drivers/STM32G4xx_HAL_Driver/Src/stm32g4xx_hal_pcd.o
 .text.HAL_PCDEx_PMAConfig
                0x08005138       0x86 ./Drivers/STM32G4xx_HAL_Driver/Src/stm32g4xx_hal_pcd_ex.o
                0x08005138                HAL_PCDEx_PMAConfig
 .text.HAL_PCDEx_ActivateLPM
                0x080051be       0x54 ./Drivers/STM32G4xx_HAL_Driver/Src/stm32g4xx_hal_pcd_ex.o
                0x080051be                HAL_PCDEx_ActivateLPM
 *fill*         0x08005212        0x2 
 .text.HAL_PWREx_ControlVoltageScaling
                0x08005214      0x148 ./Drivers/STM32G4xx_HAL_Driver/Src/stm32g4xx_hal_pwr_ex.o
                0x08005214                HAL_PWREx_ControlVoltageScaling
 .text.HAL_PWREx_DisableUCPDDeadBattery
                0x0800535c       0x20 ./Drivers/STM32G4xx_HAL_Driver/Src/stm32g4xx_hal_pwr_ex.o
                0x0800535c                HAL_PWREx_DisableUCPDDeadBattery
 .text.HAL_RCC_OscConfig
                0x0800537c      0x624 ./Drivers/STM32G4xx_HAL_Driver/Src/stm32g4xx_hal_rcc.o
                0x0800537c                HAL_RCC_OscConfig
 .text.HAL_RCC_ClockConfig
                0x080059a0      0x278 ./Drivers/STM32G4xx_HAL_Driver/Src/stm32g4xx_hal_rcc.o
                0x080059a0                HAL_RCC_ClockConfig
 .text.HAL_RCC_GetSysClockFreq
                0x08005c18       0xc4 ./Drivers/STM32G4xx_HAL_Driver/Src/stm32g4xx_hal_rcc.o
                0x08005c18                HAL_RCC_GetSysClockFreq
 .text.HAL_RCC_GetHCLKFreq
                0x08005cdc       0x18 ./Drivers/STM32G4xx_HAL_Driver/Src/stm32g4xx_hal_rcc.o
                0x08005cdc                HAL_RCC_GetHCLKFreq
 .text.HAL_RCC_GetPCLK1Freq
                0x08005cf4       0x2c ./Drivers/STM32G4xx_HAL_Driver/Src/stm32g4xx_hal_rcc.o
                0x08005cf4                HAL_RCC_GetPCLK1Freq
 .text.HAL_RCC_GetPCLK2Freq
                0x08005d20       0x2c ./Drivers/STM32G4xx_HAL_Driver/Src/stm32g4xx_hal_rcc.o
                0x08005d20                HAL_RCC_GetPCLK2Freq
 .text.HAL_RCC_GetClockConfig
                0x08005d4c       0x64 ./Drivers/STM32G4xx_HAL_Driver/Src/stm32g4xx_hal_rcc.o
                0x08005d4c                HAL_RCC_GetClockConfig
 .text.RCC_GetSysClockFreqFromPLLSource
                0x08005db0       0x8c ./Drivers/STM32G4xx_HAL_Driver/Src/stm32g4xx_hal_rcc.o
 .text.HAL_RCCEx_PeriphCLKConfig
                0x08005e3c      0x49c ./Drivers/STM32G4xx_HAL_Driver/Src/stm32g4xx_hal_rcc_ex.o
                0x08005e3c                HAL_RCCEx_PeriphCLKConfig
 .text.HAL_SPI_Init
                0x080062d8      0x156 ./Drivers/STM32G4xx_HAL_Driver/Src/stm32g4xx_hal_spi.o
                0x080062d8                HAL_SPI_Init
 .text.HAL_TIM_Base_Init
                0x0800642e       0xae ./Drivers/STM32G4xx_HAL_Driver/Src/stm32g4xx_hal_tim.o
                0x0800642e                HAL_TIM_Base_Init
 .text.HAL_TIM_Base_Stop
                0x080064dc       0x4e ./Drivers/STM32G4xx_HAL_Driver/Src/stm32g4xx_hal_tim.o
                0x080064dc                HAL_TIM_Base_Stop
 *fill*         0x0800652a        0x2 
 .text.HAL_TIM_Base_Start_IT
                0x0800652c       0xf0 ./Drivers/STM32G4xx_HAL_Driver/Src/stm32g4xx_hal_tim.o
                0x0800652c                HAL_TIM_Base_Start_IT
 .text.HAL_TIM_PWM_Init
                0x0800661c       0xae ./Drivers/STM32G4xx_HAL_Driver/Src/stm32g4xx_hal_tim.o
                0x0800661c                HAL_TIM_PWM_Init
 *fill*         0x080066ca        0x2 
 .text.HAL_TIM_PWM_Start
                0x080066cc      0x224 ./Drivers/STM32G4xx_HAL_Driver/Src/stm32g4xx_hal_tim.o
                0x080066cc                HAL_TIM_PWM_Start
 .text.HAL_TIM_PWM_Stop
                0x080068f0      0x138 ./Drivers/STM32G4xx_HAL_Driver/Src/stm32g4xx_hal_tim.o
                0x080068f0                HAL_TIM_PWM_Stop
 .text.HAL_TIM_PWM_Start_DMA
                0x08006a28      0x458 ./Drivers/STM32G4xx_HAL_Driver/Src/stm32g4xx_hal_tim.o
                0x08006a28                HAL_TIM_PWM_Start_DMA
 .text.HAL_TIM_PWM_Stop_DMA
                0x08006e80      0x1fc ./Drivers/STM32G4xx_HAL_Driver/Src/stm32g4xx_hal_tim.o
                0x08006e80                HAL_TIM_PWM_Stop_DMA
 .text.HAL_TIM_IRQHandler
                0x0800707c      0x29e ./Drivers/STM32G4xx_HAL_Driver/Src/stm32g4xx_hal_tim.o
                0x0800707c                HAL_TIM_IRQHandler
 *fill*         0x0800731a        0x2 
 .text.HAL_TIM_PWM_ConfigChannel
                0x0800731c      0x228 ./Drivers/STM32G4xx_HAL_Driver/Src/stm32g4xx_hal_tim.o
                0x0800731c                HAL_TIM_PWM_ConfigChannel
 .text.HAL_TIM_ConfigClockSource
                0x08007544      0x218 ./Drivers/STM32G4xx_HAL_Driver/Src/stm32g4xx_hal_tim.o
                0x08007544                HAL_TIM_ConfigClockSource
 .text.HAL_TIM_SlaveConfigSynchro
                0x0800775c       0x84 ./Drivers/STM32G4xx_HAL_Driver/Src/stm32g4xx_hal_tim.o
                0x0800775c                HAL_TIM_SlaveConfigSynchro
 .text.HAL_TIM_OC_DelayElapsedCallback
                0x080077e0       0x14 ./Drivers/STM32G4xx_HAL_Driver/Src/stm32g4xx_hal_tim.o
                0x080077e0                HAL_TIM_OC_DelayElapsedCallback
 .text.HAL_TIM_IC_CaptureCallback
                0x080077f4       0x14 ./Drivers/STM32G4xx_HAL_Driver/Src/stm32g4xx_hal_tim.o
                0x080077f4                HAL_TIM_IC_CaptureCallback
 .text.HAL_TIM_PWM_PulseFinishedHalfCpltCallback
                0x08007808       0x14 ./Drivers/STM32G4xx_HAL_Driver/Src/stm32g4xx_hal_tim.o
                0x08007808                HAL_TIM_PWM_PulseFinishedHalfCpltCallback
 .text.HAL_TIM_TriggerCallback
                0x0800781c       0x14 ./Drivers/STM32G4xx_HAL_Driver/Src/stm32g4xx_hal_tim.o
                0x0800781c                HAL_TIM_TriggerCallback
 .text.HAL_TIM_ErrorCallback
                0x08007830       0x14 ./Drivers/STM32G4xx_HAL_Driver/Src/stm32g4xx_hal_tim.o
                0x08007830                HAL_TIM_ErrorCallback
 .text.TIM_DMAError
                0x08007844       0x92 ./Drivers/STM32G4xx_HAL_Driver/Src/stm32g4xx_hal_tim.o
                0x08007844                TIM_DMAError
 .text.TIM_DMADelayPulseCplt
                0x080078d6       0xa8 ./Drivers/STM32G4xx_HAL_Driver/Src/stm32g4xx_hal_tim.o
 .text.TIM_DMADelayPulseHalfCplt
                0x0800797e       0x68 ./Drivers/STM32G4xx_HAL_Driver/Src/stm32g4xx_hal_tim.o
                0x0800797e                TIM_DMADelayPulseHalfCplt
 *fill*         0x080079e6        0x2 
 .text.TIM_Base_SetConfig
                0x080079e8      0x168 ./Drivers/STM32G4xx_HAL_Driver/Src/stm32g4xx_hal_tim.o
                0x080079e8                TIM_Base_SetConfig
 .text.TIM_OC1_SetConfig
                0x08007b50      0x134 ./Drivers/STM32G4xx_HAL_Driver/Src/stm32g4xx_hal_tim.o
 .text.TIM_OC2_SetConfig
                0x08007c84      0x128 ./Drivers/STM32G4xx_HAL_Driver/Src/stm32g4xx_hal_tim.o
                0x08007c84                TIM_OC2_SetConfig
 .text.TIM_OC3_SetConfig
                0x08007dac      0x124 ./Drivers/STM32G4xx_HAL_Driver/Src/stm32g4xx_hal_tim.o
 .text.TIM_OC4_SetConfig
                0x08007ed0      0x128 ./Drivers/STM32G4xx_HAL_Driver/Src/stm32g4xx_hal_tim.o
 .text.TIM_OC5_SetConfig
                0x08007ff8       0xd4 ./Drivers/STM32G4xx_HAL_Driver/Src/stm32g4xx_hal_tim.o
 .text.TIM_OC6_SetConfig
                0x080080cc       0xd8 ./Drivers/STM32G4xx_HAL_Driver/Src/stm32g4xx_hal_tim.o
 .text.TIM_SlaveTimer_SetConfig
                0x080081a4      0x1ac ./Drivers/STM32G4xx_HAL_Driver/Src/stm32g4xx_hal_tim.o
 .text.TIM_TI1_ConfigInputStage
                0x08008350       0x5e ./Drivers/STM32G4xx_HAL_Driver/Src/stm32g4xx_hal_tim.o
 .text.TIM_TI2_ConfigInputStage
                0x080083ae       0x60 ./Drivers/STM32G4xx_HAL_Driver/Src/stm32g4xx_hal_tim.o
 .text.TIM_ITRx_SetConfig
                0x0800840e       0x3a ./Drivers/STM32G4xx_HAL_Driver/Src/stm32g4xx_hal_tim.o
 .text.TIM_ETR_SetConfig
                0x08008448       0x40 ./Drivers/STM32G4xx_HAL_Driver/Src/stm32g4xx_hal_tim.o
                0x08008448                TIM_ETR_SetConfig
 .text.TIM_CCxChannelCmd
                0x08008488       0x4a ./Drivers/STM32G4xx_HAL_Driver/Src/stm32g4xx_hal_tim.o
                0x08008488                TIM_CCxChannelCmd
 *fill*         0x080084d2        0x2 
 .text.HAL_TIMEx_PWMN_Start
                0x080084d4      0x184 ./Drivers/STM32G4xx_HAL_Driver/Src/stm32g4xx_hal_tim_ex.o
                0x080084d4                HAL_TIMEx_PWMN_Start
 .text.HAL_TIMEx_PWMN_Stop
                0x08008658       0xba ./Drivers/STM32G4xx_HAL_Driver/Src/stm32g4xx_hal_tim_ex.o
                0x08008658                HAL_TIMEx_PWMN_Stop
 *fill*         0x08008712        0x2 
 .text.HAL_TIMEx_MasterConfigSynchronization
                0x08008714      0x12c ./Drivers/STM32G4xx_HAL_Driver/Src/stm32g4xx_hal_tim_ex.o
                0x08008714                HAL_TIMEx_MasterConfigSynchronization
 .text.HAL_TIMEx_ConfigBreakDeadTime
                0x08008840      0x128 ./Drivers/STM32G4xx_HAL_Driver/Src/stm32g4xx_hal_tim_ex.o
                0x08008840                HAL_TIMEx_ConfigBreakDeadTime
 .text.HAL_TIMEx_CommutCallback
                0x08008968       0x14 ./Drivers/STM32G4xx_HAL_Driver/Src/stm32g4xx_hal_tim_ex.o
                0x08008968                HAL_TIMEx_CommutCallback
 .text.HAL_TIMEx_BreakCallback
                0x0800897c       0x14 ./Drivers/STM32G4xx_HAL_Driver/Src/stm32g4xx_hal_tim_ex.o
                0x0800897c                HAL_TIMEx_BreakCallback
 .text.HAL_TIMEx_Break2Callback
                0x08008990       0x14 ./Drivers/STM32G4xx_HAL_Driver/Src/stm32g4xx_hal_tim_ex.o
                0x08008990                HAL_TIMEx_Break2Callback
 .text.HAL_TIMEx_EncoderIndexCallback
                0x080089a4       0x14 ./Drivers/STM32G4xx_HAL_Driver/Src/stm32g4xx_hal_tim_ex.o
                0x080089a4                HAL_TIMEx_EncoderIndexCallback
 .text.HAL_TIMEx_DirectionChangeCallback
                0x080089b8       0x14 ./Drivers/STM32G4xx_HAL_Driver/Src/stm32g4xx_hal_tim_ex.o
                0x080089b8                HAL_TIMEx_DirectionChangeCallback
 .text.HAL_TIMEx_IndexErrorCallback
                0x080089cc       0x14 ./Drivers/STM32G4xx_HAL_Driver/Src/stm32g4xx_hal_tim_ex.o
                0x080089cc                HAL_TIMEx_IndexErrorCallback
 .text.HAL_TIMEx_TransitionErrorCallback
                0x080089e0       0x14 ./Drivers/STM32G4xx_HAL_Driver/Src/stm32g4xx_hal_tim_ex.o
                0x080089e0                HAL_TIMEx_TransitionErrorCallback
 .text.TIM_CCxNChannelCmd
                0x080089f4       0x4a ./Drivers/STM32G4xx_HAL_Driver/Src/stm32g4xx_hal_tim_ex.o
 .text.USB_EnableGlobalInt
                0x08008a3e       0x2e ./Drivers/STM32G4xx_HAL_Driver/Src/stm32g4xx_ll_usb.o
                0x08008a3e                USB_EnableGlobalInt
 .text.USB_DisableGlobalInt
                0x08008a6c       0x36 ./Drivers/STM32G4xx_HAL_Driver/Src/stm32g4xx_ll_usb.o
                0x08008a6c                USB_DisableGlobalInt
 .text.USB_DevInit
                0x08008aa2       0x3c ./Drivers/STM32G4xx_HAL_Driver/Src/stm32g4xx_ll_usb.o
                0x08008aa2                USB_DevInit
 *fill*         0x08008ade        0x2 
 .text.USB_ActivateEndpoint
                0x08008ae0      0x9d0 ./Drivers/STM32G4xx_HAL_Driver/Src/stm32g4xx_ll_usb.o
                0x08008ae0                USB_ActivateEndpoint
 .text.USB_DeactivateEndpoint
                0x080094b0      0x3da ./Drivers/STM32G4xx_HAL_Driver/Src/stm32g4xx_ll_usb.o
                0x080094b0                USB_DeactivateEndpoint
 .text.USB_EPStartXfer
                0x0800988a      0xb5e ./Drivers/STM32G4xx_HAL_Driver/Src/stm32g4xx_ll_usb.o
                0x0800988a                USB_EPStartXfer
 .text.USB_EPSetStall
                0x0800a3e8       0xa2 ./Drivers/STM32G4xx_HAL_Driver/Src/stm32g4xx_ll_usb.o
                0x0800a3e8                USB_EPSetStall
 .text.USB_EPClearStall
                0x0800a48a      0x152 ./Drivers/STM32G4xx_HAL_Driver/Src/stm32g4xx_ll_usb.o
                0x0800a48a                USB_EPClearStall
 .text.USB_SetDevAddress
                0x0800a5dc       0x28 ./Drivers/STM32G4xx_HAL_Driver/Src/stm32g4xx_ll_usb.o
                0x0800a5dc                USB_SetDevAddress
 .text.USB_DevConnect
                0x0800a604       0x2e ./Drivers/STM32G4xx_HAL_Driver/Src/stm32g4xx_ll_usb.o
                0x0800a604                USB_DevConnect
 .text.USB_ReadInterrupts
                0x0800a632       0x20 ./Drivers/STM32G4xx_HAL_Driver/Src/stm32g4xx_ll_usb.o
                0x0800a632                USB_ReadInterrupts
 .text.USB_WritePMA
                0x0800a652       0x86 ./Drivers/STM32G4xx_HAL_Driver/Src/stm32g4xx_ll_usb.o
                0x0800a652                USB_WritePMA
 .text.USB_ReadPMA
                0x0800a6d8       0x98 ./Drivers/STM32G4xx_HAL_Driver/Src/stm32g4xx_ll_usb.o
                0x0800a6d8                USB_ReadPMA
 .text.USBD_CDC_Init
                0x0800a770       0xfe ./Middlewares/ST/STM32_USB_Device_Library/Class/CDC/Src/usbd_cdc.o
 .text.USBD_CDC_DeInit
                0x0800a86e       0x74 ./Middlewares/ST/STM32_USB_Device_Library/Class/CDC/Src/usbd_cdc.o
 *fill*         0x0800a8e2        0x2 
 .text.USBD_CDC_Setup
                0x0800a8e4      0x190 ./Middlewares/ST/STM32_USB_Device_Library/Class/CDC/Src/usbd_cdc.o
 .text.USBD_CDC_DataIn
                0x0800aa74       0xca ./Middlewares/ST/STM32_USB_Device_Library/Class/CDC/Src/usbd_cdc.o
 .text.USBD_CDC_DataOut
                0x0800ab3e       0x56 ./Middlewares/ST/STM32_USB_Device_Library/Class/CDC/Src/usbd_cdc.o
 .text.USBD_CDC_EP0_RxReady
                0x0800ab94       0x58 ./Middlewares/ST/STM32_USB_Device_Library/Class/CDC/Src/usbd_cdc.o
 .text.USBD_CDC_GetFSCfgDesc
                0x0800abec       0x20 ./Middlewares/ST/STM32_USB_Device_Library/Class/CDC/Src/usbd_cdc.o
 .text.USBD_CDC_GetHSCfgDesc
                0x0800ac0c       0x20 ./Middlewares/ST/STM32_USB_Device_Library/Class/CDC/Src/usbd_cdc.o
 .text.USBD_CDC_GetOtherSpeedCfgDesc
                0x0800ac2c       0x20 ./Middlewares/ST/STM32_USB_Device_Library/Class/CDC/Src/usbd_cdc.o
 .text.USBD_CDC_GetDeviceQualifierDescriptor
                0x0800ac4c       0x20 ./Middlewares/ST/STM32_USB_Device_Library/Class/CDC/Src/usbd_cdc.o
                0x0800ac4c                USBD_CDC_GetDeviceQualifierDescriptor
 .text.USBD_CDC_RegisterInterface
                0x0800ac6c       0x2a ./Middlewares/ST/STM32_USB_Device_Library/Class/CDC/Src/usbd_cdc.o
                0x0800ac6c                USBD_CDC_RegisterInterface
 .text.USBD_CDC_SetTxBuffer
                0x0800ac96       0x3c ./Middlewares/ST/STM32_USB_Device_Library/Class/CDC/Src/usbd_cdc.o
                0x0800ac96                USBD_CDC_SetTxBuffer
 .text.USBD_CDC_SetRxBuffer
                0x0800acd2       0x32 ./Middlewares/ST/STM32_USB_Device_Library/Class/CDC/Src/usbd_cdc.o
                0x0800acd2                USBD_CDC_SetRxBuffer
 .text.USBD_CDC_TransmitPacket
                0x0800ad04       0x60 ./Middlewares/ST/STM32_USB_Device_Library/Class/CDC/Src/usbd_cdc.o
                0x0800ad04                USBD_CDC_TransmitPacket
 .text.USBD_CDC_ReceivePacket
                0x0800ad64       0x54 ./Middlewares/ST/STM32_USB_Device_Library/Class/CDC/Src/usbd_cdc.o
                0x0800ad64                USBD_CDC_ReceivePacket
 .text.USBD_Init
                0x0800adb8       0x60 ./Middlewares/ST/STM32_USB_Device_Library/Core/Src/usbd_core.o
                0x0800adb8                USBD_Init
 .text.USBD_RegisterClass
                0x0800ae18       0x4e ./Middlewares/ST/STM32_USB_Device_Library/Core/Src/usbd_core.o
                0x0800ae18                USBD_RegisterClass
 .text.USBD_Start
                0x0800ae66       0x18 ./Middlewares/ST/STM32_USB_Device_Library/Core/Src/usbd_core.o
                0x0800ae66                USBD_Start
 .text.USBD_RunTestMode
                0x0800ae7e       0x16 ./Middlewares/ST/STM32_USB_Device_Library/Core/Src/usbd_core.o
                0x0800ae7e                USBD_RunTestMode
 .text.USBD_SetClassConfig
                0x0800ae94       0x38 ./Middlewares/ST/STM32_USB_Device_Library/Core/Src/usbd_core.o
                0x0800ae94                USBD_SetClassConfig
 .text.USBD_ClrClassConfig
                0x0800aecc       0x30 ./Middlewares/ST/STM32_USB_Device_Library/Core/Src/usbd_core.o
                0x0800aecc                USBD_ClrClassConfig
 .text.USBD_LL_SetupStage
                0x0800aefc       0xaa ./Middlewares/ST/STM32_USB_Device_Library/Core/Src/usbd_core.o
                0x0800aefc                USBD_LL_SetupStage
 .text.USBD_LL_DataOutStage
                0x0800afa6       0xc6 ./Middlewares/ST/STM32_USB_Device_Library/Core/Src/usbd_core.o
                0x0800afa6                USBD_LL_DataOutStage
 .text.USBD_LL_DataInStage
                0x0800b06c      0x12c ./Middlewares/ST/STM32_USB_Device_Library/Core/Src/usbd_core.o
                0x0800b06c                USBD_LL_DataInStage
 .text.USBD_LL_Reset
                0x0800b198       0x9c ./Middlewares/ST/STM32_USB_Device_Library/Core/Src/usbd_core.o
                0x0800b198                USBD_LL_Reset
 .text.USBD_LL_SetSpeed
                0x0800b234       0x20 ./Middlewares/ST/STM32_USB_Device_Library/Core/Src/usbd_core.o
                0x0800b234                USBD_LL_SetSpeed
 .text.USBD_LL_Suspend
                0x0800b254       0x2c ./Middlewares/ST/STM32_USB_Device_Library/Core/Src/usbd_core.o
                0x0800b254                USBD_LL_Suspend
 .text.USBD_LL_Resume
                0x0800b280       0x30 ./Middlewares/ST/STM32_USB_Device_Library/Core/Src/usbd_core.o
                0x0800b280                USBD_LL_Resume
 .text.USBD_LL_SOF
                0x0800b2b0       0x44 ./Middlewares/ST/STM32_USB_Device_Library/Core/Src/usbd_core.o
                0x0800b2b0                USBD_LL_SOF
 .text.SWAPBYTE
                0x0800b2f4       0x3e ./Middlewares/ST/STM32_USB_Device_Library/Core/Src/usbd_ctlreq.o
 *fill*         0x0800b332        0x2 
 .text.USBD_StdDevReq
                0x0800b334       0xdc ./Middlewares/ST/STM32_USB_Device_Library/Core/Src/usbd_ctlreq.o
                0x0800b334                USBD_StdDevReq
 .text.USBD_StdItfReq
                0x0800b410       0x92 ./Middlewares/ST/STM32_USB_Device_Library/Core/Src/usbd_ctlreq.o
                0x0800b410                USBD_StdItfReq
 .text.USBD_StdEPReq
                0x0800b4a2      0x2c4 ./Middlewares/ST/STM32_USB_Device_Library/Core/Src/usbd_ctlreq.o
                0x0800b4a2                USBD_StdEPReq
 *fill*         0x0800b766        0x2 
 .text.USBD_GetDescriptor
                0x0800b768      0x328 ./Middlewares/ST/STM32_USB_Device_Library/Core/Src/usbd_ctlreq.o
 .text.USBD_SetAddress
                0x0800ba90       0x88 ./Middlewares/ST/STM32_USB_Device_Library/Core/Src/usbd_ctlreq.o
 .text.USBD_SetConfig
                0x0800bb18      0x14c ./Middlewares/ST/STM32_USB_Device_Library/Core/Src/usbd_ctlreq.o
 .text.USBD_GetConfig
                0x0800bc64       0x6c ./Middlewares/ST/STM32_USB_Device_Library/Core/Src/usbd_ctlreq.o
 .text.USBD_GetStatus
                0x0800bcd0       0x68 ./Middlewares/ST/STM32_USB_Device_Library/Core/Src/usbd_ctlreq.o
 .text.USBD_SetFeature
                0x0800bd38       0x28 ./Middlewares/ST/STM32_USB_Device_Library/Core/Src/usbd_ctlreq.o
 .text.USBD_ClrFeature
                0x0800bd60       0x44 ./Middlewares/ST/STM32_USB_Device_Library/Core/Src/usbd_ctlreq.o
 .text.USBD_ParseSetupRequest
                0x0800bda4       0x74 ./Middlewares/ST/STM32_USB_Device_Library/Core/Src/usbd_ctlreq.o
                0x0800bda4                USBD_ParseSetupRequest
 .text.USBD_CtlError
                0x0800be18       0x22 ./Middlewares/ST/STM32_USB_Device_Library/Core/Src/usbd_ctlreq.o
                0x0800be18                USBD_CtlError
 .text.USBD_GetString
                0x0800be3a       0x8c ./Middlewares/ST/STM32_USB_Device_Library/Core/Src/usbd_ctlreq.o
                0x0800be3a                USBD_GetString
 .text.USBD_GetLen
                0x0800bec6       0x34 ./Middlewares/ST/STM32_USB_Device_Library/Core/Src/usbd_ctlreq.o
 .text.USBD_CtlSendData
                0x0800befa       0x36 ./Middlewares/ST/STM32_USB_Device_Library/Core/Src/usbd_ioreq.o
                0x0800befa                USBD_CtlSendData
 .text.USBD_CtlContinueSendData
                0x0800bf30       0x22 ./Middlewares/ST/STM32_USB_Device_Library/Core/Src/usbd_ioreq.o
                0x0800bf30                USBD_CtlContinueSendData
 .text.USBD_CtlPrepareRx
                0x0800bf52       0x3a ./Middlewares/ST/STM32_USB_Device_Library/Core/Src/usbd_ioreq.o
                0x0800bf52                USBD_CtlPrepareRx
 .text.USBD_CtlContinueRx
                0x0800bf8c       0x22 ./Middlewares/ST/STM32_USB_Device_Library/Core/Src/usbd_ioreq.o
                0x0800bf8c                USBD_CtlContinueRx
 .text.USBD_CtlSendStatus
                0x0800bfae       0x26 ./Middlewares/ST/STM32_USB_Device_Library/Core/Src/usbd_ioreq.o
                0x0800bfae                USBD_CtlSendStatus
 .text.USBD_CtlReceiveStatus
                0x0800bfd4       0x26 ./Middlewares/ST/STM32_USB_Device_Library/Core/Src/usbd_ioreq.o
                0x0800bfd4                USBD_CtlReceiveStatus
 *fill*         0x0800bffa        0x2 
 .text.__NVIC_SetPriority
                0x0800bffc       0x54 ./Middlewares/Third_Party/FreeRTOS/Source/CMSIS_RTOS_V2/cmsis_os2.o
 .text.SysTick_Handler
                0x0800c050       0x20 ./Middlewares/Third_Party/FreeRTOS/Source/CMSIS_RTOS_V2/cmsis_os2.o
                0x0800c050                SysTick_Handler
 .text.SVC_Setup
                0x0800c070       0x12 ./Middlewares/Third_Party/FreeRTOS/Source/CMSIS_RTOS_V2/cmsis_os2.o
 *fill*         0x0800c082        0x2 
 .text.osKernelInitialize
                0x0800c084       0x48 ./Middlewares/Third_Party/FreeRTOS/Source/CMSIS_RTOS_V2/cmsis_os2.o
                0x0800c084                osKernelInitialize
 .text.osKernelStart
                0x0800c0cc       0x4c ./Middlewares/Third_Party/FreeRTOS/Source/CMSIS_RTOS_V2/cmsis_os2.o
                0x0800c0cc                osKernelStart
 .text.osThreadNew
                0x0800c118      0x124 ./Middlewares/Third_Party/FreeRTOS/Source/CMSIS_RTOS_V2/cmsis_os2.o
                0x0800c118                osThreadNew
 .text.osDelay  0x0800c23c       0x36 ./Middlewares/Third_Party/FreeRTOS/Source/CMSIS_RTOS_V2/cmsis_os2.o
                0x0800c23c                osDelay
 *fill*         0x0800c272        0x2 
 .text.vApplicationGetIdleTaskMemory
                0x0800c274       0x34 ./Middlewares/Third_Party/FreeRTOS/Source/CMSIS_RTOS_V2/cmsis_os2.o
                0x0800c274                vApplicationGetIdleTaskMemory
 .text.vApplicationGetTimerTaskMemory
                0x0800c2a8       0x34 ./Middlewares/Third_Party/FreeRTOS/Source/CMSIS_RTOS_V2/cmsis_os2.o
                0x0800c2a8                vApplicationGetTimerTaskMemory
 .text.vListInitialise
                0x0800c2dc       0x40 ./Middlewares/Third_Party/FreeRTOS/Source/list.o
                0x0800c2dc                vListInitialise
 .text.vListInitialiseItem
                0x0800c31c       0x1a ./Middlewares/Third_Party/FreeRTOS/Source/list.o
                0x0800c31c                vListInitialiseItem
 .text.vListInsertEnd
                0x0800c336       0x48 ./Middlewares/Third_Party/FreeRTOS/Source/list.o
                0x0800c336                vListInsertEnd
 .text.vListInsert
                0x0800c37e       0x72 ./Middlewares/Third_Party/FreeRTOS/Source/list.o
                0x0800c37e                vListInsert
 .text.uxListRemove
                0x0800c3f0       0x54 ./Middlewares/Third_Party/FreeRTOS/Source/list.o
                0x0800c3f0                uxListRemove
 .text.xQueueGenericReset
                0x0800c444       0xd4 ./Middlewares/Third_Party/FreeRTOS/Source/queue.o
                0x0800c444                xQueueGenericReset
 .text.xQueueGenericCreateStatic
                0x0800c518       0xfa ./Middlewares/Third_Party/FreeRTOS/Source/queue.o
                0x0800c518                xQueueGenericCreateStatic
 .text.prvInitialiseNewQueue
                0x0800c612       0x46 ./Middlewares/Third_Party/FreeRTOS/Source/queue.o
 .text.xQueueGenericSend
                0x0800c658      0x204 ./Middlewares/Third_Party/FreeRTOS/Source/queue.o
                0x0800c658                xQueueGenericSend
 .text.xQueueGenericSendFromISR
                0x0800c85c      0x13c ./Middlewares/Third_Party/FreeRTOS/Source/queue.o
                0x0800c85c                xQueueGenericSendFromISR
 .text.xQueueGiveFromISR
                0x0800c998      0x120 ./Middlewares/Third_Party/FreeRTOS/Source/queue.o
                0x0800c998                xQueueGiveFromISR
 .text.xQueueReceive
                0x0800cab8      0x1c4 ./Middlewares/Third_Party/FreeRTOS/Source/queue.o
                0x0800cab8                xQueueReceive
 .text.xQueueSemaphoreTake
                0x0800cc7c      0x220 ./Middlewares/Third_Party/FreeRTOS/Source/queue.o
                0x0800cc7c                xQueueSemaphoreTake
 .text.vQueueDelete
                0x0800ce9c       0x48 ./Middlewares/Third_Party/FreeRTOS/Source/queue.o
                0x0800ce9c                vQueueDelete
 .text.prvGetDisinheritPriorityAfterTimeout
                0x0800cee4       0x30 ./Middlewares/Third_Party/FreeRTOS/Source/queue.o
 .text.prvCopyDataToQueue
                0x0800cf14       0xd4 ./Middlewares/Third_Party/FreeRTOS/Source/queue.o
 .text.prvCopyDataFromQueue
                0x0800cfe8       0x4c ./Middlewares/Third_Party/FreeRTOS/Source/queue.o
 .text.prvUnlockQueue
                0x0800d034       0xa4 ./Middlewares/Third_Party/FreeRTOS/Source/queue.o
 .text.prvIsQueueEmpty
                0x0800d0d8       0x2c ./Middlewares/Third_Party/FreeRTOS/Source/queue.o
 .text.prvIsQueueFull
                0x0800d104       0x30 ./Middlewares/Third_Party/FreeRTOS/Source/queue.o
 .text.vQueueAddToRegistry
                0x0800d134       0x54 ./Middlewares/Third_Party/FreeRTOS/Source/queue.o
                0x0800d134                vQueueAddToRegistry
 .text.vQueueUnregisterQueue
                0x0800d188       0x54 ./Middlewares/Third_Party/FreeRTOS/Source/queue.o
                0x0800d188                vQueueUnregisterQueue
 .text.vQueueWaitForMessageRestricted
                0x0800d1dc       0x68 ./Middlewares/Third_Party/FreeRTOS/Source/queue.o
                0x0800d1dc                vQueueWaitForMessageRestricted
 .text.xTaskCreateStatic
                0x0800d244       0xc0 ./Middlewares/Third_Party/FreeRTOS/Source/tasks.o
                0x0800d244                xTaskCreateStatic
 .text.xTaskCreate
                0x0800d304       0x8a ./Middlewares/Third_Party/FreeRTOS/Source/tasks.o
                0x0800d304                xTaskCreate
 .text.prvInitialiseNewTask
                0x0800d38e      0x120 ./Middlewares/Third_Party/FreeRTOS/Source/tasks.o
 *fill*         0x0800d4ae        0x2 
 .text.prvAddNewTaskToReadyList
                0x0800d4b0       0xe0 ./Middlewares/Third_Party/FreeRTOS/Source/tasks.o
 .text.vTaskDelete
                0x0800d590       0xe8 ./Middlewares/Third_Party/FreeRTOS/Source/tasks.o
                0x0800d590                vTaskDelete
 .text.vTaskDelay
                0x0800d678       0x6c ./Middlewares/Third_Party/FreeRTOS/Source/tasks.o
                0x0800d678                vTaskDelay
 .text.vTaskStartScheduler
                0x0800d6e4       0xd0 ./Middlewares/Third_Party/FreeRTOS/Source/tasks.o
                0x0800d6e4                vTaskStartScheduler
 .text.vTaskSuspendAll
                0x0800d7b4       0x1c ./Middlewares/Third_Party/FreeRTOS/Source/tasks.o
                0x0800d7b4                vTaskSuspendAll
 .text.xTaskResumeAll
                0x0800d7d0      0x13c ./Middlewares/Third_Party/FreeRTOS/Source/tasks.o
                0x0800d7d0                xTaskResumeAll
 .text.xTaskGetTickCount
                0x0800d90c       0x20 ./Middlewares/Third_Party/FreeRTOS/Source/tasks.o
                0x0800d90c                xTaskGetTickCount
 .text.xTaskIncrementTick
                0x0800d92c      0x174 ./Middlewares/Third_Party/FreeRTOS/Source/tasks.o
                0x0800d92c                xTaskIncrementTick
 .text.vTaskSwitchContext
                0x0800daa0       0xbc ./Middlewares/Third_Party/FreeRTOS/Source/tasks.o
                0x0800daa0                vTaskSwitchContext
 .text.vTaskPlaceOnEventList
                0x0800db5c       0x4c ./Middlewares/Third_Party/FreeRTOS/Source/tasks.o
                0x0800db5c                vTaskPlaceOnEventList
 .text.vTaskPlaceOnEventListRestricted
                0x0800dba8       0x58 ./Middlewares/Third_Party/FreeRTOS/Source/tasks.o
                0x0800dba8                vTaskPlaceOnEventListRestricted
 .text.xTaskRemoveFromEventList
                0x0800dc00       0xc8 ./Middlewares/Third_Party/FreeRTOS/Source/tasks.o
                0x0800dc00                xTaskRemoveFromEventList
 .text.vTaskInternalSetTimeOutState
                0x0800dcc8       0x2c ./Middlewares/Third_Party/FreeRTOS/Source/tasks.o
                0x0800dcc8                vTaskInternalSetTimeOutState
 .text.xTaskCheckForTimeOut
                0x0800dcf4       0xc8 ./Middlewares/Third_Party/FreeRTOS/Source/tasks.o
                0x0800dcf4                xTaskCheckForTimeOut
 .text.vTaskMissedYield
                0x0800ddbc       0x18 ./Middlewares/Third_Party/FreeRTOS/Source/tasks.o
                0x0800ddbc                vTaskMissedYield
 .text.prvIdleTask
                0x0800ddd4       0x30 ./Middlewares/Third_Party/FreeRTOS/Source/tasks.o
 .text.prvInitialiseTaskLists
                0x0800de04       0x80 ./Middlewares/Third_Party/FreeRTOS/Source/tasks.o
 .text.prvCheckTasksWaitingTermination
                0x0800de84       0x5c ./Middlewares/Third_Party/FreeRTOS/Source/tasks.o
 .text.prvDeleteTCB
                0x0800dee0       0x60 ./Middlewares/Third_Party/FreeRTOS/Source/tasks.o
 .text.prvResetNextTaskUnblockTime
                0x0800df40       0x40 ./Middlewares/Third_Party/FreeRTOS/Source/tasks.o
 .text.xTaskGetSchedulerState
                0x0800df80       0x3c ./Middlewares/Third_Party/FreeRTOS/Source/tasks.o
                0x0800df80                xTaskGetSchedulerState
 .text.xTaskPriorityInherit
                0x0800dfbc       0xd0 ./Middlewares/Third_Party/FreeRTOS/Source/tasks.o
                0x0800dfbc                xTaskPriorityInherit
 .text.xTaskPriorityDisinherit
                0x0800e08c       0xe0 ./Middlewares/Third_Party/FreeRTOS/Source/tasks.o
                0x0800e08c                xTaskPriorityDisinherit
 .text.vTaskPriorityDisinheritAfterTimeout
                0x0800e16c      0x108 ./Middlewares/Third_Party/FreeRTOS/Source/tasks.o
                0x0800e16c                vTaskPriorityDisinheritAfterTimeout
 .text.pvTaskIncrementMutexHeldCount
                0x0800e274       0x28 ./Middlewares/Third_Party/FreeRTOS/Source/tasks.o
                0x0800e274                pvTaskIncrementMutexHeldCount
 .text.prvAddCurrentTaskToDelayedList
                0x0800e29c       0xa8 ./Middlewares/Third_Party/FreeRTOS/Source/tasks.o
 .text.xTimerCreateTimerTask
                0x0800e344       0x94 ./Middlewares/Third_Party/FreeRTOS/Source/timers.o
                0x0800e344                xTimerCreateTimerTask
 .text.xTimerGenericCommand
                0x0800e3d8       0x9c ./Middlewares/Third_Party/FreeRTOS/Source/timers.o
                0x0800e3d8                xTimerGenericCommand
 .text.prvProcessExpiredTimer
                0x0800e474       0x9c ./Middlewares/Third_Party/FreeRTOS/Source/timers.o
 .text.prvTimerTask
                0x0800e510       0x26 ./Middlewares/Third_Party/FreeRTOS/Source/timers.o
 *fill*         0x0800e536        0x2 
 .text.prvProcessTimerOrBlockTask
                0x0800e538       0x9c ./Middlewares/Third_Party/FreeRTOS/Source/timers.o
 .text.prvGetNextExpireTime
                0x0800e5d4       0x48 ./Middlewares/Third_Party/FreeRTOS/Source/timers.o
 .text.prvSampleTimeNow
                0x0800e61c       0x40 ./Middlewares/Third_Party/FreeRTOS/Source/timers.o
 .text.prvInsertTimerInActiveList
                0x0800e65c       0x84 ./Middlewares/Third_Party/FreeRTOS/Source/timers.o
 .text.prvProcessReceivedCommands
                0x0800e6e0      0x1cc ./Middlewares/Third_Party/FreeRTOS/Source/timers.o
 .text.prvSwitchTimerLists
                0x0800e8ac       0xcc ./Middlewares/Third_Party/FreeRTOS/Source/timers.o
 .text.prvCheckForValidListAndQueue
                0x0800e978       0x80 ./Middlewares/Third_Party/FreeRTOS/Source/timers.o
 .text.pxPortInitialiseStack
                0x0800e9f8       0x68 ./Middlewares/Third_Party/FreeRTOS/Source/portable/GCC/ARM_CM4F/port.o
                0x0800e9f8                pxPortInitialiseStack
 .text.prvTaskExitError
                0x0800ea60       0x5c ./Middlewares/Third_Party/FreeRTOS/Source/portable/GCC/ARM_CM4F/port.o
 *fill*         0x0800eabc        0x4 
 .text.SVC_Handler
                0x0800eac0       0x28 ./Middlewares/Third_Party/FreeRTOS/Source/portable/GCC/ARM_CM4F/port.o
                0x0800eac0                SVC_Handler
 .text.prvPortStartFirstTask
                0x0800eae8       0x28 ./Middlewares/Third_Party/FreeRTOS/Source/portable/GCC/ARM_CM4F/port.o
 .text.xPortStartScheduler
                0x0800eb10      0x148 ./Middlewares/Third_Party/FreeRTOS/Source/portable/GCC/ARM_CM4F/port.o
                0x0800eb10                xPortStartScheduler
 .text.vPortEnterCritical
                0x0800ec58       0x64 ./Middlewares/Third_Party/FreeRTOS/Source/portable/GCC/ARM_CM4F/port.o
                0x0800ec58                vPortEnterCritical
 .text.vPortExitCritical
                0x0800ecbc       0x54 ./Middlewares/Third_Party/FreeRTOS/Source/portable/GCC/ARM_CM4F/port.o
                0x0800ecbc                vPortExitCritical
 .text.PendSV_Handler
                0x0800ed10       0x68 ./Middlewares/Third_Party/FreeRTOS/Source/portable/GCC/ARM_CM4F/port.o
                0x0800ed10                PendSV_Handler
 .text.xPortSysTickHandler
                0x0800ed78       0x44 ./Middlewares/Third_Party/FreeRTOS/Source/portable/GCC/ARM_CM4F/port.o
                0x0800ed78                xPortSysTickHandler
 .text.vPortSetupTimerInterrupt
                0x0800edbc       0x48 ./Middlewares/Third_Party/FreeRTOS/Source/portable/GCC/ARM_CM4F/port.o
                0x0800edbc                vPortSetupTimerInterrupt
 .text.vPortEnableVFP
                0x0800ee04       0x14 ./Middlewares/Third_Party/FreeRTOS/Source/portable/GCC/ARM_CM4F/port.o
 .text.vPortValidateInterruptPriority
                0x0800ee18       0x84 ./Middlewares/Third_Party/FreeRTOS/Source/portable/GCC/ARM_CM4F/port.o
                0x0800ee18                vPortValidateInterruptPriority
 .text.pvPortMalloc
                0x0800ee9c      0x19c ./Middlewares/Third_Party/FreeRTOS/Source/portable/MemMang/heap_4.o
                0x0800ee9c                pvPortMalloc
 .text.vPortFree
                0x0800f038       0xc8 ./Middlewares/Third_Party/FreeRTOS/Source/portable/MemMang/heap_4.o
                0x0800f038                vPortFree
 .text.prvHeapInit
                0x0800f100       0xc4 ./Middlewares/Third_Party/FreeRTOS/Source/portable/MemMang/heap_4.o
 .text.prvInsertBlockIntoFreeList
                0x0800f1c4       0xb4 ./Middlewares/Third_Party/FreeRTOS/Source/portable/MemMang/heap_4.o
 .text._ZN12CdcTransport5beginEv
                0x0800f278       0x20 ./System/Comms/Src/Transport.o
                0x0800f278                CdcTransport::begin()
 .text._ZN12CdcTransport7onRxISREPKht
                0x0800f298       0x80 ./System/Comms/Src/Transport.o
                0x0800f298                CdcTransport::onRxISR(unsigned char const*, unsigned short)
 .text._ZN12CdcTransport4readEPht
                0x0800f318       0x86 ./System/Comms/Src/Transport.o
                0x0800f318                CdcTransport::read(unsigned char*, unsigned short)
 .text._ZN12CdcTransport5writeEPKht
                0x0800f39e       0xc6 ./System/Comms/Src/Transport.o
                0x0800f39e                CdcTransport::write(unsigned char const*, unsigned short)
 .text._ZN12CdcTransport5resetEv
                0x0800f464       0x44 ./System/Comms/Src/Transport.o
                0x0800f464                CdcTransport::reset()
 .text._ZN12CdcTransport9serviceTxEm
                0x0800f4a8       0x9e ./System/Comms/Src/Transport.o
                0x0800f4a8                CdcTransport::serviceTx(unsigned long)
 .text._ZN12CdcTransport11onTxCpltISREv
                0x0800f546       0xc8 ./System/Comms/Src/Transport.o
                0x0800f546                CdcTransport::onTxCpltISR()
 .text._ZN12CdcTransport4pumpEv
                0x0800f60e       0xfc ./System/Comms/Src/Transport.o
                0x0800f60e                CdcTransport::pump()
 *fill*         0x0800f70a        0x2 
 .text._ZN12CdcTransport13dispatchRxISREPKht
                0x0800f70c       0x30 ./System/Comms/Src/Transport.o
                0x0800f70c                CdcTransport::dispatchRxISR(unsigned char const*, unsigned short)
 .text._ZN12CdcTransport17dispatchTxCpltISREv
                0x0800f73c       0x20 ./System/Comms/Src/Transport.o
                0x0800f73c                CdcTransport::dispatchTxCpltISR()
 .text._ZN12CdcTransport13dispatchResetEv
                0x0800f75c       0x20 ./System/Comms/Src/Transport.o
                0x0800f75c                CdcTransport::dispatchReset()
 .text.BridgeSystemInit
                0x0800f77c        0xc ./System/Core/Src/Bridge.o
                0x0800f77c                BridgeSystemInit
 .text.Cdc_onRxISR
                0x0800f788       0x30 ./System/Core/Src/Bridge.o
                0x0800f788                Cdc_onRxISR
 .text.Cdc_onTxCpltISR
                0x0800f7b8        0xc ./System/Core/Src/Bridge.o
                0x0800f7b8                Cdc_onTxCpltISR
 .text.Cdc_onCdcInit
                0x0800f7c4        0xc ./System/Core/Src/Bridge.o
                0x0800f7c4                Cdc_onCdcInit
 .text.Bridge_UsbSerial
                0x0800f7d0       0x34 ./System/Core/Src/Bridge.o
                0x0800f7d0                Bridge_UsbSerial
 .text._ZL16Board_ReadStrapsv
                0x0800f804       0xa8 ./System/Core/Src/Bridge.o
 .text.Board_LatchMasterId
                0x0800f8ac       0x2c ./System/Core/Src/Bridge.o
                0x0800f8ac                Board_LatchMasterId
 .text.Board_MasterId
                0x0800f8d8       0x28 ./System/Core/Src/Bridge.o
                0x0800f8d8                Board_MasterId
 .text._ZN12_GLOBAL__N_117enable_gpio_clockEP12GPIO_TypeDef
                0x0800f900      0x11c ./System/Core/Src/HX711.o
 .text._ZN5HX711C2EP12GPIO_TypeDeftS1_t
                0x0800fa1c       0x3c ./System/Core/Src/HX711.o
                0x0800fa1c                HX711::HX711(GPIO_TypeDef*, unsigned short, GPIO_TypeDef*, unsigned short)
                0x0800fa1c                HX711::HX711(GPIO_TypeDef*, unsigned short, GPIO_TypeDef*, unsigned short)
 .text._ZN5HX7115beginEv
                0x0800fa58       0x88 ./System/Core/Src/HX711.o
                0x0800fa58                HX711::begin()
 .text._ZN5HX7118lineTestEv
                0x0800fae0       0xb4 ./System/Core/Src/HX711.o
                0x0800fae0                HX711::lineTest()
 .text._ZNK5HX7119availableEv
                0x0800fb94       0x2c ./System/Core/Src/HX711.o
                0x0800fb94                HX711::available() const
 .text._ZN5HX7114readERVlm
                0x0800fbc0       0xd4 ./System/Core/Src/HX711.o
                0x0800fbc0                HX711::read(long volatile&, unsigned long)
 .text._ZNK5HX71110pulseClockEv
                0x0800fc94       0x8e ./System/Core/Src/HX711.o
                0x0800fc94                HX711::pulseClock() const
 .text._ZN8LEDStripC2Eh
                0x0800fd22       0x4a ./System/Core/Src/LEDStrip.o
                0x0800fd22                LEDStrip::LEDStrip(unsigned char)
                0x0800fd22                LEDStrip::LEDStrip(unsigned char)
 .text._ZN8LEDStrip5beginEP17TIM_HandleTypeDefm
                0x0800fd6c      0x196 ./System/Core/Src/LEDStrip.o
                0x0800fd6c                LEDStrip::begin(TIM_HandleTypeDef*, unsigned long)
 .text._ZN8LEDStrip13setBrightnessEh
                0x0800ff02       0x22 ./System/Core/Src/LEDStrip.o
                0x0800ff02                LEDStrip::setBrightness(unsigned char)
 .text._ZNK8LEDStrip8pctToIdxEh
                0x0800ff24       0x4c ./System/Core/Src/LEDStrip.o
                0x0800ff24                LEDStrip::pctToIdx(unsigned char) const
 .text._ZN8LEDStrip12applyCommandERK7Command
                0x0800ff70       0x72 ./System/Core/Src/LEDStrip.o
                0x0800ff70                LEDStrip::applyCommand(Command const&)
 .text._ZN8LEDStrip4tickEv
                0x0800ffe2       0x36 ./System/Core/Src/LEDStrip.o
                0x0800ffe2                LEDStrip::tick()
 .text._ZN8LEDStrip6setAllEiihhh
                0x08010018       0x66 ./System/Core/Src/LEDStrip.o
                0x08010018                LEDStrip::setAll(int, int, unsigned char, unsigned char, unsigned char)
 *fill*         0x0801007e        0x2 
 .text._ZN8LEDStrip10handleModeEh
                0x08010080      0x138 ./System/Core/Src/LEDStrip.o
                0x08010080                LEDStrip::handleMode(unsigned char)
 .text._ZN8LEDStrip5mode0Ehii
                0x080101b8       0x58 ./System/Core/Src/LEDStrip.o
                0x080101b8                LEDStrip::mode0(unsigned char, int, int)
 .text._ZN8LEDStrip5mode1Ehiihhh
                0x08010210       0x5c ./System/Core/Src/LEDStrip.o
                0x08010210                LEDStrip::mode1(unsigned char, int, int, unsigned char, unsigned char, unsigned char)
 .text._ZZN8LEDStrip5mode2EhiihhhhttENKUlihhhE_clEihhh
                0x0801026c       0x5c ./System/Core/Src/LEDStrip.o
 .text._ZN8LEDStrip5mode2Ehiihhhhtt
                0x080102c8      0x194 ./System/Core/Src/LEDStrip.o
                0x080102c8                LEDStrip::mode2(unsigned char, int, int, unsigned char, unsigned char, unsigned char, unsigned char, unsigned short, unsigned short)
 .text._ZN8LEDStrip5mode3Ehiihhht
                0x0801045c       0x94 ./System/Core/Src/LEDStrip.o
                0x0801045c                LEDStrip::mode3(unsigned char, int, int, unsigned char, unsigned char, unsigned char, unsigned short)
 .text._ZN8LEDStrip5mode4Ehhhh
                0x080104f0       0x64 ./System/Core/Src/LEDStrip.o
                0x080104f0                LEDStrip::mode4(unsigned char, unsigned char, unsigned char, unsigned char)
 .text._ZN8LEDStrip5mode5Ehhhh
                0x08010554       0x64 ./System/Core/Src/LEDStrip.o
                0x08010554                LEDStrip::mode5(unsigned char, unsigned char, unsigned char, unsigned char)
 .text._ZN8LEDStrip5mode6Eh
                0x080105b8       0x54 ./System/Core/Src/LEDStrip.o
                0x080105b8                LEDStrip::mode6(unsigned char)
 .text._Z17angle_to_pulse_usf
                0x0801060c       0x74 ./System/Core/Src/PWMDriver.o
                0x0801060c                angle_to_pulse_us(float)
 .text._ZL14channel_to_halh
                0x08010680       0x48 ./System/Core/Src/PWMDriver.o
 .text._ZN9PWMDriverC2ERK9PWMConfigb
                0x080106c8       0xc8 ./System/Core/Src/PWMDriver.o
                0x080106c8                PWMDriver::PWMDriver(PWMConfig const&, bool)
                0x080106c8                PWMDriver::PWMDriver(PWMConfig const&, bool)
 .text._ZN9PWMDriverD2Ev
                0x08010790       0x60 ./System/Core/Src/PWMDriver.o
                0x08010790                PWMDriver::~PWMDriver()
                0x08010790                PWMDriver::~PWMDriver()
 .text._ZN9PWMDriver12set_pulse_usEt
                0x080107f0       0xac ./System/Core/Src/PWMDriver.o
                0x080107f0                PWMDriver::set_pulse_us(unsigned short)
 .text._ZN9PWMDriver9set_angleEf
                0x0801089c       0x26 ./System/Core/Src/PWMDriver.o
                0x0801089c                PWMDriver::set_angle(float)
 .text._ZN9PWMDriver4zeroEv
                0x080108c2       0x1c ./System/Core/Src/PWMDriver.o
                0x080108c2                PWMDriver::zero()
 *fill*         0x080108de        0x2 
 .text._ZN9PWMDriver15get_timer_clockEP11TIM_TypeDef
                0x080108e0       0xac ./System/Core/Src/PWMDriver.o
                0x080108e0                PWMDriver::get_timer_clock(TIM_TypeDef*)
 .text._ZN9PWMDriver7set50HzEv
                0x0801098c       0x50 ./System/Core/Src/PWMDriver.o
                0x0801098c                PWMDriver::set50Hz()
 .text._ZN9PWMDriver19disable_ccr_preloadEv
                0x080109dc       0x8c ./System/Core/Src/PWMDriver.o
                0x080109dc                PWMDriver::disable_ccr_preload()
 .text._ZNK9PWMDriver17enable_gpio_clockEv
                0x08010a68      0x12c ./System/Core/Src/PWMDriver.o
                0x08010a68                PWMDriver::enable_gpio_clock() const
 .text._ZN6ThreadD2Ev
                0x08010b94       0x20 ./System/Core/Src/System.o
                0x08010b94                Thread::~Thread()
                0x08010b94                Thread::~Thread()
 .text._ZN6ThreadD0Ev
                0x08010bb4       0x22 ./System/Core/Src/System.o
                0x08010bb4                Thread::~Thread()
 *fill*         0x08010bd6        0x2 
 .text._Z7profilev
                0x08010bd8       0x20 ./System/Core/Src/System.o
                0x08010bd8                profile()
 .text._ZNK10LedsThread10hasDevicesEv
                0x08010bf8       0x18 ./System/Core/Src/System.o
                0x08010bf8                LedsThread::hasDevices() const
 .text._ZNK11ServoThread10hasDevicesEv
                0x08010c10       0x20 ./System/Core/Src/System.o
                0x08010c10                ServoThread::hasDevices() const
 .text._ZNK10MassThread10hasDevicesEv
                0x08010c30       0x1e ./System/Core/Src/System.o
                0x08010c30                MassThread::hasDevices() const
 *fill*         0x08010c4e        0x2 
 .text._ZN12SerialThreadD2Ev
                0x08010c50       0x24 ./System/Core/Src/System.o
                0x08010c50                SerialThread::~SerialThread()
                0x08010c50                SerialThread::~SerialThread()
 .text._ZN12SerialThreadD0Ev
                0x08010c74       0x22 ./System/Core/Src/System.o
                0x08010c74                SerialThread::~SerialThread()
 *fill*         0x08010c96        0x2 
 .text.__tcf_0  0x08010c98       0x10 ./System/Core/Src/System.o
 .text._ZN6System5commsEv
                0x08010ca8       0x60 ./System/Core/Src/System.o
                0x08010ca8                System::comms()
 .text.__tcf_1  0x08010d08       0x10 ./System/Core/Src/System.o
 .text._ZN6System5servoEv
                0x08010d18       0x60 ./System/Core/Src/System.o
                0x08010d18                System::servo()
 .text.__tcf_2  0x08010d78       0x10 ./System/Core/Src/System.o
 .text._ZN6System4massEv
                0x08010d88       0x60 ./System/Core/Src/System.o
                0x08010d88                System::mass()
 .text.__tcf_3  0x08010de8       0x10 ./System/Core/Src/System.o
 .text._ZN6System4ledsEv
                0x08010df8       0x60 ./System/Core/Src/System.o
                0x08010df8                System::leds()
 .text._ZN9HeartBeatD2Ev
                0x08010e58       0x24 ./System/Core/Src/System.o
                0x08010e58                HeartBeat::~HeartBeat()
                0x08010e58                HeartBeat::~HeartBeat()
 .text._ZN9HeartBeatD0Ev
                0x08010e7c       0x22 ./System/Core/Src/System.o
                0x08010e7c                HeartBeat::~HeartBeat()
 *fill*         0x08010e9e        0x2 
 .text.__tcf_4  0x08010ea0       0x10 ./System/Core/Src/System.o
 .text._ZN6System9heartbeatEv
                0x08010eb0       0x60 ./System/Core/Src/System.o
                0x08010eb0                System::heartbeat()
 .text._ZN6System4initEv
                0x08010f10       0xf6 ./System/Core/Src/System.o
                0x08010f10                System::init()
 .text._Z9anyDeviceILj4EEbRAT__Kh
                0x08011006       0x44 ./System/Core/Src/System.o
                0x08011006                bool anyDevice<4u>(unsigned char const (&) [4u])
 .text._Z9anyDeviceILj2EEbRAT__Kh
                0x0801104a       0x44 ./System/Core/Src/System.o
                0x0801104a                bool anyDevice<2u>(unsigned char const (&) [2u])
 *fill*         0x0801108e        0x2 
 .text._ZN13MessageThreadI12EmptyMessage9HeartbeatED2Ev
                0x08011090       0x7c ./System/Core/Src/System.o
                0x08011090                MessageThread<EmptyMessage, Heartbeat>::~MessageThread()
                0x08011090                MessageThread<EmptyMessage, Heartbeat>::~MessageThread()
 .text._ZN13MessageThreadI12EmptyMessage9HeartbeatED0Ev
                0x0801110c       0x22 ./System/Core/Src/System.o
                0x0801110c                MessageThread<EmptyMessage, Heartbeat>::~MessageThread()
 *fill*         0x0801112e        0x2 
 .text.WS2812_FrameCompleteISR
                0x08011130       0x20 ./System/Core/Src/WS2812Driver.o
                0x08011130                WS2812_FrameCompleteISR
 .text._Z9colorCodeRK5Color
                0x08011150       0x28 ./System/Core/Src/WS2812Driver.o
                0x08011150                colorCode(Color const&)
 .text._ZN12WS2812DriverC2Et
                0x08011178       0xfa ./System/Core/Src/WS2812Driver.o
                0x08011178                WS2812Driver::WS2812Driver(unsigned short)
                0x08011178                WS2812Driver::WS2812Driver(unsigned short)
 .text._ZN12WS2812DriverD2Ev
                0x08011272       0x4a ./System/Core/Src/WS2812Driver.o
                0x08011272                WS2812Driver::~WS2812Driver()
                0x08011272                WS2812Driver::~WS2812Driver()
 .text._ZN12WS2812Driver5beginEP17TIM_HandleTypeDefm
                0x080112bc      0x160 ./System/Core/Src/WS2812Driver.o
                0x080112bc                WS2812Driver::begin(TIM_HandleTypeDef*, unsigned long)
 .text._ZN12WS2812Driver13setPixelColorERKmRK5Colorb
                0x0801141c       0xb4 ./System/Core/Src/WS2812Driver.o
                0x0801141c                WS2812Driver::setPixelColor(unsigned long const&, Color const&, bool)
 .text._ZN12WS2812Driver13setBrightnessEh
                0x080114d0      0x174 ./System/Core/Src/WS2812Driver.o
                0x080114d0                WS2812Driver::setBrightness(unsigned char)
 .text._ZN12WS2812Driver4showEv
                0x08011644      0x110 ./System/Core/Src/WS2812Driver.o
                0x08011644                WS2812Driver::show()
 .text._ZN12WS2812Driver20frameCompleteFromISREv
                0x08011754       0x44 ./System/Core/Src/WS2812Driver.o
                0x08011754                WS2812Driver::frameCompleteFromISR()
 .text._ZN12WS2812Driver5clearEv
                0x08011798       0x86 ./System/Core/Src/WS2812Driver.o
                0x08011798                WS2812Driver::clear()
 *fill*         0x0801181e        0x2 
 .text._ZN9HeartBeatC2EPKc12osPriority_t
                0x08011820       0x38 ./System/Threads/Src/HeartBeat.o
                0x08011820                HeartBeat::HeartBeat(char const*, osPriority_t)
                0x08011820                HeartBeat::HeartBeat(char const*, osPriority_t)
 .text._ZN9HeartBeat4initEv
                0x08011858       0x14 ./System/Threads/Src/HeartBeat.o
                0x08011858                HeartBeat::init()
 .text._ZN9HeartBeat5setIDEh
                0x0801186c       0x26 ./System/Threads/Src/HeartBeat.o
                0x0801186c                HeartBeat::setID(unsigned char)
 .text._ZN9HeartBeat4loopEv
                0x08011892       0x50 ./System/Threads/Src/HeartBeat.o
                0x08011892                HeartBeat::loop()
 .text._ZN13MessageThreadI12EmptyMessage9HeartbeatEC2EPKc12osPriority_t
                0x080118e2       0x30 ./System/Threads/Src/HeartBeat.o
                0x080118e2                MessageThread<EmptyMessage, Heartbeat>::MessageThread(char const*, osPriority_t)
                0x080118e2                MessageThread<EmptyMessage, Heartbeat>::MessageThread(char const*, osPriority_t)
 *fill*         0x08011912        0x2 
 .text._ZN13MessageThreadI12EmptyMessage9HeartbeatEC2EPKc12osPriority_tmmjj
                0x08011914      0x134 ./System/Threads/Src/HeartBeat.o
                0x08011914                MessageThread<EmptyMessage, Heartbeat>::MessageThread(char const*, osPriority_t, unsigned long, unsigned long, unsigned int, unsigned int)
                0x08011914                MessageThread<EmptyMessage, Heartbeat>::MessageThread(char const*, osPriority_t, unsigned long, unsigned long, unsigned int, unsigned int)
 .text._ZN8LEDStripD2Ev
                0x08011a48       0x1c ./System/Threads/Src/LedsThread.o
                0x08011a48                LEDStrip::~LEDStrip()
                0x08011a48                LEDStrip::~LEDStrip()
 .text._ZN10LedsThreadC2EPKc12osPriority_t
                0x08011a64       0x54 ./System/Threads/Src/LedsThread.o
                0x08011a64                LedsThread::LedsThread(char const*, osPriority_t)
                0x08011a64                LedsThread::LedsThread(char const*, osPriority_t)
 .text._ZN10LedsThreadD2Ev
                0x08011ab8       0x34 ./System/Threads/Src/LedsThread.o
                0x08011ab8                LedsThread::~LedsThread()
                0x08011ab8                LedsThread::~LedsThread()
 .text._ZN10LedsThreadD0Ev
                0x08011aec       0x22 ./System/Threads/Src/LedsThread.o
                0x08011aec                LedsThread::~LedsThread()
 *fill*         0x08011b0e        0x2 
 .text._ZN10LedsThread4initEv
                0x08011b10       0xa0 ./System/Threads/Src/LedsThread.o
                0x08011b10                LedsThread::init()
 .text._ZN10LedsThread4loopEv
                0x08011bb0      0x32c ./System/Threads/Src/LedsThread.o
                0x08011bb0                LedsThread::loop()
 .text._ZN13MessageThreadI10LEDRequest12EmptyMessageEC2EPKc12osPriority_t
                0x08011edc       0x30 ./System/Threads/Src/LedsThread.o
                0x08011edc                MessageThread<LEDRequest, EmptyMessage>::MessageThread(char const*, osPriority_t)
                0x08011edc                MessageThread<LEDRequest, EmptyMessage>::MessageThread(char const*, osPriority_t)
 .text._ZN13MessageThreadI10LEDRequest12EmptyMessageED2Ev
                0x08011f0c       0x7c ./System/Threads/Src/LedsThread.o
                0x08011f0c                MessageThread<LEDRequest, EmptyMessage>::~MessageThread()
                0x08011f0c                MessageThread<LEDRequest, EmptyMessage>::~MessageThread()
 .text._ZN13MessageThreadI10LEDRequest12EmptyMessageED0Ev
                0x08011f88       0x22 ./System/Threads/Src/LedsThread.o
                0x08011f88                MessageThread<LEDRequest, EmptyMessage>::~MessageThread()
 *fill*         0x08011faa        0x2 
 .text._ZN13MessageThreadI10LEDRequest12EmptyMessageEC2EPKc12osPriority_tmmjj
                0x08011fac      0x138 ./System/Threads/Src/LedsThread.o
                0x08011fac                MessageThread<LEDRequest, EmptyMessage>::MessageThread(char const*, osPriority_t, unsigned long, unsigned long, unsigned int, unsigned int)
                0x08011fac                MessageThread<LEDRequest, EmptyMessage>::MessageThread(char const*, osPriority_t, unsigned long, unsigned long, unsigned int, unsigned int)
 .text._ZN8MassTypeC2ERK5HX711
                0x080120e4       0x80 ./System/Threads/Src/MassThread.o
                0x080120e4                MassType::MassType(HX711 const&)
                0x080120e4                MassType::MassType(HX711 const&)
 .text._ZN10MassThreadC2EPKc12osPriority_t
                0x08012164       0x84 ./System/Threads/Src/MassThread.o
                0x08012164                MassThread::MassThread(char const*, osPriority_t)
                0x08012164                MassThread::MassThread(char const*, osPriority_t)
 .text._ZN10MassThreadD2Ev
                0x080121e8       0x24 ./System/Threads/Src/MassThread.o
                0x080121e8                MassThread::~MassThread()
                0x080121e8                MassThread::~MassThread()
 .text._ZN10MassThreadD0Ev
                0x0801220c       0x22 ./System/Threads/Src/MassThread.o
                0x0801220c                MassThread::~MassThread()
 .text._ZN10MassThread4initEv
                0x0801222e       0xd4 ./System/Threads/Src/MassThread.o
                0x0801222e                MassThread::init()
 .text._ZN10MassThread4loopEv
                0x08012302       0xbe ./System/Threads/Src/MassThread.o
                0x08012302                MassThread::loop()
 .text._ZN10MassThread10updateMassER8MassType
                0x080123c0       0x58 ./System/Threads/Src/MassThread.o
                0x080123c0                MassThread::updateMass(MassType&)
 .text._ZN10MassThread5shiftEPfif
                0x08012418       0x5c ./System/Threads/Src/MassThread.o
                0x08012418                MassThread::shift(float*, int, float)
 .text._ZN10MassThread13movingAverageEPKfh
                0x08012474       0x74 ./System/Threads/Src/MassThread.o
                0x08012474                MassThread::movingAverage(float const*, unsigned char)
 .text._ZN10MassThread6updateER8MassType
                0x080124e8       0xde ./System/Threads/Src/MassThread.o
                0x080124e8                MassThread::update(MassType&)
 .text._ZN10MassThread9tareScaleER8MassType
                0x080125c6       0xd2 ./System/Threads/Src/MassThread.o
                0x080125c6                MassThread::tareScale(MassType&)
 .text._ZN13MessageThreadI11MassRequest10MassPacketEC2EPKc12osPriority_t
                0x08012698       0x30 ./System/Threads/Src/MassThread.o
                0x08012698                MessageThread<MassRequest, MassPacket>::MessageThread(char const*, osPriority_t)
                0x08012698                MessageThread<MassRequest, MassPacket>::MessageThread(char const*, osPriority_t)
 .text._ZN13MessageThreadI11MassRequest10MassPacketED2Ev
                0x080126c8       0x7c ./System/Threads/Src/MassThread.o
                0x080126c8                MessageThread<MassRequest, MassPacket>::~MessageThread()
                0x080126c8                MessageThread<MassRequest, MassPacket>::~MessageThread()
 .text._ZN13MessageThreadI11MassRequest10MassPacketED0Ev
                0x08012744       0x22 ./System/Threads/Src/MassThread.o
                0x08012744                MessageThread<MassRequest, MassPacket>::~MessageThread()
 .text._Z11bindDevicesI8MassTypeLj2EEvRAT0__T_RAT0__Kh
                0x08012766       0x42 ./System/Threads/Src/MassThread.o
                0x08012766                void bindDevices<MassType, 2u>(MassType (&) [2u], unsigned char const (&) [2u])
 .text._Z9deviceForI8MassTypeLj2EEPT_RAT0__S1_h
                0x080127a8       0x56 ./System/Threads/Src/MassThread.o
                0x080127a8                MassType* deviceFor<MassType, 2u>(MassType (&) [2u], unsigned char)
 *fill*         0x080127fe        0x2 
 .text._ZN13MessageThreadI11MassRequest10MassPacketEC2EPKc12osPriority_tmmjj
                0x08012800      0x144 ./System/Threads/Src/MassThread.o
                0x08012800                MessageThread<MassRequest, MassPacket>::MessageThread(char const*, osPriority_t, unsigned long, unsigned long, unsigned int, unsigned int)
                0x08012800                MessageThread<MassRequest, MassPacket>::MessageThread(char const*, osPriority_t, unsigned long, unsigned long, unsigned int, unsigned int)
 .text._ZN12CdcTransportC2Ev
                0x08012944       0x66 ./System/Threads/Src/SerialThread.o
                0x08012944                CdcTransport::CdcTransport()
                0x08012944                CdcTransport::CdcTransport()
 *fill*         0x080129aa        0x2 
 .text._ZN12SerialThreadC2EPKc12osPriority_t
                0x080129ac       0x5c ./System/Threads/Src/SerialThread.o
                0x080129ac                SerialThread::SerialThread(char const*, osPriority_t)
                0x080129ac                SerialThread::SerialThread(char const*, osPriority_t)
 .text._ZN12SerialThread4initEv
                0x08012a08       0x1e ./System/Threads/Src/SerialThread.o
                0x08012a08                SerialThread::init()
 .text._ZZN12SerialThread4loopEvENKUlRKN14SerialProtocolILj128E12CdcTransportE5FrameEE_clES5_
                0x08012a26       0x1e ./System/Threads/Src/SerialThread.o
 .text._ZN12SerialThread4loopEv
                0x08012a44      0x112 ./System/Threads/Src/SerialThread.o
                0x08012a44                SerialThread::loop()
 .text._ZN12SerialThread8dispatchERKN14SerialProtocolILj128E12CdcTransportE5FrameE
                0x08012b56       0xf4 ./System/Threads/Src/SerialThread.o
                0x08012b56                SerialThread::dispatch(SerialProtocol<128u, CdcTransport>::Frame const&)
 .text._ZN14SerialProtocolILj128E12CdcTransportEC2ERS0_
                0x08012c4a       0x58 ./System/Threads/Src/SerialThread.o
                0x08012c4a                SerialProtocol<128u, CdcTransport>::SerialProtocol(CdcTransport&)
                0x08012c4a                SerialProtocol<128u, CdcTransport>::SerialProtocol(CdcTransport&)
 .text._ZN14SerialProtocolILj128E12CdcTransportE5parseIZN12SerialThread4loopEvEUlRKNS1_5FrameEE_EEvPKhtOT_
                0x08012ca2       0x50 ./System/Threads/Src/SerialThread.o
 .text._ZN14SerialProtocolILj128E12CdcTransportE4sendEhPKvt
                0x08012cf2      0x130 ./System/Threads/Src/SerialThread.o
                0x08012cf2                SerialProtocol<128u, CdcTransport>::send(unsigned char, void const*, unsigned short)
 .text._ZN12_GLOBAL__N_18frame_asI12ServoRequestEET_RKN14SerialProtocolILj128E12CdcTransportE5FrameE
                0x08012e22       0x3c ./System/Threads/Src/SerialThread.o
 .text._ZN12_GLOBAL__N_18frame_asI11MassRequestEET_RKN14SerialProtocolILj128E12CdcTransportE5FrameE
                0x08012e5e       0x42 ./System/Threads/Src/SerialThread.o
 .text._ZN12_GLOBAL__N_18frame_asI10LEDRequestEET_RKN14SerialProtocolILj128E12CdcTransportE5FrameE
                0x08012ea0       0x40 ./System/Threads/Src/SerialThread.o
 .text._ZN14SerialProtocolILj128E12CdcTransportE11processByteEh
                0x08012ee0      0x1d8 ./System/Threads/Src/SerialThread.o
                0x08012ee0                SerialProtocol<128u, CdcTransport>::processByte(unsigned char)
 .text._ZN14SerialProtocolILj128E12CdcTransportE5crc16EhPKht
                0x080130b8       0x5a ./System/Threads/Src/SerialThread.o
                0x080130b8                SerialProtocol<128u, CdcTransport>::crc16(unsigned char, unsigned char const*, unsigned short)
 .text._ZNKSt5arrayIhLj128EE4dataEv
                0x08013112       0x16 ./System/Threads/Src/SerialThread.o
                0x08013112                std::array<unsigned char, 128u>::data() const
 .text._ZN14SerialProtocolILj128E12CdcTransportE5resetEv
                0x08013128       0x3c ./System/Threads/Src/SerialThread.o
                0x08013128                SerialProtocol<128u, CdcTransport>::reset()
 .text._ZNSt5arrayIhLj128EEixEj
                0x08013164       0x1c ./System/Threads/Src/SerialThread.o
                0x08013164                std::array<unsigned char, 128u>::operator[](unsigned int)
 .text._ZN14SerialProtocolILj128E12CdcTransportE9updateCrcEth
                0x08013180       0x5a ./System/Threads/Src/SerialThread.o
                0x08013180                SerialProtocol<128u, CdcTransport>::updateCrc(unsigned short, unsigned char)
 *fill*         0x080131da        0x2 
 .text._ZN11ServoThreadC2EPKc12osPriority_t
                0x080131dc       0xc4 ./System/Threads/Src/ServoThread.o
                0x080131dc                ServoThread::ServoThread(char const*, osPriority_t)
                0x080131dc                ServoThread::ServoThread(char const*, osPriority_t)
 .text._ZN11ServoThreadD2Ev
                0x080132a0       0x50 ./System/Threads/Src/ServoThread.o
                0x080132a0                ServoThread::~ServoThread()
                0x080132a0                ServoThread::~ServoThread()
 .text._ZN11ServoThreadD0Ev
                0x080132f0       0x22 ./System/Threads/Src/ServoThread.o
                0x080132f0                ServoThread::~ServoThread()
 .text._ZN11ServoThread4initEv
                0x08013312       0x52 ./System/Threads/Src/ServoThread.o
                0x08013312                ServoThread::init()
 .text._ZN11ServoThread4loopEv
                0x08013364       0xc8 ./System/Threads/Src/ServoThread.o