../Core/Src/main.c:86:6:HAL_TIM_PWM_PulseFinishedCallback	16	static
../Core/Src/main.c:98:5:main	8	static
../Core/Src/main.c:186:6:SystemClock_Config	88	static
../Core/Src/main.c:232:13:MX_ADC3_Init	56	static
../Core/Src/main.c:300:13:MX_SPI3_Init	8	static
../Core/Src/main.c:340:13:MX_TIM1_Init	104	static
../Core/Src/main.c:412:13:MX_TIM2_Init	64	static
../Core/Src/main.c:471:13:MX_TIM5_Init	64	static
../Core/Src/main.c:534:13:MX_TIM15_Init	120	static
../Core/Src/main.c:612:13:MX_DMA_Init	24	static
../Core/Src/main.c:641:13:MX_GPIO_Init	56	static
../Core/Src/main.c:742:6:StartDefaultTask	16	static
../Core/Src/main.c:762:6:HAL_TIM_PeriodElapsedCallback	16	static
../Core/Src/main.c:780:6:Error_Handler	4	static,ignoring_inline_asm
