C:\ST\STM32CubeIDE_1.19.0\STM32CubeIDE\plugins\com.st.stm32cube.ide.mcu.externaltools.gnu-tools-for-stm32.13.3.rel1.win32_1.0.0.202411081344\tools\arm-none-eabi\include\c++\13.3.1\arm-none-eabi\thumb\v7e-m+fp\hard\bits\gthr-default.h:229:1:int __gthread_key_delete(__gthread_key_t)	16	static
../Core/Src/main.cpp:41:5:int main()	16	static
../Core/Src/main.cpp:78:6:void SystemClock_Config()	88	static
../Core/Src/main.cpp:125:13:void MX_ADC3_Init()	56	static
../Core/Src/main.cpp:193:13:void MX_SPI3_Init()	8	static
../Core/Src/main.cpp:233:13:void MX_TIM1_Init()	104	static
../Core/Src/main.cpp:305:13:void MX_TIM2_Init()	48	static
../Core/Src/main.cpp:354:13:void MX_TIM5_Init()	48	static
../Core/Src/main.cpp:407:13:void MX_TIM15_Init()	104	static
../Core/Src/main.cpp:477:13:void MX_USB_PCD_Init()	8	static
../Core/Src/main.cpp:508:13:void MX_DMA_Init()	16	static
../Core/Src/main.cpp:530:13:void MX_GPIO_Init()	56	static
../Core/Src/main.cpp:631:6:void StartDefaultTask(void*)	16	static
../Core/Src/main.cpp:650:6:void HAL_TIM_PeriodElapsedCallback(TIM_HandleTypeDef*)	16	static
../Core/Src/main.cpp:668:6:void Error_Handler()	4	static,ignoring_inline_asm
