../Core/Src/main.c:99:6:HAL_TIM_PWM_PulseFinishedCallback	2
../Core/Src/main.c:112:5:main	1
../Core/Src/main.c:206:6:SystemClock_Config	3
../Core/Src/main.c:252:13:MX_ADC3_Init	4
../Core/Src/main.c:320:13:MX_SPI3_Init	2
../Core/Src/main.c:360:13:MX_TIM1_Init	7
../Core/Src/main.c:443:13:MX_TIM2_Init	6
../Core/Src/main.c:503:13:MX_TIM5_Init	5
../Core/Src/main.c:556:13:MX_TIM7_Init	3
../Core/Src/main.c:594:13:MX_TIM15_Init	8
../Core/Src/main.c:672:13:MX_DMA_Init	1
../Core/Src/main.c:694:13:MX_GPIO_Init	1
../Core/Src/main.c:801:6:StartDefaultTask	1
../Core/Src/main.c:823:6:HAL_TIM_PeriodElapsedCallback	2
../Core/Src/main.c:841:6:Error_Handler	1
