../Core/Src/main.c:86:6:HAL_TIM_PWM_PulseFinishedCallback	2
../Core/Src/main.c:98:5:main	1
../Core/Src/main.c:187:6:SystemClock_Config	3
../Core/Src/main.c:233:13:MX_ADC3_Init	4
../Core/Src/main.c:301:13:MX_SPI3_Init	2
../Core/Src/main.c:341:13:MX_TIM1_Init	7
../Core/Src/main.c:424:13:MX_TIM2_Init	6
../Core/Src/main.c:484:13:MX_TIM5_Init	5
../Core/Src/main.c:537:13:MX_TIM7_Init	3
../Core/Src/main.c:575:13:MX_TIM15_Init	8
../Core/Src/main.c:654:13:MX_DMA_Init	1
../Core/Src/main.c:676:13:MX_GPIO_Init	1
../Core/Src/main.c:777:6:StartDefaultTask	1
../Core/Src/main.c:798:6:HAL_TIM_PeriodElapsedCallback	2
../Core/Src/main.c:816:6:Error_Handler	1
