../System/Core/Src/Bridge.cpp:34:5:int WS2812_FrameCompleteISR(TIM_HandleTypeDef*)	16	static
../System/Core/Src/Bridge.cpp:39:6:void BridgeSystemInit()	8	static
../System/Core/Src/Bridge.cpp:45:6:void Cdc_onRxISR(uint8_t*, uint32_t)	16	static
../System/Core/Src/Bridge.cpp:53:6:void Cdc_onTxCpltISR()	8	static
../System/Core/Src/Bridge.cpp:62:6:void Cdc_onCdcInit()	8	static
../System/Core/Src/Bridge.cpp:68:6:void Bridge_UsbSerial(uint8_t*, uint16_t*)	16	static
../System/Core/Src/Bridge.cpp:82:16:uint8_t Board_ReadStraps()	40	static,ignoring_inline_asm
../System/Core/Src/Bridge.cpp:100:6:void Board_LatchMasterId()	8	static
../System/Core/Src/Bridge.cpp:107:9:uint8_t Board_MasterId()	8	static
