../System/Core/Src/Bridge.cpp:22:6:void BridgeSystemInit()	8	static
../System/Core/Src/Bridge.cpp:28:6:void Cdc_onRxISR(uint8_t*, uint32_t)	16	static
../System/Core/Src/Bridge.cpp:36:6:void Cdc_onTxCpltISR()	8	static
../System/Core/Src/Bridge.cpp:45:6:void Cdc_onCdcInit()	8	static
../System/Core/Src/Bridge.cpp:51:6:void Bridge_UsbSerial(uint8_t*, uint16_t*)	16	static
../System/Core/Src/Bridge.cpp:73:16:uint8_t Board_ReadStraps()	40	static,ignoring_inline_asm
../System/Core/Src/Bridge.cpp:92:6:void Board_LatchMasterId()	8	static
../System/Core/Src/Bridge.cpp:99:9:uint8_t Board_MasterId()	8	static
