../System/Core/Src/LEDStrip.cpp:12:1:LEDStrip::LEDStrip(uint8_t)	16	static
../System/Core/Src/LEDStrip.cpp:15:6:void LEDStrip::begin(TIM_HandleTypeDef*, uint32_t)	56	static
../System/Core/Src/LEDStrip.cpp:34:6:void LEDStrip::setBrightness(uint8_t)	16	static
../System/Core/Src/LEDStrip.cpp:37:5:int LEDStrip::pctToIdx(uint8_t) const	24	static
../System/Core/Src/LEDStrip.cpp:44:6:void LEDStrip::applyCommand(const Command&)	32	static
../System/Core/Src/LEDStrip.cpp:51:6:void LEDStrip::tick()	24	static
../System/Core/Src/LEDStrip.cpp:57:6:void LEDStrip::tickOneSystem(uint8_t)	16	static
../System/Core/Src/LEDStrip.cpp:63:6:void LEDStrip::setAll(int, int, uint8_t, uint8_t, uint8_t)	40	static
../System/Core/Src/LEDStrip.cpp:69:6:void LEDStrip::handleMode(uint8_t)	64	static
../System/Core/Src/LEDStrip.cpp:87:6:void LEDStrip::mode0(uint8_t, int, int)	32	static
../System/Core/Src/LEDStrip.cpp:94:6:void LEDStrip::mode1(uint8_t, int, int, uint8_t, uint8_t, uint8_t)	32	static
../System/Core/Src/LEDStrip.cpp:133:17:LEDStrip::mode2(uint8_t, int, int, uint8_t, uint8_t, uint8_t, uint8_t, uint16_t, uint16_t)::<lambda(int, uint8_t, uint8_t, uint8_t)>	32	static
../System/Core/Src/LEDStrip.cpp:101:6:void LEDStrip::mode2(uint8_t, int, int, uint8_t, uint8_t, uint8_t, uint8_t, uint16_t, uint16_t)	64	static
../System/Core/Src/LEDStrip.cpp:155:6:void LEDStrip::mode3(uint8_t, int, int, uint8_t, uint8_t, uint8_t, uint16_t)	40	static
../System/Core/Src/LEDStrip.cpp:200:6:void LEDStrip::mode4(uint8_t, uint8_t, uint8_t, uint8_t)	24	static
../System/Core/Src/LEDStrip.cpp:207:6:void LEDStrip::mode5(uint8_t, uint8_t, uint8_t, uint8_t)	24	static
../System/Core/Src/LEDStrip.cpp:214:6:void LEDStrip::mode6(uint8_t)	24	static
