../System/Core/Src/LEDStrip.cpp:10:1:LEDStrip::LEDStrip(uint8_t)	16	static
../System/Core/Src/LEDStrip.cpp:13:6:void LEDStrip::begin(TIM_HandleTypeDef*, uint32_t, bool)	56	static
../System/Core/Src/LEDStrip.cpp:31:5:int LEDStrip::pctToIdx(uint8_t) const	24	static
../System/Core/Src/LEDStrip.cpp:38:6:void LEDStrip::applyCommand(const Command&)	32	static
../System/Core/Src/LEDStrip.cpp:45:6:void LEDStrip::tick()	24	static
../System/Core/Src/LEDStrip.cpp:51:6:void LEDStrip::setAll(int, int, uint8_t, uint8_t, uint8_t)	40	static
../System/Core/Src/LEDStrip.cpp:57:6:void LEDStrip::handleMode(uint8_t)	64	static
../System/Core/Src/LEDStrip.cpp:77:6:void LEDStrip::modeOff(uint8_t, int, int)	32	static
../System/Core/Src/LEDStrip.cpp:84:6:void LEDStrip::modeOn(uint8_t, int, int, uint8_t, uint8_t, uint8_t)	32	static
../System/Core/Src/LEDStrip.cpp:93:6:void LEDStrip::setBounded(int, int, int, const Color&)	32	static
../System/Core/Src/LEDStrip.cpp:98:6:void LEDStrip::modeBlink(uint8_t, int, int, uint8_t, uint8_t, uint8_t, uint8_t, uint16_t, uint16_t)	56	static
../System/Core/Src/LEDStrip.cpp:124:6:void LEDStrip::modeFault(uint8_t, int, int, uint8_t, uint8_t, uint8_t, uint16_t)	40	static
../System/Core/Src/LEDStrip.cpp:142:6:void LEDStrip::modeEmergencyMotors(uint8_t, uint8_t, uint8_t, uint8_t)	24	static
../System/Core/Src/LEDStrip.cpp:149:6:void LEDStrip::modeEmergencyShutdown(uint8_t, uint8_t, uint8_t, uint8_t)	24	static
../System/Core/Src/LEDStrip.cpp:156:6:void LEDStrip::modeAllOff(uint8_t)	24	static
