/home/pedro/Pedro/Xplore/Gits/Avionics_SW/2026/Nova/System/Threads/Inc/Thread.h:20:10:Thread::~Thread()	16	static
/home/pedro/Pedro/Xplore/Gits/Avionics_SW/2026/Nova/System/Threads/Inc/Thread.h:20:10:virtual Thread::~Thread()	16	static
/home/pedro/Pedro/Xplore/Gits/Avionics_SW/2026/Nova/Avionics_Common/include/BoardProfile.h:191:28:const BoardProfile& profile()	8	static
/home/pedro/Pedro/Xplore/Gits/Avionics_SW/2026/Nova/Avionics_Common/include/BoardUtils.h:98:13:bool anySlot(DeviceType)	32	static
/home/pedro/Pedro/Xplore/Gits/Avionics_SW/2026/Nova/System/Threads/Inc/LedsThread.h:22:7:bool LedsThread::hasDevices() const	16	static
/home/pedro/Pedro/Xplore/Gits/Avionics_SW/2026/Nova/System/Threads/Inc/ServoThread.h:66:10:bool ServoThread::hasDevices() const	16	static
/home/pedro/Pedro/Xplore/Gits/Avionics_SW/2026/Nova/System/Threads/Inc/MassThread.h:138:7:bool MassThread::hasDevices() const	16	static
/home/pedro/Pedro/Xplore/Gits/Avionics_SW/2026/Nova/System/Threads/Inc/pHMeterThread.h:169:10:bool pHMeterThread::hasDevices() const	16	static
/home/pedro/Pedro/Xplore/Gits/Avionics_SW/2026/Nova/System/Threads/Inc/SerialThread.h:16:7:SerialThread::~SerialThread()	16	static
/home/pedro/Pedro/Xplore/Gits/Avionics_SW/2026/Nova/System/Threads/Inc/SerialThread.h:16:7:virtual SerialThread::~SerialThread()	16	static
../System/Core/Src/System.cpp:25:98:void __tcf_0()	8	static
../System/Core/Src/System.cpp:25:15:static SerialThread& System::comms()	8	static
../System/Core/Src/System.cpp:26:105:void __tcf_1()	8	static
../System/Core/Src/System.cpp:26:15:static ServoThread& System::servo()	8	static
../System/Core/Src/System.cpp:27:100:void __tcf_2()	8	static
../System/Core/Src/System.cpp:27:15:static MassThread& System::mass()	8	static
../System/Core/Src/System.cpp:28:99:void __tcf_3()	8	static
../System/Core/Src/System.cpp:28:16:static pHMeterThread& System::ph()	8	static
../System/Core/Src/System.cpp:29:100:void __tcf_4()	8	static
../System/Core/Src/System.cpp:29:15:static LedsThread& System::leds()	8	static
/home/pedro/Pedro/Xplore/Gits/Avionics_SW/2026/Nova/System/Threads/Inc/HeartBeatThread.h:11:7:HeartBeatThread::~HeartBeatThread()	16	static
/home/pedro/Pedro/Xplore/Gits/Avionics_SW/2026/Nova/System/Threads/Inc/HeartBeatThread.h:11:7:virtual HeartBeatThread::~HeartBeatThread()	16	static
../System/Core/Src/System.cpp:30:109:void __tcf_5()	8	static
../System/Core/Src/System.cpp:30:21:static HeartBeatThread& System::heartbeat()	8	static
../System/Core/Src/System.cpp:32:6:static void System::init()	16	static
/home/pedro/Pedro/Xplore/Gits/Avionics_SW/2026/Nova/System/Threads/Inc/MessageThread.h:113:13:MessageThread<CommandMsg, StatusMsg>::~MessageThread() [with CommandMsg = EmptyMessage; StatusMsg = Heartbeat]	16	static
/home/pedro/Pedro/Xplore/Gits/Avionics_SW/2026/Nova/System/Threads/Inc/MessageThread.h:113:13:MessageThread<CommandMsg, StatusMsg>::~MessageThread() [with CommandMsg = EmptyMessage; StatusMsg = Heartbeat]	16	static
