/home/pedro/Pedro/Xplore/Gits/Avionics_SW/2026/Nova/System/Threads/Inc/Thread.h:22:10:Thread::~Thread()	16	static
/home/pedro/Pedro/Xplore/Gits/Avionics_SW/2026/Nova/System/Threads/Inc/Thread.h:22:10:virtual Thread::~Thread()	16	static
/home/pedro/Pedro/Xplore/Gits/Avionics_SW/2026/Nova/System/Core/Inc/LEDStrip.h:36:7:LEDStrip::~LEDStrip()	16	static
../System/Threads/Src/LedsThread.cpp:17:1:LedsThread::LedsThread(const char*, osPriority_t)	24	static
../System/Threads/Src/LedsThread.cpp:21:1:LedsThread::~LedsThread()	16	static
../System/Threads/Src/LedsThread.cpp:21:1:virtual LedsThread::~LedsThread()	16	static
../System/Threads/Src/LedsThread.cpp:26:6:virtual void LedsThread::init()	16	static
../System/Threads/Src/LedsThread.cpp:42:6:virtual void LedsThread::loop()	40	static
/home/pedro/Pedro/Xplore/Gits/Avionics_SW/2026/Nova/System/Threads/Inc/MessageThread.h:112:5:MessageThread<CommandMsg, StatusMsg>::MessageThread(const char*, osPriority_t) [with CommandMsg = LEDRequest; StatusMsg = EmptyMessage]	40	static
/home/pedro/Pedro/Xplore/Gits/Avionics_SW/2026/Nova/System/Threads/Inc/MessageThread.h:147:13:MessageThread<CommandMsg, StatusMsg>::~MessageThread() [with CommandMsg = LEDRequest; StatusMsg = EmptyMessage]	16	static
/home/pedro/Pedro/Xplore/Gits/Avionics_SW/2026/Nova/System/Threads/Inc/MessageThread.h:147:13:MessageThread<CommandMsg, StatusMsg>::~MessageThread() [with CommandMsg = LEDRequest; StatusMsg = EmptyMessage]	16	static
/home/pedro/Pedro/Xplore/Gits/Avionics_SW/2026/Nova/System/Threads/Inc/MessageThread.h:69:5:MessageThread<CommandMsg, StatusMsg>::MessageThread(const char*, osPriority_t, uint32_t, uint32_t, std::size_t, std::size_t) [with CommandMsg = LEDRequest; StatusMsg = EmptyMessage]	40	static,ignoring_inline_asm
