/home/pedro/Pedro/Xplore/Gits/Avionics_SW/2026/Nova/System/Threads/Inc/Thread.h:20:10:Thread::~Thread()	16	static
/home/pedro/Pedro/Xplore/Gits/Avionics_SW/2026/Nova/System/Threads/Inc/Thread.h:20:10:virtual Thread::~Thread()	16	static
/home/pedro/Pedro/Xplore/Gits/Avionics_SW/2026/Nova/ERC_SE_CustomMessages/include/device_ids.h:94:19:constexpr uint8_t idOf(E) [with E = ConnType]	16	static
/home/pedro/Pedro/Xplore/Gits/Avionics_SW/2026/Nova/System/Config/Inc/BoardProfile.h:162:34:constexpr const ConnPads& pinOf(ConnType)	16	static
/home/pedro/Pedro/Xplore/Gits/Avionics_SW/2026/Nova/System/Config/Inc/BoardProfile.h:269:28:const BoardProfile& profile()	8	static
/home/pedro/Pedro/Xplore/Gits/Avionics_SW/2026/Nova/System/Threads/Inc/MassThread.h:45:11:MassType::MassType(const HX711&)	16	static
../System/Threads/Src/MassThread.cpp:10:1:MassThread::MassThread(const char*, osPriority_t)	48	static
../System/Threads/Src/MassThread.cpp:17:1:MassThread::~MassThread()	16	static
../System/Threads/Src/MassThread.cpp:17:1:virtual MassThread::~MassThread()	16	static
../System/Threads/Src/MassThread.cpp:21:6:virtual void MassThread::init()	64	static
../System/Threads/Src/MassThread.cpp:58:6:virtual void MassThread::loop()	48	static
../System/Threads/Src/MassThread.cpp:77:6:void MassThread::updateMass(MassType&)	32	static
../System/Threads/Src/MassThread.cpp:86:6:void MassThread::shift(float*, int, float)	32	static
../System/Threads/Src/MassThread.cpp:93:7:float MassThread::movingAverage(const float*, uint8_t)	32	static
../System/Threads/Src/MassThread.cpp:100:6:void MassThread::update(MassType&)	32	static
../System/Threads/Src/MassThread.cpp:124:6:void MassThread::tareScale(MassType&)	56	static
/home/pedro/Pedro/Xplore/Gits/Avionics_SW/2026/Nova/System/Threads/Inc/MessageThread.h:112:5:MessageThread<CommandMsg, StatusMsg>::MessageThread(const char*, osPriority_t) [with CommandMsg = MassRequest; StatusMsg = MassPacket]	40	static
/home/pedro/Pedro/Xplore/Gits/Avionics_SW/2026/Nova/System/Threads/Inc/MessageThread.h:147:13:MessageThread<CommandMsg, StatusMsg>::~MessageThread() [with CommandMsg = MassRequest; StatusMsg = MassPacket]	16	static
/home/pedro/Pedro/Xplore/Gits/Avionics_SW/2026/Nova/System/Threads/Inc/MessageThread.h:147:13:MessageThread<CommandMsg, StatusMsg>::~MessageThread() [with CommandMsg = MassRequest; StatusMsg = MassPacket]	16	static
/home/pedro/Pedro/Xplore/Gits/Avionics_SW/2026/Nova/System/Config/Inc/BoardProfile.h:296:13:void bindSlots(T (&)[N], DeviceType, ConnType) [with T = MassType; unsigned int N = 2]	32	static
/home/pedro/Pedro/Xplore/Gits/Avionics_SW/2026/Nova/System/Config/Inc/BoardProfile.h:310:11:T* deviceFor(T (&)[N], uint8_t) [with T = MassType; unsigned int N = 2]	32	static
/home/pedro/Pedro/Xplore/Gits/Avionics_SW/2026/Nova/System/Threads/Inc/MessageThread.h:69:5:MessageThread<CommandMsg, StatusMsg>::MessageThread(const char*, osPriority_t, uint32_t, uint32_t, std::size_t, std::size_t) [with CommandMsg = MassRequest; StatusMsg = MassPacket]	40	static,ignoring_inline_asm
