/home/pedro/Pedro/Xplore/Gits/Avionics_SW/2026/Nova/System/Threads/Inc/Thread.h:20:10:Thread::~Thread()	16	static
/home/pedro/Pedro/Xplore/Gits/Avionics_SW/2026/Nova/System/Threads/Inc/Thread.h:20:10:virtual Thread::~Thread()	16	static
/home/pedro/Pedro/Xplore/Gits/Avionics_SW/2026/Nova/Avionics_Common/include/device_ids.h:109:19:constexpr uint8_t idOf(E) [with E = ConnType]	16	static
/home/pedro/Pedro/Xplore/Gits/Avionics_SW/2026/Nova/Avionics_Common/include/BoardProfile.h:197:28:const BoardProfile& profile()	8	static
/home/pedro/Pedro/Xplore/Gits/Avionics_SW/2026/Nova/Avionics_Common/include/BoardUtils.h:122:21:constexpr SlotRange rangeOf(SlotGroup)	24	static
/home/pedro/Pedro/Xplore/Gits/Avionics_SW/2026/Nova/System/Config/Inc/Pins.h:105:34:constexpr const ConnPads& pinOf(ConnType)	16	static
/home/pedro/Pedro/Xplore/Gits/Avionics_SW/2026/Nova/System/Threads/Inc/MassThread.h:123:11:MassType::MassType(const HX711&)	16	static
../System/Threads/Src/MassThread.cpp:10:1:MassThread::MassThread(const char*, osPriority_t)	48	static
../System/Threads/Src/MassThread.cpp:17:1:MassThread::~MassThread()	16	static
../System/Threads/Src/MassThread.cpp:17:1:virtual MassThread::~MassThread()	16	static
../System/Threads/Src/MassThread.cpp:21:6:virtual void MassThread::init()	48	static
../System/Threads/Src/MassThread.cpp:68:6:virtual void MassThread::loop()	48	static
../System/Threads/Src/MassThread.cpp:100:6:void MassThread::updateMass(MassType&)	32	static
../System/Threads/Src/MassThread.cpp:126:6:void MassThread::shift(float*, int, float)	32	static
../System/Threads/Src/MassThread.cpp:133:7:float MassThread::movingAverage(const float*, uint8_t)	32	static
../System/Threads/Src/MassThread.cpp:140:6:void MassThread::update(MassType&)	32	static
../System/Threads/Src/MassThread.cpp:164:6:void MassThread::beginTare(MassType&)	16	static
../System/Threads/Src/MassThread.cpp:178:6:void MassThread::stepTare(MassType&)	40	static
../System/Threads/Src/MassThread.cpp:216:6:void MassThread::commitTare(MassType&)	32	static
/home/pedro/Pedro/Xplore/Gits/Avionics_SW/2026/Nova/System/Threads/Inc/MessageThread.h:99:5:MessageThread<CommandMsg, StatusMsg>::MessageThread(const char*, osPriority_t) [with CommandMsg = MassRequest; StatusMsg = MassPacket]	32	static
/home/pedro/Pedro/Xplore/Gits/Avionics_SW/2026/Nova/System/Threads/Inc/MessageThread.h:113:13:MessageThread<CommandMsg, StatusMsg>::~MessageThread() [with CommandMsg = MassRequest; StatusMsg = MassPacket]	16	static
/home/pedro/Pedro/Xplore/Gits/Avionics_SW/2026/Nova/System/Threads/Inc/MessageThread.h:113:13:MessageThread<CommandMsg, StatusMsg>::~MessageThread() [with CommandMsg = MassRequest; StatusMsg = MassPacket]	16	static
/home/pedro/Pedro/Xplore/Gits/Avionics_SW/2026/Nova/Avionics_Common/include/BoardUtils.h:157:13:void bindSlots(T (&)[N], DeviceType) [with SlotGroup G = SlotGroup::Connectors; T = MassType; unsigned int N = 2]	40	static
/home/pedro/Pedro/Xplore/Gits/Avionics_SW/2026/Nova/Avionics_Common/include/BoardUtils.h:173:11:T* deviceFor(T (&)[N], uint8_t) [with T = MassType; unsigned int N = 2]	32	static
/home/pedro/Pedro/Xplore/Gits/Avionics_SW/2026/Nova/System/Threads/Inc/MessageThread.h:72:5:MessageThread<CommandMsg, StatusMsg>::MessageThread(const char*, osPriority_t, uint32_t, uint32_t) [with CommandMsg = MassRequest; StatusMsg = MassPacket]	40	static,ignoring_inline_asm
