/home/xplore/Desktop/nova_v2/Avionics_SW/2026/Nova/System/Threads/Inc/Thread.h:23:10:Thread::~Thread()	16	static
/home/xplore/Desktop/nova_v2/Avionics_SW/2026/Nova/System/Threads/Inc/Thread.h:23:10:virtual Thread::~Thread()	16	static
/home/xplore/Desktop/nova_v2/Avionics_SW/2026/Nova/System/Threads/Inc/MassThread.h:23:8:MassType::MassType()	16	static
../System/Threads/Src/MassThread.cpp:10:1:MassThread::MassThread(const char*, osPriority_t)	40	static
../System/Threads/Src/MassThread.cpp:25:1:MassThread::~MassThread()	16	static
../System/Threads/Src/MassThread.cpp:25:1:virtual MassThread::~MassThread()	16	static
../System/Threads/Src/MassThread.cpp:47:6:virtual void MassThread::init()	16	static
../System/Threads/Src/MassThread.cpp:57:6:virtual void MassThread::loop()	24	static
../System/Threads/Src/MassThread.cpp:73:6:void MassThread::updateMass(MassType*)	32	static
../System/Threads/Src/MassThread.cpp:86:6:void MassThread::shift(float*, int, float)	32	static
../System/Threads/Src/MassThread.cpp:93:7:float MassThread::movingAverage(const float*, uint8_t)	32	static
../System/Threads/Src/MassThread.cpp:100:6:void MassThread::update(MassType*)	32	static
../System/Threads/Src/MassThread.cpp:117:6:void MassThread::tareScale(MassType*)	56	static
/home/xplore/Desktop/nova_v2/Avionics_SW/2026/Nova/System/Threads/Inc/MessageThread.h:96:5:MessageThread<CommandMsg, StatusMsg>::MessageThread(const char*, osPriority_t) [with CommandMsg = MassRequest; StatusMsg = MassPacket]	40	static
/home/xplore/Desktop/nova_v2/Avionics_SW/2026/Nova/System/Threads/Inc/MessageThread.h:131:13:MessageThread<CommandMsg, StatusMsg>::~MessageThread() [with CommandMsg = MassRequest; StatusMsg = MassPacket]	16	static
/home/xplore/Desktop/nova_v2/Avionics_SW/2026/Nova/System/Threads/Inc/MessageThread.h:131:13:MessageThread<CommandMsg, StatusMsg>::~MessageThread() [with CommandMsg = MassRequest; StatusMsg = MassPacket]	16	static
/home/xplore/Desktop/nova_v2/Avionics_SW/2026/Nova/System/Threads/Inc/MessageThread.h:60:5:MessageThread<CommandMsg, StatusMsg>::MessageThread(const char*, osPriority_t, uint32_t, uint32_t, std::size_t, std::size_t) [with CommandMsg = MassRequest; StatusMsg = MassPacket]	32	static,ignoring_inline_asm
