/home/pedro/Pedro/Xplore/Gits/Avionics_SW/2026/Nova/System/Threads/Inc/Thread.h:23:10:Thread::~Thread()	16	static
/home/pedro/Pedro/Xplore/Gits/Avionics_SW/2026/Nova/System/Threads/Inc/Thread.h:23:10:virtual Thread::~Thread()	16	static
/opt/st/stm32cubeide_1.19.0/plugins/com.st.stm32cube.ide.mcu.externaltools.gnu-tools-for-stm32.13.3.rel1.linux64_1.0.0.202410170706/tools/arm-none-eabi/include/c++/13.3.1/arm-none-eabi/thumb/v7e-m+fp/hard/bits/gthr-default.h:229:1:int __gthread_key_delete(__gthread_key_t)	16	static
../System/Threads/Src/MicroRosThread.cpp:41:1:MicroRosThread::MicroRosThread(ThreadsRegistry*, const char*, osPriority_t)	24	static
../System/Threads/Src/MicroRosThread.cpp:48:6:virtual void MicroRosThread::init()	48	static
../System/Threads/Src/MicroRosThread.cpp:69:6:void MicroRosThread::destroy_entities()	16	static
../System/Threads/Src/MicroRosThread.cpp:82:6:void MicroRosThread::updateSubs()	56	static
../System/Threads/Src/MicroRosThread.cpp:110:6:void MicroRosThread::updatePubs()	48	static
../System/Threads/Src/MicroRosThread.cpp:133:6:bool MicroRosThread::try_connect_and_setup()	40	static
../System/Threads/Src/MicroRosThread.cpp:183:6:virtual void MicroRosThread::loop()	16	static
/home/pedro/Pedro/Xplore/Gits/Avionics_SW/2026/Nova/System/Threads/Inc/MicroRosThread.h:33:7:MicroRosThread::~MicroRosThread()	16	static
/home/pedro/Pedro/Xplore/Gits/Avionics_SW/2026/Nova/System/Threads/Inc/MicroRosThread.h:33:7:virtual MicroRosThread::~MicroRosThread()	16	static
