/home/pedro/Pedro/Xplore/Gits/Avionics_SW/2026/Nova/System/Threads/Inc/Thread.h:20:10:Thread::~Thread()	16	static
/home/pedro/Pedro/Xplore/Gits/Avionics_SW/2026/Nova/System/Threads/Inc/Thread.h:20:10:virtual Thread::~Thread()	16	static
/home/pedro/Pedro/Xplore/Gits/Avionics_SW/2026/Nova/Avionics_Common/include/device_ids.h:109:19:constexpr uint8_t idOf(E) [with E = ConnType]	16	static
/home/pedro/Pedro/Xplore/Gits/Avionics_SW/2026/Nova/System/Config/Inc/Pins.h:105:34:constexpr const ConnPads& pinOf(ConnType)	16	static
/home/pedro/Pedro/Xplore/Gits/Avionics_SW/2026/Nova/System/Threads/Inc/pHMeterThread.h:82:14:PhType::PhType(const ADS1114&)	16	static
../System/Threads/Src/pHMeterThread.cpp:15:1:pHMeterThread::pHMeterThread(const char*, osPriority_t)	144	static
../System/Threads/Src/pHMeterThread.cpp:19:1:pHMeterThread::~pHMeterThread()	16	static
../System/Threads/Src/pHMeterThread.cpp:19:1:virtual pHMeterThread::~pHMeterThread()	16	static
../System/Threads/Src/pHMeterThread.cpp:21:6:virtual void pHMeterThread::init()	16	static
../System/Threads/Src/pHMeterThread.cpp:26:6:virtual void pHMeterThread::loop()	32	static
../System/Threads/Src/pHMeterThread.cpp:61:6:void pHMeterThread::sample(PhType&)	48	static
../System/Threads/Src/pHMeterThread.cpp:117:6:void pHMeterThread::publish(PhType&)	24	static
/home/pedro/Pedro/Xplore/Gits/Avionics_SW/2026/Nova/System/Threads/Inc/MessageThread.h:96:5:MessageThread<CommandMsg, StatusMsg>::MessageThread(const char*, osPriority_t) [with CommandMsg = PhRequest; StatusMsg = PhPacket]	32	static
/home/pedro/Pedro/Xplore/Gits/Avionics_SW/2026/Nova/System/Threads/Inc/MessageThread.h:110:13:MessageThread<CommandMsg, StatusMsg>::~MessageThread() [with CommandMsg = PhRequest; StatusMsg = PhPacket]	16	static
/home/pedro/Pedro/Xplore/Gits/Avionics_SW/2026/Nova/System/Threads/Inc/MessageThread.h:110:13:MessageThread<CommandMsg, StatusMsg>::~MessageThread() [with CommandMsg = PhRequest; StatusMsg = PhPacket]	16	static
/home/pedro/Pedro/Xplore/Gits/Avionics_SW/2026/Nova/System/Threads/Inc/MessageThread.h:69:5:MessageThread<CommandMsg, StatusMsg>::MessageThread(const char*, osPriority_t, uint32_t, uint32_t) [with CommandMsg = PhRequest; StatusMsg = PhPacket]	40	static,ignoring_inline_asm
