/home/pedro/Pedro/Xplore/Gits/Avionics_SW/2026/Nova/System/Threads/Inc/Thread.h:20:10:Thread::~Thread()	16	static
/home/pedro/Pedro/Xplore/Gits/Avionics_SW/2026/Nova/System/Threads/Inc/Thread.h:20:10:virtual Thread::~Thread()	16	static
/home/pedro/Pedro/Xplore/Gits/Avionics_SW/2026/Nova/System/Comms/Inc/Transport.h:21:7:CdcTransport::CdcTransport()	16	static
../System/Threads/Src/SerialThread.cpp:33:1:SerialThread::SerialThread(const char*, osPriority_t)	24	static
../System/Threads/Src/SerialThread.cpp:38:6:virtual void SerialThread::init()	16	static
../System/Threads/Src/SerialThread.cpp:71:17:SerialThread::loop()::<lambda(const SerialThread::Frame&)>	16	static
../System/Threads/Src/SerialThread.cpp:60:6:virtual void SerialThread::loop()	56	static
../System/Threads/Src/SerialThread.cpp:84:6:void SerialThread::dispatch(const Frame&)	72	static
/home/pedro/Pedro/Xplore/Gits/Avionics_SW/2026/Nova/Avionics_Common/include/SerialProtocol.h:69:14:SerialProtocol<MaxPayload, Transport>::SerialProtocol(Transport&) [with unsigned int MaxPayload = 128; Transport = CdcTransport]	16	static
/home/pedro/Pedro/Xplore/Gits/Avionics_SW/2026/Nova/Avionics_Common/include/SerialProtocol.h:134:10:void SerialProtocol<MaxPayload, Transport>::tick(uint32_t) [with unsigned int MaxPayload = 128; Transport = CdcTransport]	16	static
/home/pedro/Pedro/Xplore/Gits/Avionics_SW/2026/Nova/Avionics_Common/include/SerialProtocol.h:145:10:bool SerialProtocol<MaxPayload, Transport>::linkReset() [with unsigned int MaxPayload = 128; Transport = CdcTransport]	24	static
/home/pedro/Pedro/Xplore/Gits/Avionics_SW/2026/Nova/Avionics_Common/include/SerialProtocol.h:164:10:void SerialProtocol<MaxPayload, Transport>::poll(OnFrame&&) [with OnFrame = SerialThread::loop()::<lambda(const SerialThread::Frame&)>; unsigned int MaxPayload = 128; Transport = CdcTransport]	1240	static
/home/pedro/Pedro/Xplore/Gits/Avionics_SW/2026/Nova/Avionics_Common/include/SerialProtocol.h:82:10:bool SerialProtocol<MaxPayload, Transport>::send(uint8_t, const void*, uint16_t) [with unsigned int MaxPayload = 128; Transport = CdcTransport]	176	static
../System/Threads/Src/SerialThread.cpp:26:6:bool {anonymous}::_frameas(const Frame&, T&) [with T = ServoRequest; Frame = SerialProtocol<128, CdcTransport>::Frame]	16	static
../System/Threads/Src/SerialThread.cpp:26:6:bool {anonymous}::_frameas(const Frame&, T&) [with T = MassRequest; Frame = SerialProtocol<128, CdcTransport>::Frame]	16	static
../System/Threads/Src/SerialThread.cpp:26:6:bool {anonymous}::_frameas(const Frame&, T&) [with T = LEDRequest; Frame = SerialProtocol<128, CdcTransport>::Frame]	16	static
../System/Threads/Src/SerialThread.cpp:26:6:bool {anonymous}::_frameas(const Frame&, T&) [with T = PhRequest; Frame = SerialProtocol<128, CdcTransport>::Frame]	16	static
/home/pedro/Pedro/Xplore/Gits/Avionics_SW/2026/Nova/Avionics_Common/include/SerialProtocol.h:372:10:void SerialProtocol<MaxPayload, Transport>::reset() [with unsigned int MaxPayload = 128; Transport = CdcTransport]	16	static
/home/pedro/Pedro/Xplore/Gits/Avionics_SW/2026/Nova/Avionics_Common/include/SerialProtocol.h:183:10:void SerialProtocol<MaxPayload, Transport>::parse(const uint8_t*, uint16_t, OnFrame&&) [with OnFrame = SerialThread::loop()::<lambda(const SerialThread::Frame&)>&; unsigned int MaxPayload = 128; Transport = CdcTransport]	32	static
/home/pedro/Pedro/Xplore/Gits/Avionics_SW/2026/Nova/Avionics_Common/include/SerialProtocol.h:220:10:void SerialProtocol<MaxPayload, Transport>::staleFrame() [with unsigned int MaxPayload = 128; Transport = CdcTransport]	16	static
/home/pedro/Pedro/Xplore/Gits/Avionics_SW/2026/Nova/Avionics_Common/include/SerialProtocol.h:383:21:static uint16_t SerialProtocol<MaxPayload, Transport>::crc16(uint8_t, const uint8_t*, uint16_t) [with unsigned int MaxPayload = 128; Transport = CdcTransport]	24	static
/opt/st/stm32cubeide_1.19.0/plugins/com.st.stm32cube.ide.mcu.externaltools.gnu-tools-for-stm32.13.3.rel1.linux64_1.0.0.202410170706/tools/arm-none-eabi/include/c++/13.3.1/array:281:7:constexpr const std::array<_Tp, _Nm>::value_type* std::array<_Tp, _Nm>::data() const [with _Tp = unsigned char; unsigned int _Nm = 128]	16	static
/home/pedro/Pedro/Xplore/Gits/Avionics_SW/2026/Nova/Avionics_Common/include/SerialProtocol.h:240:10:bool SerialProtocol<MaxPayload, Transport>::processByte(uint8_t) [with unsigned int MaxPayload = 128; Transport = CdcTransport]	32	static
/home/pedro/Pedro/Xplore/Gits/Avionics_SW/2026/Nova/Avionics_Common/include/SerialProtocol.h:377:21:static uint16_t SerialProtocol<MaxPayload, Transport>::updateCrc(uint16_t, uint8_t) [with unsigned int MaxPayload = 128; Transport = CdcTransport]	24	static
/opt/st/stm32cubeide_1.19.0/plugins/com.st.stm32cube.ide.mcu.externaltools.gnu-tools-for-stm32.13.3.rel1.linux64_1.0.0.202410170706/tools/arm-none-eabi/include/c++/13.3.1/array:200:7:constexpr std::array<_Tp, _Nm>::value_type& std::array<_Tp, _Nm>::operator[](size_type) [with _Tp = unsigned char; unsigned int _Nm = 128]	16	static
/home/pedro/Pedro/Xplore/Gits/Avionics_SW/2026/Nova/System/Threads/Inc/SerialThread.h:16:7:SerialThread::~SerialThread()	16	static
/home/pedro/Pedro/Xplore/Gits/Avionics_SW/2026/Nova/System/Threads/Inc/SerialThread.h:16:7:virtual SerialThread::~SerialThread()	16	static
