/home/pedro/Pedro/Xplore/Gits/Avionics_SW/2026/Nova/System/Threads/Inc/Thread.h:22:10:Thread::~Thread()	16	static
/home/pedro/Pedro/Xplore/Gits/Avionics_SW/2026/Nova/System/Threads/Inc/Thread.h:22:10:virtual Thread::~Thread()	16	static
../System/Threads/Src/ServoThread.cpp:3:1:ServoThread::ServoThread(const char*, osPriority_t)	32	static
../System/Threads/Src/ServoThread.cpp:9:1:ServoThread::~ServoThread()	24	static
../System/Threads/Src/ServoThread.cpp:9:1:virtual ServoThread::~ServoThread()	16	static
../System/Threads/Src/ServoThread.cpp:14:6:virtual void ServoThread::init()	16	static
../System/Threads/Src/ServoThread.cpp:26:18:ServoThread::loop()::<lambda(uint8_t, const ServoRequest&)>	24	static
../System/Threads/Src/ServoThread.cpp:20:6:virtual void ServoThread::loop()	72	static
/home/pedro/Pedro/Xplore/Gits/Avionics_SW/2026/Nova/System/Threads/Inc/MessageThread.h:112:5:MessageThread<CommandMsg, StatusMsg>::MessageThread(const char*, osPriority_t) [with CommandMsg = ServoRequest; StatusMsg = EmptyMessage]	40	static
/home/pedro/Pedro/Xplore/Gits/Avionics_SW/2026/Nova/System/Threads/Inc/MessageThread.h:147:13:MessageThread<CommandMsg, StatusMsg>::~MessageThread() [with CommandMsg = ServoRequest; StatusMsg = EmptyMessage]	16	static
/home/pedro/Pedro/Xplore/Gits/Avionics_SW/2026/Nova/System/Threads/Inc/MessageThread.h:147:13:MessageThread<CommandMsg, StatusMsg>::~MessageThread() [with CommandMsg = ServoRequest; StatusMsg = EmptyMessage]	16	static
/home/pedro/Pedro/Xplore/Gits/Avionics_SW/2026/Nova/System/Threads/Inc/MessageThread.h:69:5:MessageThread<CommandMsg, StatusMsg>::MessageThread(const char*, osPriority_t, uint32_t, uint32_t, std::size_t, std::size_t) [with CommandMsg = ServoRequest; StatusMsg = EmptyMessage]	40	static,ignoring_inline_asm
