/home/pedro/Pedro/Xplore/Gits/Avionics_SW/2026/Nova/System/Threads/Inc/Thread.h:22:10:Thread::~Thread()	16	static
/home/pedro/Pedro/Xplore/Gits/Avionics_SW/2026/Nova/System/Threads/Inc/Thread.h:22:10:virtual Thread::~Thread()	16	static
/home/pedro/Pedro/Xplore/Gits/Avionics_SW/2026/Nova/System/Config/Inc/BoardProfile.h:112:28:const BoardProfile& profile()	8	static
../System/Threads/Src/ServoThread.cpp:3:1:ServoThread::ServoThread(const char*, osPriority_t)	32	static
../System/Threads/Src/ServoThread.cpp:10:1:ServoThread::~ServoThread()	24	static
../System/Threads/Src/ServoThread.cpp:10:1:virtual ServoThread::~ServoThread()	16	static
../System/Threads/Src/ServoThread.cpp:15:6:virtual void ServoThread::init()	32	static
../System/Threads/Src/ServoThread.cpp:40:6:virtual void ServoThread::loop()	40	static
/home/pedro/Pedro/Xplore/Gits/Avionics_SW/2026/Nova/System/Threads/Inc/MessageThread.h:112:5:MessageThread<CommandMsg, StatusMsg>::MessageThread(const char*, osPriority_t) [with CommandMsg = ServoRequest; StatusMsg = EmptyMessage]	40	static
/home/pedro/Pedro/Xplore/Gits/Avionics_SW/2026/Nova/System/Threads/Inc/MessageThread.h:147:13:MessageThread<CommandMsg, StatusMsg>::~MessageThread() [with CommandMsg = ServoRequest; StatusMsg = EmptyMessage]	16	static
/home/pedro/Pedro/Xplore/Gits/Avionics_SW/2026/Nova/System/Threads/Inc/MessageThread.h:147:13:MessageThread<CommandMsg, StatusMsg>::~MessageThread() [with CommandMsg = ServoRequest; StatusMsg = EmptyMessage]	16	static
/home/pedro/Pedro/Xplore/Gits/Avionics_SW/2026/Nova/System/Config/Inc/BoardProfile.h:139:13:void bindDevices(T (&)[N], const uint8_t (&)[N]) [with T = PWMDriver; unsigned int N = 4]	24	static
/home/pedro/Pedro/Xplore/Gits/Avionics_SW/2026/Nova/System/Config/Inc/BoardProfile.h:150:11:T* deviceFor(T (&)[N], uint8_t) [with T = PWMDriver; unsigned int N = 4]	32	static
/home/pedro/Pedro/Xplore/Gits/Avionics_SW/2026/Nova/System/Threads/Inc/MessageThread.h:69:5:MessageThread<CommandMsg, StatusMsg>::MessageThread(const char*, osPriority_t, uint32_t, uint32_t, std::size_t, std::size_t) [with CommandMsg = ServoRequest; StatusMsg = EmptyMessage]	40	static,ignoring_inline_asm
