C:\ST\STM32CubeIDE_1.19.0\STM32CubeIDE\plugins\com.st.stm32cube.ide.mcu.externaltools.gnu-tools-for-stm32.13.3.rel1.win32_1.0.0.202411081344\tools\arm-none-eabi\include\c++\13.3.1\arm-none-eabi\thumb\v7e-m+dp\hard\bits\gthr-default.h:229:1:int __gthread_key_delete(__gthread_key_t)	16	static
../Core/Src/main.cpp:27:6:void HAL_TIM_PWM_PulseFinishedCallback(TIM_HandleTypeDef*)	16	static
../Core/Src/main.cpp:32:5:int main()	128	static
../Core/Src/main.cpp:112:6:void SystemClock_Config()	120	static
../Core/Src/main.cpp:173:13:void MX_SPI1_Init()	8	static
../Core/Src/main.cpp:221:13:void MX_TIM4_Init()	64	static
../Core/Src/main.cpp:280:13:void MX_UART4_Init()	8	static
../Core/Src/main.cpp:328:13:void MX_USB_OTG_HS_USB_Init()	4	static
../Core/Src/main.cpp:347:13:void MX_DMA_Init()	16	static
../Core/Src/main.cpp:365:13:void MX_GPIO_Init()	56	static
../Core/Src/main.cpp:425:6:void MPU_Config()	24	static
../Core/Src/main.cpp:456:6:void Error_Handler()	4	static,ignoring_inline_asm
