Archive member included to satisfy reference by file (symbol)

C:/ST/STM32CubeIDE_1.19.0/STM32CubeIDE/plugins/com.st.stm32cube.ide.mcu.externaltools.gnu-tools-for-stm32.13.3.rel1.win32_1.0.0.202411081344/tools/bin/../lib/gcc/arm-none-eabi/13.3.1/../../../../arm-none-eabi/lib/thumb/v7e-m+dp/hard\libstdc++_nano.a(del_ops.o)
                              ./System/Threads/Src/HeartBeat.o (operator delete(void*, unsigned int))
C:/ST/STM32CubeIDE_1.19.0/STM32CubeIDE/plugins/com.st.stm32cube.ide.mcu.externaltools.gnu-tools-for-stm32.13.3.rel1.win32_1.0.0.202411081344/tools/bin/../lib/gcc/arm-none-eabi/13.3.1/../../../../arm-none-eabi/lib/thumb/v7e-m+dp/hard\libc_nano.a(libc_a-exit.o)
                              C:/ST/STM32CubeIDE_1.19.0/STM32CubeIDE/plugins/com.st.stm32cube.ide.mcu.externaltools.gnu-tools-for-stm32.13.3.rel1.win32_1.0.0.202411081344/tools/bin/../lib/gcc/arm-none-eabi/13.3.1/../../../../arm-none-eabi/lib/thumb/v7e-m+dp/hard/crt0.o (exit)
C:/ST/STM32CubeIDE_1.19.0/STM32CubeIDE/plugins/com.st.stm32cube.ide.mcu.externaltools.gnu-tools-for-stm32.13.3.rel1.win32_1.0.0.202411081344/tools/bin/../lib/gcc/arm-none-eabi/13.3.1/../../../../arm-none-eabi/lib/thumb/v7e-m+dp/hard\libc_nano.a(libc_a-findfp.o)
                              C:/ST/STM32CubeIDE_1.19.0/STM32CubeIDE/plugins/com.st.stm32cube.ide.mcu.externaltools.gnu-tools-for-stm32.13.3.rel1.win32_1.0.0.202411081344/tools/bin/../lib/gcc/arm-none-eabi/13.3.1/../../../../arm-none-eabi/lib/thumb/v7e-m+dp/hard\libc_nano.a(libc_a-exit.o) (__stdio_exit_handler)
C:/ST/STM32CubeIDE_1.19.0/STM32CubeIDE/plugins/com.st.stm32cube.ide.mcu.externaltools.gnu-tools-for-stm32.13.3.rel1.win32_1.0.0.202411081344/tools/bin/../lib/gcc/arm-none-eabi/13.3.1/../../../../arm-none-eabi/lib/thumb/v7e-m+dp/hard\libc_nano.a(libc_a-fwalk.o)
                              C:/ST/STM32CubeIDE_1.19.0/STM32CubeIDE/plugins/com.st.stm32cube.ide.mcu.externaltools.gnu-tools-for-stm32.13.3.rel1.win32_1.0.0.202411081344/tools/bin/../lib/gcc/arm-none-eabi/13.3.1/../../../../arm-none-eabi/lib/thumb/v7e-m+dp/hard\libc_nano.a(libc_a-findfp.o) (_fwalk_sglue)
C:/ST/STM32CubeIDE_1.19.0/STM32CubeIDE/plugins/com.st.stm32cube.ide.mcu.externaltools.gnu-tools-for-stm32.13.3.rel1.win32_1.0.0.202411081344/tools/bin/../lib/gcc/arm-none-eabi/13.3.1/../../../../arm-none-eabi/lib/thumb/v7e-m+dp/hard\libc_nano.a(libc_a-stdio.o)
                              C:/ST/STM32CubeIDE_1.19.0/STM32CubeIDE/plugins/com.st.stm32cube.ide.mcu.externaltools.gnu-tools-for-stm32.13.3.rel1.win32_1.0.0.202411081344/tools/bin/../lib/gcc/arm-none-eabi/13.3.1/../../../../arm-none-eabi/lib/thumb/v7e-m+dp/hard\libc_nano.a(libc_a-findfp.o) (__sread)
C:/ST/STM32CubeIDE_1.19.0/STM32CubeIDE/plugins/com.st.stm32cube.ide.mcu.externaltools.gnu-tools-for-stm32.13.3.rel1.win32_1.0.0.202411081344/tools/bin/../lib/gcc/arm-none-eabi/13.3.1/../../../../arm-none-eabi/lib/thumb/v7e-m+dp/hard\libc_nano.a(libc_a-memset.o)
                              C:/ST/STM32CubeIDE_1.19.0/STM32CubeIDE/plugins/com.st.stm32cube.ide.mcu.externaltools.gnu-tools-for-stm32.13.3.rel1.win32_1.0.0.202411081344/tools/bin/../lib/gcc/arm-none-eabi/13.3.1/../../../../arm-none-eabi/lib/thumb/v7e-m+dp/hard/crt0.o (memset)
C:/ST/STM32CubeIDE_1.19.0/STM32CubeIDE/plugins/com.st.stm32cube.ide.mcu.externaltools.gnu-tools-for-stm32.13.3.rel1.win32_1.0.0.202411081344/tools/bin/../lib/gcc/arm-none-eabi/13.3.1/../../../../arm-none-eabi/lib/thumb/v7e-m+dp/hard\libc_nano.a(libc_a-closer.o)
                              C:/ST/STM32CubeIDE_1.19.0/STM32CubeIDE/plugins/com.st.stm32cube.ide.mcu.externaltools.gnu-tools-for-stm32.13.3.rel1.win32_1.0.0.202411081344/tools/bin/../lib/gcc/arm-none-eabi/13.3.1/../../../../arm-none-eabi/lib/thumb/v7e-m+dp/hard\libc_nano.a(libc_a-stdio.o) (_close_r)
C:/ST/STM32CubeIDE_1.19.0/STM32CubeIDE/plugins/com.st.stm32cube.ide.mcu.externaltools.gnu-tools-for-stm32.13.3.rel1.win32_1.0.0.202411081344/tools/bin/../lib/gcc/arm-none-eabi/13.3.1/../../../../arm-none-eabi/lib/thumb/v7e-m+dp/hard\libc_nano.a(libc_a-reent.o)
                              C:/ST/STM32CubeIDE_1.19.0/STM32CubeIDE/plugins/com.st.stm32cube.ide.mcu.externaltools.gnu-tools-for-stm32.13.3.rel1.win32_1.0.0.202411081344/tools/bin/../lib/gcc/arm-none-eabi/13.3.1/../../../../arm-none-eabi/lib/thumb/v7e-m+dp/hard\libc_nano.a(libc_a-closer.o) (errno)
C:/ST/STM32CubeIDE_1.19.0/STM32CubeIDE/plugins/com.st.stm32cube.ide.mcu.externaltools.gnu-tools-for-stm32.13.3.rel1.win32_1.0.0.202411081344/tools/bin/../lib/gcc/arm-none-eabi/13.3.1/../../../../arm-none-eabi/lib/thumb/v7e-m+dp/hard\libc_nano.a(libc_a-impure.o)
                              C:/ST/STM32CubeIDE_1.19.0/STM32CubeIDE/plugins/com.st.stm32cube.ide.mcu.externaltools.gnu-tools-for-stm32.13.3.rel1.win32_1.0.0.202411081344/tools/bin/../lib/gcc/arm-none-eabi/13.3.1/../../../../arm-none-eabi/lib/thumb/v7e-m+dp/hard\libc_nano.a(libc_a-reent.o) (_impure_ptr)
[...]
Memory Configuration

Name             Origin             Length             Attributes
FLASH            0x08000000         0x00200000         xr
DTCMRAM          0x20000000         0x00020000         xrw
RAM_D1           0x24000000         0x00080000         xrw
RAM_D2           0x30000000         0x00048000         xrw
RAM_D3           0x38000000         0x00010000         xrw
ITCMRAM          0x00000000         0x00010000         xrw
*default*        0x00000000         0xffffffff

Linker script and memory map

LOAD C:/ST/STM32CubeIDE_1.19.0/STM32CubeIDE/plugins/com.st.stm32cube.ide.mcu.externaltools.gnu-tools-for-stm32.13.3.rel1.win32_1.0.0.202411081344/tools/bin/../lib/gcc/arm-none-eabi/13.3.1/thumb/v7e-m+dp/hard/crti.o
LOAD C:/ST/STM32CubeIDE_1.19.0/STM32CubeIDE/plugins/com.st.stm32cube.ide.mcu.externaltools.gnu-tools-for-stm32.13.3.rel1.win32_1.0.0.202411081344/tools/bin/../lib/gcc/arm-none-eabi/13.3.1/thumb/v7e-m+dp/hard/crtbegin.o
LOAD C:/ST/STM32CubeIDE_1.19.0/STM32CubeIDE/plugins/com.st.stm32cube.ide.mcu.externaltools.gnu-tools-for-stm32.13.3.rel1.win32_1.0.0.202411081344/tools/bin/../lib/gcc/arm-none-eabi/13.3.1/../../../../arm-none-eabi/lib/thumb/v7e-m+dp/hard/crt0.o
LOAD ./Core/Src/custom_memory_manager.o
LOAD ./Core/Src/freertos.o
LOAD ./Core/Src/main.o
LOAD ./Core/Src/stm32h7xx_hal_msp.o
LOAD ./Core/Src/stm32h7xx_hal_timebase_tim.o
LOAD ./Core/Src/stm32h7xx_it.o
LOAD ./Core/Src/syscalls.o
LOAD ./Core/Src/sysmem.o
LOAD ./Core/Src/system_stm32h7xx.o
LOAD ./Core/Startup/startup_stm32h753zitx.o
LOAD ./Drivers/STM32H7xx_HAL_Driver/Src/stm32h7xx_hal.o
LOAD ./Drivers/STM32H7xx_HAL_Driver/Src/stm32h7xx_hal_cortex.o
LOAD ./Drivers/STM32H7xx_HAL_Driver/Src/stm32h7xx_hal_dma.o
LOAD ./Drivers/STM32H7xx_HAL_Driver/Src/stm32h7xx_hal_dma_ex.o
LOAD ./Drivers/STM32H7xx_HAL_Driver/Src/stm32h7xx_hal_exti.o
LOAD ./Drivers/STM32H7xx_HAL_Driver/Src/stm32h7xx_hal_flash.o
LOAD ./Drivers/STM32H7xx_HAL_Driver/Src/stm32h7xx_hal_flash_ex.o
LOAD ./Drivers/STM32H7xx_HAL_Driver/Src/stm32h7xx_hal_gpio.o
LOAD ./Drivers/STM32H7xx_HAL_Driver/Src/stm32h7xx_hal_hsem.o
LOAD ./Drivers/STM32H7xx_HAL_Driver/Src/stm32h7xx_hal_i2c.o
LOAD ./Drivers/STM32H7xx_HAL_Driver/Src/stm32h7xx_hal_i2c_ex.o
LOAD ./Drivers/STM32H7xx_HAL_Driver/Src/stm32h7xx_hal_mdma.o
LOAD ./Drivers/STM32H7xx_HAL_Driver/Src/stm32h7xx_hal_pwr.o
LOAD ./Drivers/STM32H7xx_HAL_Driver/Src/stm32h7xx_hal_pwr_ex.o
LOAD ./Drivers/STM32H7xx_HAL_Driver/Src/stm32h7xx_hal_rcc.o
LOAD ./Drivers/STM32H7xx_HAL_Driver/Src/stm32h7xx_hal_rcc_ex.o
LOAD ./Drivers/STM32H7xx_HAL_Driver/Src/stm32h7xx_hal_spi.o
LOAD ./Drivers/STM32H7xx_HAL_Driver/Src/stm32h7xx_hal_spi_ex.o
LOAD ./Drivers/STM32H7xx_HAL_Driver/Src/stm32h7xx_hal_tim.o
LOAD ./Drivers/STM32H7xx_HAL_Driver/Src/stm32h7xx_hal_tim_ex.o
LOAD ./Drivers/STM32H7xx_HAL_Driver/Src/stm32h7xx_hal_uart.o
LOAD ./Drivers/STM32H7xx_HAL_Driver/Src/stm32h7xx_hal_uart_ex.o
LOAD ./Middlewares/Third_Party/FreeRTOS/Source/CMSIS_RTOS_V2/cmsis_os2.o
LOAD ./Middlewares/Third_Party/FreeRTOS/Source/croutine.o
LOAD ./Middlewares/Third_Party/FreeRTOS/Source/event_groups.o
LOAD ./Middlewares/Third_Party/FreeRTOS/Source/list.o
LOAD ./Middlewares/Third_Party/FreeRTOS/Source/queue.o
LOAD ./Middlewares/Third_Party/FreeRTOS/Source/stream_buffer.o
LOAD ./Middlewares/Third_Party/FreeRTOS/Source/tasks.o
LOAD ./Middlewares/Third_Party/FreeRTOS/Source/timers.o
LOAD ./Middlewares/Third_Party/FreeRTOS/Source/portable/GCC/ARM_CM4F/port.o
LOAD ./Middlewares/Third_Party/FreeRTOS/Source/portable/MemMang/heap_4.o
LOAD ./System/Core/Src/Adafruit_NeoPixel_STM.o
LOAD ./System/Core/Src/HX711.o
LOAD ./System/Core/Src/Interface.o
LOAD ./System/Core/Src/LEDStrip.o
LOAD ./System/Core/Src/PWMDriver.o
LOAD ./System/Core/Src/System.o
LOAD ./System/Threads/Src/HeartBeat.o
LOAD ./System/Threads/Src/LedsThread.o
LOAD ./System/Threads/Src/MassThread.o
LOAD ./System/Threads/Src/MicroRosThread.o
LOAD ./System/Threads/Src/TestTask.o
LOAD ./System/Threads/Src/Thread.o
LOAD ./System/Threads/Src/servoThreadnew.o
LOAD ./System/Utils/Src/Operators.o
START GROUP
LOAD C:/ST/STM32CubeIDE_1.19.0/STM32CubeIDE/plugins/com.st.stm32cube.ide.mcu.externaltools.gnu-tools-for-stm32.13.3.rel1.win32_1.0.0.202411081344/tools/bin/../lib/gcc/arm-none-eabi/13.3.1/../../../../arm-none-eabi/lib/thumb/v7e-m+dp/hard\libstdc++_nano.a
LOAD C:/ST/STM32CubeIDE_1.19.0/STM32CubeIDE/plugins/com.st.stm32cube.ide.mcu.externaltools.gnu-tools-for-stm32.13.3.rel1.win32_1.0.0.202411081344/tools/bin/../lib/gcc/arm-none-eabi/13.3.1/../../../../arm-none-eabi/lib/thumb/v7e-m+dp/hard\libsupc++_nano.a
END GROUP
LOAD C:/ST/STM32CubeIDE_1.19.0/STM32CubeIDE/plugins/com.st.stm32cube.ide.mcu.externaltools.gnu-tools-for-stm32.13.3.rel1.win32_1.0.0.202411081344/tools/bin/../lib/gcc/arm-none-eabi/13.3.1/../../../../arm-none-eabi/lib/thumb/v7e-m+dp/hard\libstdc++_nano.a
LOAD C:/ST/STM32CubeIDE_1.19.0/STM32CubeIDE/plugins/com.st.stm32cube.ide.mcu.externaltools.gnu-tools-for-stm32.13.3.rel1.win32_1.0.0.202411081344/tools/bin/../lib/gcc/arm-none-eabi/13.3.1/../../../../arm-none-eabi/lib/thumb/v7e-m+dp/hard\libm.a
LOAD C:/ST/STM32CubeIDE_1.19.0/STM32CubeIDE/plugins/com.st.stm32cube.ide.mcu.externaltools.gnu-tools-for-stm32.13.3.rel1.win32_1.0.0.202411081344/tools/bin/../lib/gcc/arm-none-eabi/13.3.1/../../../../arm-none-eabi/lib/thumb/v7e-m+dp/hard\libc_nano.a
START GROUP
LOAD C:/ST/STM32CubeIDE_1.19.0/STM32CubeIDE/plugins/com.st.stm32cube.ide.mcu.externaltools.gnu-tools-for-stm32.13.3.rel1.win32_1.0.0.202411081344/tools/bin/../lib/gcc/arm-none-eabi/13.3.1/thumb/v7e-m+dp/hard\libgcc.a
LOAD C:/ST/STM32CubeIDE_1.19.0/STM32CubeIDE/plugins/com.st.stm32cube.ide.mcu.externaltools.gnu-tools-for-stm32.13.3.rel1.win32_1.0.0.202411081344/tools/bin/../lib/gcc/arm-none-eabi/13.3.1/../../../../arm-none-eabi/lib/thumb/v7e-m+dp/hard\libc_nano.a
END GROUP
START GROUP
LOAD C:/ST/STM32CubeIDE_1.19.0/STM32CubeIDE/plugins/com.st.stm32cube.ide.mcu.externaltools.gnu-tools-for-stm32.13.3.rel1.win32_1.0.0.202411081344/tools/bin/../lib/gcc/arm-none-eabi/13.3.1/thumb/v7e-m+dp/hard\libgcc.a
LOAD C:/ST/STM32CubeIDE_1.19.0/STM32CubeIDE/plugins/com.st.stm32cube.ide.mcu.externaltools.gnu-tools-for-stm32.13.3.rel1.win32_1.0.0.202411081344/tools/bin/../lib/gcc/arm-none-eabi/13.3.1/../../../../arm-none-eabi/lib/thumb/v7e-m+dp/hard\libc_nano.a
LOAD C:/ST/STM32CubeIDE_1.19.0/STM32CubeIDE/plugins/com.st.stm32cube.ide.mcu.externaltools.gnu-tools-for-stm32.13.3.rel1.win32_1.0.0.202411081344/tools/bin/../lib/gcc/arm-none-eabi/13.3.1/../../../../arm-none-eabi/lib/thumb/v7e-m+dp/hard\libnosys.a
END GROUP
START GROUP
LOAD C:/ST/STM32CubeIDE_1.19.0/STM32CubeIDE/plugins/com.st.stm32cube.ide.mcu.externaltools.gnu-tools-for-stm32.13.3.rel1.win32_1.0.0.202411081344/tools/bin/../lib/gcc/arm-none-eabi/13.3.1/thumb/v7e-m+dp/hard\libgcc.a
LOAD C:/ST/STM32CubeIDE_1.19.0/STM32CubeIDE/plugins/com.st.stm32cube.ide.mcu.externaltools.gnu-tools-for-stm32.13.3.rel1.win32_1.0.0.202411081344/tools/bin/../lib/gcc/arm-none-eabi/13.3.1/../../../../arm-none-eabi/lib/thumb/v7e-m+dp/hard\libc_nano.a
LOAD C:/ST/STM32CubeIDE_1.19.0/STM32CubeIDE/plugins/com.st.stm32cube.ide.mcu.externaltools.gnu-tools-for-stm32.13.3.rel1.win32_1.0.0.202411081344/tools/bin/../lib/gcc/arm-none-eabi/13.3.1/../../../../arm-none-eabi/lib/thumb/v7e-m+dp/hard\libnosys.a
END GROUP
LOAD C:/ST/STM32CubeIDE_1.19.0/STM32CubeIDE/plugins/com.st.stm32cube.ide.mcu.externaltools.gnu-tools-for-stm32.13.3.rel1.win32_1.0.0.202411081344/tools/bin/../lib/gcc/arm-none-eabi/13.3.1/thumb/v7e-m+dp/hard/crtend.o
LOAD C:/ST/STM32CubeIDE_1.19.0/STM32CubeIDE/plugins/com.st.stm32cube.ide.mcu.externaltools.gnu-tools-for-stm32.13.3.rel1.win32_1.0.0.202411081344/tools/bin/../lib/gcc/arm-none-eabi/13.3.1/thumb/v7e-m+dp/hard/crtn.o
                0x24080000                        _estack = (ORIGIN (RAM_D1) + LENGTH (RAM_D1))
                0x00000200                        _Min_Heap_Size = 0x200
                0x00000400                        _Min_Stack_Size = 0x400

.isr_vector     0x08000000      0x298
                0x08000000                        . = ALIGN (0x4)
 *(.isr_vector)
 .isr_vector    0x08000000      0x298 ./Core/Startup/startup_stm32h753zitx.o
                0x08000000                g_pfnVectors
                0x08000298                        . = ALIGN (0x4)

.text           0x080002a0     0xf29c
                0x080002a0                        . = ALIGN (0x4)
 *(.text)
 .text          0x080002a0       0x40 C:/ST/STM32CubeIDE_1.19.0/STM32CubeIDE/plugins/com.st.stm32cube.ide.mcu.externaltools.gnu-tools-for-stm32.13.3.rel1.win32_1.0.0.202411081344/tools/bin/../lib/gcc/arm-none-eabi/13.3.1/thumb/v7e-m+dp/hard/crtbegin.o
 .text          0x080002e0       0x30 C:/ST/STM32CubeIDE_1.19.0/STM32CubeIDE/plugins/com.st.stm32cube.ide.mcu.externaltools.gnu-tools-for-stm32.13.3.rel1.win32_1.0.0.202411081344/tools/bin/../lib/gcc/arm-none-eabi/13.3.1/thumb/v7e-m+dp/hard\libgcc.a(_aeabi_uldivmod.o)
                0x080002e0                __aeabi_uldivmod
 .text          0x08000310      0x2f8 C:/ST/STM32CubeIDE_1.19.0/STM32CubeIDE/plugins/com.st.stm32cube.ide.mcu.externaltools.gnu-tools-for-stm32.13.3.rel1.win32_1.0.0.202411081344/tools/bin/../lib/gcc/arm-none-eabi/13.3.1/thumb/v7e-m+dp/hard\libgcc.a(_udivmoddi4.o)
                0x08000310                __udivmoddi4
 .text          0x08000608        0x4 C:/ST/STM32CubeIDE_1.19.0/STM32CubeIDE/plugins/com.st.stm32cube.ide.mcu.externaltools.gnu-tools-for-stm32.13.3.rel1.win32_1.0.0.202411081344/tools/bin/../lib/gcc/arm-none-eabi/13.3.1/thumb/v7e-m+dp/hard\libgcc.a(_dvmd_tls.o)
                0x08000608                __aeabi_idiv0
                0x08000608                __aeabi_ldiv0
 *(.text*)
 .text.main     0x0800060c       0x6c ./Core/Src/main.o
                0x0800060c                main
 .text._Z18SystemClock_Configv
                0x08000678      0x11c ./Core/Src/main.o
                0x08000678                SystemClock_Config()
 .text._ZL12MX_SPI1_Initv
                0x08000794       0xb4 ./Core/Src/main.o
 .text._ZL12MX_TIM1_Initv
                0x08000848      0x194 ./Core/Src/main.o
 .text._ZL12MX_TIM2_Initv
                0x080009dc      0x120 ./Core/Src/main.o
 .text._ZL12MX_TIM3_Initv
                0x08000afc      0x120 ./Core/Src/main.o
 .text._ZL12MX_TIM4_Initv
                0x08000c1c      0x120 ./Core/Src/main.o
 .text._ZL12MX_TIM5_Initv
                0x08000d3c      0x120 ./Core/Src/main.o
 .text._ZL13MX_TIM15_Initv
                0x08000e5c      0x184 ./Core/Src/main.o
 .text._ZL19MX_USART3_UART_Initv
                0x08000fe0       0xc0 ./Core/Src/main.o
 .text._ZL22MX_USB_OTG_HS_USB_Initv
                0x080010a0        0xe ./Core/Src/main.o
 *fill*         0x080010ae        0x2 
 .text._ZL11MX_DMA_Initv
                0x080010b0       0x70 ./Core/Src/main.o
 .text._ZL12MX_GPIO_Initv
                0x08001120      0x16c ./Core/Src/main.o
 .text._ZL10MPU_Configv
                0x0800128c       0x58 ./Core/Src/main.o
 .text.HAL_TIM_PeriodElapsedCallback
                0x080012e4       0x24 ./Core/Src/main.o
                0x080012e4                HAL_TIM_PeriodElapsedCallback
 .text.Error_Handler
                0x08001308        0xc ./Core/Src/main.o
                0x08001308                Error_Handler
 .text.HAL_MspInit
                0x08001314       0x3c ./Core/Src/stm32h7xx_hal_msp.o
                0x08001314                HAL_MspInit
 .text.HAL_SPI_MspInit
                0x08001350       0xd0 ./Core/Src/stm32h7xx_hal_msp.o
                0x08001350                HAL_SPI_MspInit
 .text.HAL_TIM_Base_MspInit
                0x08001420      0x1f4 ./Core/Src/stm32h7xx_hal_msp.o
                0x08001420                HAL_TIM_Base_MspInit
 .text.HAL_TIM_MspPostInit
                0x08001614      0x208 ./Core/Src/stm32h7xx_hal_msp.o
                0x08001614                HAL_TIM_MspPostInit
 .text.HAL_UART_MspInit
                0x0800181c       0xe4 ./Core/Src/stm32h7xx_hal_msp.o
                0x0800181c                HAL_UART_MspInit
 .text.HAL_InitTick
                0x08001900       0xc4 ./Core/Src/stm32h7xx_hal_timebase_tim.o
                0x08001900                HAL_InitTick
 .text.NMI_Handler
                0x080019c4        0x8 ./Core/Src/stm32h7xx_it.o
                0x080019c4                NMI_Handler
 .text.HardFault_Handler
                0x080019cc        0x8 ./Core/Src/stm32h7xx_it.o
                0x080019cc                HardFault_Handler
 .text.MemManage_Handler
                0x080019d4        0x8 ./Core/Src/stm32h7xx_it.o
                0x080019d4                MemManage_Handler
 .text.BusFault_Handler
                0x080019dc        0x8 ./Core/Src/stm32h7xx_it.o
                0x080019dc                BusFault_Handler
 .text.UsageFault_Handler
                0x080019e4        0x8 ./Core/Src/stm32h7xx_it.o
                0x080019e4                UsageFault_Handler
 .text.DebugMon_Handler
                0x080019ec        0xe ./Core/Src/stm32h7xx_it.o
                0x080019ec                DebugMon_Handler
 *fill*         0x080019fa        0x2 
 .text.DMA1_Stream1_IRQHandler
                0x080019fc       0x14 ./Core/Src/stm32h7xx_it.o
                0x080019fc                DMA1_Stream1_IRQHandler
 .text.USART3_IRQHandler
                0x08001a10       0x14 ./Core/Src/stm32h7xx_it.o
                0x08001a10                USART3_IRQHandler
 .text.TIM8_UP_TIM13_IRQHandler
                0x08001a24       0x14 ./Core/Src/stm32h7xx_it.o
                0x08001a24                TIM8_UP_TIM13_IRQHandler
 .text.DMA2_Stream1_IRQHandler
                0x08001a38       0x14 ./Core/Src/stm32h7xx_it.o
                0x08001a38                DMA2_Stream1_IRQHandler
 .text.SystemInit
                0x08001a4c      0x140 ./Core/Src/system_stm32h7xx.o
                0x08001a4c                SystemInit
 .text.ExitRun0Mode
                0x08001b8c       0x30 ./Core/Src/system_stm32h7xx.o
                0x08001b8c                ExitRun0Mode
 .text.Reset_Handler
                0x08001bbc       0x54 ./Core/Startup/startup_stm32h753zitx.o
                0x08001bbc                Reset_Handler
 .text.Default_Handler
                0x08001c10        0x2 ./Core/Startup/startup_stm32h753zitx.o
                0x08001c10                RTC_Alarm_IRQHandler
                0x08001c10                HASH_RNG_IRQHandler
                0x08001c10                EXTI2_IRQHandler
                0x08001c10                TIM8_CC_IRQHandler
                0x08001c10                HRTIM1_Master_IRQHandler
                0x08001c10                UART8_IRQHandler
                0x08001c10                SPI4_IRQHandler
                0x08001c10                TIM1_CC_IRQHandler
                0x08001c10                BDMA_Channel6_IRQHandler
                0x08001c10                DMA2_Stream5_IRQHandler
                0x08001c10                HRTIM1_FLT_IRQHandler
                0x08001c10                JPEG_IRQHandler
                0x08001c10                DMA1_Stream5_IRQHandler
                0x08001c10                BDMA_Channel1_IRQHandler
                0x08001c10                HRTIM1_TIMD_IRQHandler
                0x08001c10                TAMP_STAMP_IRQHandler
                0x08001c10                EXTI3_IRQHandler
                0x08001c10                LPTIM4_IRQHandler
                0x08001c10                TIM8_TRG_COM_TIM14_IRQHandler
                0x08001c10                LPTIM2_IRQHandler
                0x08001c10                DFSDM1_FLT1_IRQHandler
                0x08001c10                DMAMUX2_OVR_IRQHandler
                0x08001c10                I2C3_ER_IRQHandler
                0x08001c10                DFSDM1_FLT2_IRQHandler
                0x08001c10                MDMA_IRQHandler
                0x08001c10                LPTIM3_IRQHandler
                0x08001c10                HSEM1_IRQHandler
                0x08001c10                EXTI0_IRQHandler
                0x08001c10                I2C2_EV_IRQHandler
                0x08001c10                DMA1_Stream2_IRQHandler
                0x08001c10                FPU_IRQHandler
                0x08001c10                OTG_HS_WKUP_IRQHandler
                0x08001c10                FDCAN1_IT1_IRQHandler
                0x08001c10                LTDC_ER_IRQHandler
                0x08001c10                DMA2_Stream2_IRQHandler
                0x08001c10                HRTIM1_TIME_IRQHandler
                0x08001c10                SPI1_IRQHandler
                0x08001c10                TIM6_DAC_IRQHandler
                0x08001c10                DCMI_IRQHandler
                0x08001c10                HRTIM1_TIMC_IRQHandler
                0x08001c10                DMA2_Stream3_IRQHandler
                0x08001c10                SAI2_IRQHandler
                0x08001c10                DFSDM1_FLT3_IRQHandler
                0x08001c10                USART6_IRQHandler
                0x08001c10                TIM17_IRQHandler
                0x08001c10                BDMA_Channel7_IRQHandler
                0x08001c10                CRYP_IRQHandler
                0x08001c10                LPTIM5_IRQHandler
                0x08001c10                UART5_IRQHandler
                0x08001c10                ADC3_IRQHandler
                0x08001c10                DMA2_Stream0_IRQHandler
                0x08001c10                TIM4_IRQHandler
                0x08001c10                BDMA_Channel2_IRQHandler
                0x08001c10                QUADSPI_IRQHandler
                0x08001c10                I2C1_EV_IRQHandler
                0x08001c10                DMA1_Stream6_IRQHandler
                0x08001c10                DMAMUX1_OVR_IRQHandler
                0x08001c10                TIM16_IRQHandler
                0x08001c10                UART4_IRQHandler
                0x08001c10                BDMA_Channel5_IRQHandler
                0x08001c10                TIM3_IRQHandler
                0x08001c10                RCC_IRQHandler
                0x08001c10                TIM8_BRK_TIM12_IRQHandler
                0x08001c10                TIM1_TRG_COM_IRQHandler
                0x08001c10                Default_Handler
                0x08001c10                ECC_IRQHandler
                0x08001c10                CEC_IRQHandler
                0x08001c10                EXTI15_10_IRQHandler
                0x08001c10                BDMA_Channel0_IRQHandler
                0x08001c10                ADC_IRQHandler
                0x08001c10                DMA1_Stream7_IRQHandler
                0x08001c10                HRTIM1_TIMA_IRQHandler
                0x08001c10                SPI5_IRQHandler
                0x08001c10                TIM7_IRQHandler
                0x08001c10                SDMMC1_IRQHandler
                0x08001c10                TIM5_IRQHandler
                0x08001c10                DMA2_Stream7_IRQHandler
                0x08001c10                TIM15_IRQHandler
                0x08001c10                PVD_AVD_IRQHandler
                0x08001c10                I2C3_EV_IRQHandler
                0x08001c10                EXTI9_5_IRQHandler
                0x08001c10                RTC_WKUP_IRQHandler
                0x08001c10                LTDC_IRQHandler
                0x08001c10                SAI3_IRQHandler
                0x08001c10                ETH_WKUP_IRQHandler
                0x08001c10                SPDIF_RX_IRQHandler
                0x08001c10                SPI2_IRQHandler
                0x08001c10                OTG_HS_EP1_IN_IRQHandler
                0x08001c10                DMA1_Stream0_IRQHandler
                0x08001c10                CRS_IRQHandler
                0x08001c10                EXTI4_IRQHandler
                0x08001c10                HRTIM1_TIMB_IRQHandler
                0x08001c10                FDCAN2_IT1_IRQHandler
                0x08001c10                ETH_IRQHandler
                0x08001c10                TIM1_UP_IRQHandler
                0x08001c10                BDMA_Channel4_IRQHandler
                0x08001c10                OTG_HS_EP1_OUT_IRQHandler
                0x08001c10                WWDG_IRQHandler
                0x08001c10                SPI6_IRQHandler
                0x08001c10                MDIOS_IRQHandler
                0x08001c10                I2C4_EV_IRQHandler
                0x08001c10                FDCAN2_IT0_IRQHandler
                0x08001c10                LPUART1_IRQHandler
                0x08001c10                FDCAN1_IT0_IRQHandler
                0x08001c10                TIM2_IRQHandler
                0x08001c10                OTG_FS_WKUP_IRQHandler
                0x08001c10                OTG_HS_IRQHandler
                0x08001c10                DMA2D_IRQHandler
                0x08001c10                TIM1_BRK_IRQHandler
                0x08001c10                EXTI1_IRQHandler
                0x08001c10                SDMMC2_IRQHandler
                0x08001c10                OTG_FS_EP1_OUT_IRQHandler
                0x08001c10                BDMA_Channel3_IRQHandler
                0x08001c10                UART7_IRQHandler
                0x08001c10                MDIOS_WKUP_IRQHandler
                0x08001c10                USART2_IRQHandler
                0x08001c10                DFSDM1_FLT0_IRQHandler
                0x08001c10                SAI4_IRQHandler
                0x08001c10                I2C2_ER_IRQHandler
                0x08001c10                FLASH_IRQHandler
                0x08001c10                DMA2_Stream4_IRQHandler
                0x08001c10                USART1_IRQHandler
                0x08001c10                OTG_FS_IRQHandler
                0x08001c10                SPI3_IRQHandler
                0x08001c10                WAKEUP_PIN_IRQHandler
                0x08001c10                DMA1_Stream4_IRQHandler
                0x08001c10                OTG_FS_EP1_IN_IRQHandler
                0x08001c10                I2C1_ER_IRQHandler
                0x08001c10                FMC_IRQHandler
                0x08001c10                FDCAN_CAL_IRQHandler
                0x08001c10                SWPMI1_IRQHandler
                0x08001c10                COMP1_IRQHandler
                0x08001c10                LPTIM1_IRQHandler
                0x08001c10                I2C4_ER_IRQHandler
                0x08001c10                DMA2_Stream6_IRQHandler
                0x08001c10                SAI1_IRQHandler
                0x08001c10                DMA1_Stream3_IRQHandler
 *fill*         0x08001c12        0x2 
 .text.HAL_Init
                0x08001c14       0x78 ./Drivers/STM32H7xx_HAL_Driver/Src/stm32h7xx_hal.o
                0x08001c14                HAL_Init
 .text.HAL_IncTick
                0x08001c8c       0x28 ./Drivers/STM32H7xx_HAL_Driver/Src/stm32h7xx_hal.o
                0x08001c8c                HAL_IncTick
 .text.HAL_GetTick
                0x08001cb4       0x18 ./Drivers/STM32H7xx_HAL_Driver/Src/stm32h7xx_hal.o
                0x08001cb4                HAL_GetTick
 .text.HAL_GetREVID
                0x08001ccc       0x18 ./Drivers/STM32H7xx_HAL_Driver/Src/stm32h7xx_hal.o
                0x08001ccc                HAL_GetREVID
 .text.__NVIC_SetPriorityGrouping
                0x08001ce4       0x48 ./Drivers/STM32H7xx_HAL_Driver/Src/stm32h7xx_hal_cortex.o
 .text.__NVIC_GetPriorityGrouping
                0x08001d2c       0x1c ./Drivers/STM32H7xx_HAL_Driver/Src/stm32h7xx_hal_cortex.o
 .text.__NVIC_EnableIRQ
                0x08001d48       0x3c ./Drivers/STM32H7xx_HAL_Driver/Src/stm32h7xx_hal_cortex.o
 .text.__NVIC_SetPriority
                0x08001d84       0x54 ./Drivers/STM32H7xx_HAL_Driver/Src/stm32h7xx_hal_cortex.o
 .text.NVIC_EncodePriority
                0x08001dd8       0x66 ./Drivers/STM32H7xx_HAL_Driver/Src/stm32h7xx_hal_cortex.o
 .text.HAL_NVIC_SetPriorityGrouping
                0x08001e3e       0x16 ./Drivers/STM32H7xx_HAL_Driver/Src/stm32h7xx_hal_cortex.o
                0x08001e3e                HAL_NVIC_SetPriorityGrouping
 .text.HAL_NVIC_SetPriority
                0x08001e54       0x34 ./Drivers/STM32H7xx_HAL_Driver/Src/stm32h7xx_hal_cortex.o
                0x08001e54                HAL_NVIC_SetPriority
 .text.HAL_NVIC_EnableIRQ
                0x08001e88       0x1c ./Drivers/STM32H7xx_HAL_Driver/Src/stm32h7xx_hal_cortex.o
                0x08001e88                HAL_NVIC_EnableIRQ
 .text.HAL_MPU_Disable
                0x08001ea4       0x30 ./Drivers/STM32H7xx_HAL_Driver/Src/stm32h7xx_hal_cortex.o
                0x08001ea4                HAL_MPU_Disable
 .text.HAL_MPU_Enable
                0x08001ed4       0x40 ./Drivers/STM32H7xx_HAL_Driver/Src/stm32h7xx_hal_cortex.o
                0x08001ed4                HAL_MPU_Enable
 .text.HAL_MPU_ConfigRegion
                0x08001f14       0x80 ./Drivers/STM32H7xx_HAL_Driver/Src/stm32h7xx_hal_cortex.o
                0x08001f14                HAL_MPU_ConfigRegion
 .text.HAL_DMA_Init
                0x08001f94      0x6b8 ./Drivers/STM32H7xx_HAL_Driver/Src/stm32h7xx_hal_dma.o
                0x08001f94                HAL_DMA_Init
 .text.HAL_DMA_Start_IT
                0x0800264c      0x4d4 ./Drivers/STM32H7xx_HAL_Driver/Src/stm32h7xx_hal_dma.o
                0x0800264c                HAL_DMA_Start_IT
 .text.HAL_DMA_Abort
                0x08002b20      0x63c ./Drivers/STM32H7xx_HAL_Driver/Src/stm32h7xx_hal_dma.o
                0x08002b20                HAL_DMA_Abort
 .text.HAL_DMA_Abort_IT
                0x0800315c      0x48c ./Drivers/STM32H7xx_HAL_Driver/Src/stm32h7xx_hal_dma.o
                0x0800315c                HAL_DMA_Abort_IT
 .text.HAL_DMA_IRQHandler
                0x080035e8      0xe54 ./Drivers/STM32H7xx_HAL_Driver/Src/stm32h7xx_hal_dma.o
                0x080035e8                HAL_DMA_IRQHandler
 .text.DMA_SetConfig
                0x0800443c      0x358 ./Drivers/STM32H7xx_HAL_Driver/Src/stm32h7xx_hal_dma.o
 .text.DMA_CalcBaseAndBitshift
                0x08004794      0x164 ./Drivers/STM32H7xx_HAL_Driver/Src/stm32h7xx_hal_dma.o
 .text.DMA_CheckFifoParam
                0x080048f8       0xf8 ./Drivers/STM32H7xx_HAL_Driver/Src/stm32h7xx_hal_dma.o
 .text.DMA_CalcDMAMUXChannelBaseAndMask
                0x080049f0      0x134 ./Drivers/STM32H7xx_HAL_Driver/Src/stm32h7xx_hal_dma.o
 .text.DMA_CalcDMAMUXRequestGenBaseAndMask
                0x08004b24       0xe8 ./Drivers/STM32H7xx_HAL_Driver/Src/stm32h7xx_hal_dma.o
 .text.HAL_GPIO_Init
                0x08004c0c      0x360 ./Drivers/STM32H7xx_HAL_Driver/Src/stm32h7xx_hal_gpio.o
                0x08004c0c                HAL_GPIO_Init
 .text.HAL_GPIO_WritePin
                0x08004f6c       0x32 ./Drivers/STM32H7xx_HAL_Driver/Src/stm32h7xx_hal_gpio.o
                0x08004f6c                HAL_GPIO_WritePin
 *fill*         0x08004f9e        0x2 
 .text.HAL_PWREx_ConfigSupply
                0x08004fa0       0x74 ./Drivers/STM32H7xx_HAL_Driver/Src/stm32h7xx_hal_pwr_ex.o
                0x08004fa0                HAL_PWREx_ConfigSupply
 .text.HAL_RCC_OscConfig
                0x08005014      0x8b4 ./Drivers/STM32H7xx_HAL_Driver/Src/stm32h7xx_hal_rcc.o
                0x08005014                HAL_RCC_OscConfig
 .text.HAL_RCC_ClockConfig
                0x080058c8      0x36c ./Drivers/STM32H7xx_HAL_Driver/Src/stm32h7xx_hal_rcc.o
                0x080058c8                HAL_RCC_ClockConfig
 .text.HAL_RCC_GetSysClockFreq
                0x08005c34      0x2f4 ./Drivers/STM32H7xx_HAL_Driver/Src/stm32h7xx_hal_rcc.o
                0x08005c34                HAL_RCC_GetSysClockFreq
 .text.HAL_RCC_GetHCLKFreq
                0x08005f28       0x60 ./Drivers/STM32H7xx_HAL_Driver/Src/stm32h7xx_hal_rcc.o
                0x08005f28                HAL_RCC_GetHCLKFreq
 .text.HAL_RCC_GetPCLK1Freq
                0x08005f88       0x2c ./Drivers/STM32H7xx_HAL_Driver/Src/stm32h7xx_hal_rcc.o
                0x08005f88                HAL_RCC_GetPCLK1Freq
 .text.HAL_RCC_GetPCLK2Freq
                0x08005fb4       0x2c ./Drivers/STM32H7xx_HAL_Driver/Src/stm32h7xx_hal_rcc.o
                0x08005fb4                HAL_RCC_GetPCLK2Freq
 .text.HAL_RCC_GetClockConfig
                0x08005fe0       0x84 ./Drivers/STM32H7xx_HAL_Driver/Src/stm32h7xx_hal_rcc.o
                0x08005fe0                HAL_RCC_GetClockConfig
 .text.HAL_RCCEx_PeriphCLKConfig
                0x08006064     0x1414 ./Drivers/STM32H7xx_HAL_Driver/Src/stm32h7xx_hal_rcc_ex.o
                0x08006064                HAL_RCCEx_PeriphCLKConfig
 .text.HAL_RCCEx_GetD3PCLK1Freq
                0x08007478       0x2c ./Drivers/STM32H7xx_HAL_Driver/Src/stm32h7xx_hal_rcc_ex.o
                0x08007478                HAL_RCCEx_GetD3PCLK1Freq
 .text.HAL_RCCEx_GetPLL2ClockFreq
                0x080074a4      0x2a8 ./Drivers/STM32H7xx_HAL_Driver/Src/stm32h7xx_hal_rcc_ex.o
                0x080074a4                HAL_RCCEx_GetPLL2ClockFreq
 .text.HAL_RCCEx_GetPLL3ClockFreq
                0x0800774c      0x2a8 ./Drivers/STM32H7xx_HAL_Driver/Src/stm32h7xx_hal_rcc_ex.o
                0x0800774c                HAL_RCCEx_GetPLL3ClockFreq
 .text.RCCEx_PLL2_Config
                0x080079f4      0x164 ./Drivers/STM32H7xx_HAL_Driver/Src/stm32h7xx_hal_rcc_ex.o
 .text.RCCEx_PLL3_Config
                0x08007b58      0x164 ./Drivers/STM32H7xx_HAL_Driver/Src/stm32h7xx_hal_rcc_ex.o
 .text.HAL_SPI_Init
                0x08007cbc      0x248 ./Drivers/STM32H7xx_HAL_Driver/Src/stm32h7xx_hal_spi.o
                0x08007cbc                HAL_SPI_Init
 .text.SPI_GetPacketSize
                0x08007f04       0x36 ./Drivers/STM32H7xx_HAL_Driver/Src/stm32h7xx_hal_spi.o
 .text.HAL_TIM_Base_Init
                0x08007f3a       0xae ./Drivers/STM32H7xx_HAL_Driver/Src/stm32h7xx_hal_tim.o
                0x08007f3a                HAL_TIM_Base_Init
 .text.HAL_TIM_Base_Stop
                0x08007fe8       0x4e ./Drivers/STM32H7xx_HAL_Driver/Src/stm32h7xx_hal_tim.o
                0x08007fe8                HAL_TIM_Base_Stop
 *fill*         0x08008036        0x2 
 .text.HAL_TIM_Base_Start_IT
                0x08008038       0xf0 ./Drivers/STM32H7xx_HAL_Driver/Src/stm32h7xx_hal_tim.o
                0x08008038                HAL_TIM_Base_Start_IT
 .text.HAL_TIM_PWM_Init
                0x08008128       0xae ./Drivers/STM32H7xx_HAL_Driver/Src/stm32h7xx_hal_tim.o
                0x08008128                HAL_TIM_PWM_Init
 .text.HAL_TIM_PWM_MspInit
                0x080081d6       0x14 ./Drivers/STM32H7xx_HAL_Driver/Src/stm32h7xx_hal_tim.o
                0x080081d6                HAL_TIM_PWM_MspInit
 *fill*         0x080081ea        0x2 
 .text.HAL_TIM_PWM_Start_DMA
                0x080081ec      0x44c ./Drivers/STM32H7xx_HAL_Driver/Src/stm32h7xx_hal_tim.o
                0x080081ec                HAL_TIM_PWM_Start_DMA
 .text.HAL_TIM_IRQHandler
                0x08008638      0x20e ./Drivers/STM32H7xx_HAL_Driver/Src/stm32h7xx_hal_tim.o
                0x08008638                HAL_TIM_IRQHandler
 *fill*         0x08008846        0x2 
 .text.HAL_TIM_PWM_ConfigChannel
                0x08008848      0x228 ./Drivers/STM32H7xx_HAL_Driver/Src/stm32h7xx_hal_tim.o
                0x08008848                HAL_TIM_PWM_ConfigChannel
 .text.HAL_TIM_ConfigClockSource
                0x08008a70      0x1f0 ./Drivers/STM32H7xx_HAL_Driver/Src/stm32h7xx_hal_tim.o
                0x08008a70                HAL_TIM_ConfigClockSource
 .text.HAL_TIM_OC_DelayElapsedCallback
                0x08008c60       0x14 ./Drivers/STM32H7xx_HAL_Driver/Src/stm32h7xx_hal_tim.o
                0x08008c60                HAL_TIM_OC_DelayElapsedCallback
 .text.HAL_TIM_IC_CaptureCallback
                0x08008c74       0x14 ./Drivers/STM32H7xx_HAL_Driver/Src/stm32h7xx_hal_tim.o
                0x08008c74                HAL_TIM_IC_CaptureCallback
 .text.HAL_TIM_PWM_PulseFinishedCallback
                0x08008c88       0x14 ./Drivers/STM32H7xx_HAL_Driver/Src/stm32h7xx_hal_tim.o
                0x08008c88                HAL_TIM_PWM_PulseFinishedCallback
 .text.HAL_TIM_PWM_PulseFinishedHalfCpltCallback
                0x08008c9c       0x14 ./Drivers/STM32H7xx_HAL_Driver/Src/stm32h7xx_hal_tim.o
                0x08008c9c                HAL_TIM_PWM_PulseFinishedHalfCpltCallback
 .text.HAL_TIM_TriggerCallback
                0x08008cb0       0x14 ./Drivers/STM32H7xx_HAL_Driver/Src/stm32h7xx_hal_tim.o
                0x08008cb0                HAL_TIM_TriggerCallback
 .text.HAL_TIM_ErrorCallback
                0x08008cc4       0x14 ./Drivers/STM32H7xx_HAL_Driver/Src/stm32h7xx_hal_tim.o
                0x08008cc4                HAL_TIM_ErrorCallback
 .text.TIM_DMAError
                0x08008cd8       0x92 ./Drivers/STM32H7xx_HAL_Driver/Src/stm32h7xx_hal_tim.o
                0x08008cd8                TIM_DMAError
 .text.TIM_DMADelayPulseCplt
                0x08008d6a       0xa8 ./Drivers/STM32H7xx_HAL_Driver/Src/stm32h7xx_hal_tim.o
 .text.TIM_DMADelayPulseHalfCplt
                0x08008e12       0x68 ./Drivers/STM32H7xx_HAL_Driver/Src/stm32h7xx_hal_tim.o
                0x08008e12                TIM_DMADelayPulseHalfCplt
 *fill*         0x08008e7a        0x2 
 .text.TIM_Base_SetConfig
                0x08008e7c      0x140 ./Drivers/STM32H7xx_HAL_Driver/Src/stm32h7xx_hal_tim.o
                0x08008e7c                TIM_Base_SetConfig
 .text.TIM_OC1_SetConfig
                0x08008fbc      0x120 ./Drivers/STM32H7xx_HAL_Driver/Src/stm32h7xx_hal_tim.o
 .text.TIM_OC2_SetConfig
                0x080090dc      0x114 ./Drivers/STM32H7xx_HAL_Driver/Src/stm32h7xx_hal_tim.o
                0x080090dc                TIM_OC2_SetConfig
 .text.TIM_OC3_SetConfig
                0x080091f0      0x110 ./Drivers/STM32H7xx_HAL_Driver/Src/stm32h7xx_hal_tim.o
 .text.TIM_OC4_SetConfig
                0x08009300       0xd4 ./Drivers/STM32H7xx_HAL_Driver/Src/stm32h7xx_hal_tim.o
 .text.TIM_OC5_SetConfig
                0x080093d4       0xc8 ./Drivers/STM32H7xx_HAL_Driver/Src/stm32h7xx_hal_tim.o
 .text.TIM_OC6_SetConfig
                0x0800949c       0xcc ./Drivers/STM32H7xx_HAL_Driver/Src/stm32h7xx_hal_tim.o
 .text.TIM_TI1_ConfigInputStage
                0x08009568       0x5e ./Drivers/STM32H7xx_HAL_Driver/Src/stm32h7xx_hal_tim.o
 .text.TIM_TI2_ConfigInputStage
                0x080095c6       0x60 ./Drivers/STM32H7xx_HAL_Driver/Src/stm32h7xx_hal_tim.o
 *fill*         0x08009626        0x2 
 .text.TIM_ITRx_SetConfig
                0x08009628       0x3c ./Drivers/STM32H7xx_HAL_Driver/Src/stm32h7xx_hal_tim.o
 .text.TIM_ETR_SetConfig
                0x08009664       0x40 ./Drivers/STM32H7xx_HAL_Driver/Src/stm32h7xx_hal_tim.o
                0x08009664                TIM_ETR_SetConfig
 .text.TIM_CCxChannelCmd
                0x080096a4       0x4a ./Drivers/STM32H7xx_HAL_Driver/Src/stm32h7xx_hal_tim.o
                0x080096a4                TIM_CCxChannelCmd
 *fill*         0x080096ee        0x2 
 .text.HAL_TIMEx_MasterConfigSynchronization
                0x080096f0      0x11c ./Drivers/STM32H7xx_HAL_Driver/Src/stm32h7xx_hal_tim_ex.o
                0x080096f0                HAL_TIMEx_MasterConfigSynchronization
 .text.HAL_TIMEx_ConfigBreakDeadTime
                0x0800980c       0xfc ./Drivers/STM32H7xx_HAL_Driver/Src/stm32h7xx_hal_tim_ex.o
                0x0800980c                HAL_TIMEx_ConfigBreakDeadTime
 .text.HAL_TIMEx_CommutCallback
                0x08009908       0x14 ./Drivers/STM32H7xx_HAL_Driver/Src/stm32h7xx_hal_tim_ex.o
                0x08009908                HAL_TIMEx_CommutCallback
 .text.HAL_TIMEx_BreakCallback
                0x0800991c       0x14 ./Drivers/STM32H7xx_HAL_Driver/Src/stm32h7xx_hal_tim_ex.o
                0x0800991c                HAL_TIMEx_BreakCallback
 .text.HAL_TIMEx_Break2Callback
                0x08009930       0x14 ./Drivers/STM32H7xx_HAL_Driver/Src/stm32h7xx_hal_tim_ex.o
                0x08009930                HAL_TIMEx_Break2Callback
 .text.HAL_UART_Init
                0x08009944       0xa0 ./Drivers/STM32H7xx_HAL_Driver/Src/stm32h7xx_hal_uart.o
                0x08009944                HAL_UART_Init
 .text.HAL_UART_IRQHandler
                0x080099e4      0x7ac ./Drivers/STM32H7xx_HAL_Driver/Src/stm32h7xx_hal_uart.o
                0x080099e4                HAL_UART_IRQHandler
 .text.HAL_UART_TxCpltCallback
                0x0800a190       0x14 ./Drivers/STM32H7xx_HAL_Driver/Src/stm32h7xx_hal_uart.o
                0x0800a190                HAL_UART_TxCpltCallback
 .text.HAL_UART_ErrorCallback
                0x0800a1a4       0x14 ./Drivers/STM32H7xx_HAL_Driver/Src/stm32h7xx_hal_uart.o
                0x0800a1a4                HAL_UART_ErrorCallback
 .text.HAL_UARTEx_RxEventCallback
                0x0800a1b8       0x18 ./Drivers/STM32H7xx_HAL_Driver/Src/stm32h7xx_hal_uart.o
                0x0800a1b8                HAL_UARTEx_RxEventCallback
 .text.UART_SetConfig
                0x0800a1d0      0xad0 ./Drivers/STM32H7xx_HAL_Driver/Src/stm32h7xx_hal_uart.o
                0x0800a1d0                UART_SetConfig
 .text.UART_AdvFeatureConfig
                0x0800aca0      0x144 ./Drivers/STM32H7xx_HAL_Driver/Src/stm32h7xx_hal_uart.o
                0x0800aca0                UART_AdvFeatureConfig
 .text.UART_CheckIdleState
                0x0800ade4      0x154 ./Drivers/STM32H7xx_HAL_Driver/Src/stm32h7xx_hal_uart.o
                0x0800ade4                UART_CheckIdleState
 .text.UART_WaitOnFlagUntilTimeout
                0x0800af38       0xda ./Drivers/STM32H7xx_HAL_Driver/Src/stm32h7xx_hal_uart.o
                0x0800af38                UART_WaitOnFlagUntilTimeout
 *fill*         0x0800b012        0x2 
 .text.UART_EndRxTransfer
                0x0800b014       0xcc ./Drivers/STM32H7xx_HAL_Driver/Src/stm32h7xx_hal_uart.o
 .text.UART_DMAAbortOnError
                0x0800b0e0       0x24 ./Drivers/STM32H7xx_HAL_Driver/Src/stm32h7xx_hal_uart.o
 .text.UART_EndTransmit_IT
                0x0800b104       0x56 ./Drivers/STM32H7xx_HAL_Driver/Src/stm32h7xx_hal_uart.o
 .text.HAL_UARTEx_WakeupCallback
                0x0800b15a       0x14 ./Drivers/STM32H7xx_HAL_Driver/Src/stm32h7xx_hal_uart_ex.o
                0x0800b15a                HAL_UARTEx_WakeupCallback
 .text.HAL_UARTEx_RxFifoFullCallback
                0x0800b16e       0x14 ./Drivers/STM32H7xx_HAL_Driver/Src/stm32h7xx_hal_uart_ex.o
                0x0800b16e                HAL_UARTEx_RxFifoFullCallback
 .text.HAL_UARTEx_TxFifoEmptyCallback
                0x0800b182       0x14 ./Drivers/STM32H7xx_HAL_Driver/Src/stm32h7xx_hal_uart_ex.o
                0x0800b182                HAL_UARTEx_TxFifoEmptyCallback
 .text.HAL_UARTEx_DisableFifoMode
                0x0800b196       0x72 ./Drivers/STM32H7xx_HAL_Driver/Src/stm32h7xx_hal_uart_ex.o
                0x0800b196                HAL_UARTEx_DisableFifoMode
 .text.HAL_UARTEx_SetTxFifoThreshold
                0x0800b208       0x7c ./Drivers/STM32H7xx_HAL_Driver/Src/stm32h7xx_hal_uart_ex.o
                0x0800b208                HAL_UARTEx_SetTxFifoThreshold
 .text.HAL_UARTEx_SetRxFifoThreshold
                0x0800b284       0x7c ./Drivers/STM32H7xx_HAL_Driver/Src/stm32h7xx_hal_uart_ex.o
                0x0800b284                HAL_UARTEx_SetRxFifoThreshold
 .text.UARTEx_SetNbDataToProcess
                0x0800b300       0x9c ./Drivers/STM32H7xx_HAL_Driver/Src/stm32h7xx_hal_uart_ex.o
 .text.__NVIC_SetPriority
                0x0800b39c       0x54 ./Middlewares/Third_Party/FreeRTOS/Source/CMSIS_RTOS_V2/cmsis_os2.o
 .text.SysTick_Handler
                0x0800b3f0       0x20 ./Middlewares/Third_Party/FreeRTOS/Source/CMSIS_RTOS_V2/cmsis_os2.o
                0x0800b3f0                SysTick_Handler
 .text.SVC_Setup
                0x0800b410       0x12 ./Middlewares/Third_Party/FreeRTOS/Source/CMSIS_RTOS_V2/cmsis_os2.o
 *fill*         0x0800b422        0x2 
 .text.osKernelInitialize
                0x0800b424       0x48 ./Middlewares/Third_Party/FreeRTOS/Source/CMSIS_RTOS_V2/cmsis_os2.o
                0x0800b424                osKernelInitialize
 .text.osKernelStart
                0x0800b46c       0x4c ./Middlewares/Third_Party/FreeRTOS/Source/CMSIS_RTOS_V2/cmsis_os2.o
                0x0800b46c                osKernelStart
 .text.osKernelGetTickCount
                0x0800b4b8       0x2a ./Middlewares/Third_Party/FreeRTOS/Source/CMSIS_RTOS_V2/cmsis_os2.o
                0x0800b4b8                osKernelGetTickCount
 .text.osThreadNew
                0x0800b4e2      0x124 ./Middlewares/Third_Party/FreeRTOS/Source/CMSIS_RTOS_V2/cmsis_os2.o
                0x0800b4e2                osThreadNew
 .text.osDelay  0x0800b606       0x36 ./Middlewares/Third_Party/FreeRTOS/Source/CMSIS_RTOS_V2/cmsis_os2.o
                0x0800b606                osDelay
 .text.vApplicationGetIdleTaskMemory
                0x0800b63c       0x34 ./Middlewares/Third_Party/FreeRTOS/Source/CMSIS_RTOS_V2/cmsis_os2.o
                0x0800b63c                vApplicationGetIdleTaskMemory
 .text.vApplicationGetTimerTaskMemory
                0x0800b670       0x34 ./Middlewares/Third_Party/FreeRTOS/Source/CMSIS_RTOS_V2/cmsis_os2.o
                0x0800b670                vApplicationGetTimerTaskMemory
 .text.vListInitialise
                0x0800b6a4       0x40 ./Middlewares/Third_Party/FreeRTOS/Source/list.o
                0x0800b6a4                vListInitialise
 .text.vListInitialiseItem
                0x0800b6e4       0x1a ./Middlewares/Third_Party/FreeRTOS/Source/list.o
                0x0800b6e4                vListInitialiseItem
 .text.vListInsertEnd
                0x0800b6fe       0x48 ./Middlewares/Third_Party/FreeRTOS/Source/list.o
                0x0800b6fe                vListInsertEnd
 .text.vListInsert
                0x0800b746       0x72 ./Middlewares/Third_Party/FreeRTOS/Source/list.o
                0x0800b746                vListInsert
 .text.uxListRemove
                0x0800b7b8       0x54 ./Middlewares/Third_Party/FreeRTOS/Source/list.o
                0x0800b7b8                uxListRemove
 .text.xQueueGenericReset
                0x0800b80c       0xd4 ./Middlewares/Third_Party/FreeRTOS/Source/queue.o
                0x0800b80c                xQueueGenericReset
 .text.xQueueGenericCreateStatic
                0x0800b8e0       0xfa ./Middlewares/Third_Party/FreeRTOS/Source/queue.o
                0x0800b8e0                xQueueGenericCreateStatic
 .text.xQueueGenericCreate
                0x0800b9da       0x76 ./Middlewares/Third_Party/FreeRTOS/Source/queue.o
                0x0800b9da                xQueueGenericCreate
 .text.prvInitialiseNewQueue
                0x0800ba50       0x46 ./Middlewares/Third_Party/FreeRTOS/Source/queue.o
 *fill*         0x0800ba96        0x2 
 .text.xQueueGenericSend
                0x0800ba98      0x204 ./Middlewares/Third_Party/FreeRTOS/Source/queue.o
                0x0800ba98                xQueueGenericSend
 .text.xQueueGenericSendFromISR
                0x0800bc9c      0x13c ./Middlewares/Third_Party/FreeRTOS/Source/queue.o
                0x0800bc9c                xQueueGenericSendFromISR
 .text.xQueueReceive
                0x0800bdd8      0x1c4 ./Middlewares/Third_Party/FreeRTOS/Source/queue.o
                0x0800bdd8                xQueueReceive
 .text.vQueueDelete
                0x0800bf9c       0x48 ./Middlewares/Third_Party/FreeRTOS/Source/queue.o
                0x0800bf9c                vQueueDelete
 .text.prvCopyDataToQueue
                0x0800bfe4       0xd4 ./Middlewares/Third_Party/FreeRTOS/Source/queue.o
 .text.prvCopyDataFromQueue
                0x0800c0b8       0x4c ./Middlewares/Third_Party/FreeRTOS/Source/queue.o
 .text.prvUnlockQueue
                0x0800c104       0xa4 ./Middlewares/Third_Party/FreeRTOS/Source/queue.o
 .text.prvIsQueueEmpty
                0x0800c1a8       0x2c ./Middlewares/Third_Party/FreeRTOS/Source/queue.o
 .text.prvIsQueueFull
                0x0800c1d4       0x30 ./Middlewares/Third_Party/FreeRTOS/Source/queue.o
 .text.vQueueAddToRegistry
                0x0800c204       0x54 ./Middlewares/Third_Party/FreeRTOS/Source/queue.o
                0x0800c204                vQueueAddToRegistry
 .text.vQueueUnregisterQueue
                0x0800c258       0x54 ./Middlewares/Third_Party/FreeRTOS/Source/queue.o
                0x0800c258                vQueueUnregisterQueue
 .text.vQueueWaitForMessageRestricted
                0x0800c2ac       0x68 ./Middlewares/Third_Party/FreeRTOS/Source/queue.o
                0x0800c2ac                vQueueWaitForMessageRestricted
 .text.xTaskCreateStatic
                0x0800c314       0xc0 ./Middlewares/Third_Party/FreeRTOS/Source/tasks.o
                0x0800c314                xTaskCreateStatic
 .text.xTaskCreate
                0x0800c3d4       0x8a ./Middlewares/Third_Party/FreeRTOS/Source/tasks.o
                0x0800c3d4                xTaskCreate
 .text.prvInitialiseNewTask
                0x0800c45e      0x120 ./Middlewares/Third_Party/FreeRTOS/Source/tasks.o
 *fill*         0x0800c57e        0x2 
 .text.prvAddNewTaskToReadyList
                0x0800c580       0xe0 ./Middlewares/Third_Party/FreeRTOS/Source/tasks.o
 .text.vTaskDelete
                0x0800c660       0xe8 ./Middlewares/Third_Party/FreeRTOS/Source/tasks.o
                0x0800c660                vTaskDelete
 .text.vTaskDelay
                0x0800c748       0x6c ./Middlewares/Third_Party/FreeRTOS/Source/tasks.o
                0x0800c748                vTaskDelay
 .text.vTaskStartScheduler
                0x0800c7b4       0xd0 ./Middlewares/Third_Party/FreeRTOS/Source/tasks.o
                0x0800c7b4                vTaskStartScheduler
 .text.vTaskSuspendAll
                0x0800c884       0x1c ./Middlewares/Third_Party/FreeRTOS/Source/tasks.o
                0x0800c884                vTaskSuspendAll
 .text.xTaskResumeAll
                0x0800c8a0      0x13c ./Middlewares/Third_Party/FreeRTOS/Source/tasks.o
                0x0800c8a0                xTaskResumeAll
 .text.xTaskGetTickCount
                0x0800c9dc       0x20 ./Middlewares/Third_Party/FreeRTOS/Source/tasks.o
                0x0800c9dc                xTaskGetTickCount
 .text.xTaskGetTickCountFromISR
                0x0800c9fc       0x24 ./Middlewares/Third_Party/FreeRTOS/Source/tasks.o
                0x0800c9fc                xTaskGetTickCountFromISR
 .text.xTaskIncrementTick
                0x0800ca20      0x174 ./Middlewares/Third_Party/FreeRTOS/Source/tasks.o
                0x0800ca20                xTaskIncrementTick
 .text.vTaskSwitchContext
                0x0800cb94       0xbc ./Middlewares/Third_Party/FreeRTOS/Source/tasks.o
                0x0800cb94                vTaskSwitchContext
 .text.vTaskPlaceOnEventList
                0x0800cc50       0x4c ./Middlewares/Third_Party/FreeRTOS/Source/tasks.o
                0x0800cc50                vTaskPlaceOnEventList
 .text.vTaskPlaceOnEventListRestricted
                0x0800cc9c       0x58 ./Middlewares/Third_Party/FreeRTOS/Source/tasks.o
                0x0800cc9c                vTaskPlaceOnEventListRestricted
 .text.xTaskRemoveFromEventList
                0x0800ccf4       0xc8 ./Middlewares/Third_Party/FreeRTOS/Source/tasks.o
                0x0800ccf4                xTaskRemoveFromEventList
 .text.vTaskInternalSetTimeOutState
                0x0800cdbc       0x2c ./Middlewares/Third_Party/FreeRTOS/Source/tasks.o
                0x0800cdbc                vTaskInternalSetTimeOutState
 .text.xTaskCheckForTimeOut
                0x0800cde8       0xc8 ./Middlewares/Third_Party/FreeRTOS/Source/tasks.o
                0x0800cde8                xTaskCheckForTimeOut
 .text.vTaskMissedYield
                0x0800ceb0       0x18 ./Middlewares/Third_Party/FreeRTOS/Source/tasks.o
                0x0800ceb0                vTaskMissedYield
 .text.prvIdleTask
                0x0800cec8       0x30 ./Middlewares/Third_Party/FreeRTOS/Source/tasks.o
 .text.prvInitialiseTaskLists
                0x0800cef8       0x80 ./Middlewares/Third_Party/FreeRTOS/Source/tasks.o
 .text.prvCheckTasksWaitingTermination
                0x0800cf78       0x5c ./Middlewares/Third_Party/FreeRTOS/Source/tasks.o
 .text.prvDeleteTCB
                0x0800cfd4       0x60 ./Middlewares/Third_Party/FreeRTOS/Source/tasks.o
 .text.prvResetNextTaskUnblockTime
                0x0800d034       0x40 ./Middlewares/Third_Party/FreeRTOS/Source/tasks.o
 .text.xTaskGetSchedulerState
                0x0800d074       0x3c ./Middlewares/Third_Party/FreeRTOS/Source/tasks.o
                0x0800d074                xTaskGetSchedulerState
 .text.xTaskPriorityDisinherit
                0x0800d0b0       0xe0 ./Middlewares/Third_Party/FreeRTOS/Source/tasks.o
                0x0800d0b0                xTaskPriorityDisinherit
 .text.prvAddCurrentTaskToDelayedList
                0x0800d190       0xa8 ./Middlewares/Third_Party/FreeRTOS/Source/tasks.o
 .text.xTimerCreateTimerTask
                0x0800d238       0x94 ./Middlewares/Third_Party/FreeRTOS/Source/timers.o
                0x0800d238                xTimerCreateTimerTask
 .text.xTimerGenericCommand
                0x0800d2cc       0x9c ./Middlewares/Third_Party/FreeRTOS/Source/timers.o
                0x0800d2cc                xTimerGenericCommand
 .text.prvProcessExpiredTimer
                0x0800d368       0x9c ./Middlewares/Third_Party/FreeRTOS/Source/timers.o
 .text.prvTimerTask
                0x0800d404       0x26 ./Middlewares/Third_Party/FreeRTOS/Source/timers.o
 *fill*         0x0800d42a        0x2 
 .text.prvProcessTimerOrBlockTask
                0x0800d42c       0x9c ./Middlewares/Third_Party/FreeRTOS/Source/timers.o
 .text.prvGetNextExpireTime
                0x0800d4c8       0x48 ./Middlewares/Third_Party/FreeRTOS/Source/timers.o
 .text.prvSampleTimeNow
                0x0800d510       0x40 ./Middlewares/Third_Party/FreeRTOS/Source/timers.o
 .text.prvInsertTimerInActiveList
                0x0800d550       0x84 ./Middlewares/Third_Party/FreeRTOS/Source/timers.o
 .text.prvProcessReceivedCommands
                0x0800d5d4      0x1cc ./Middlewares/Third_Party/FreeRTOS/Source/timers.o
 .text.prvSwitchTimerLists
                0x0800d7a0       0xcc ./Middlewares/Third_Party/FreeRTOS/Source/timers.o
 .text.prvCheckForValidListAndQueue
                0x0800d86c       0x80 ./Middlewares/Third_Party/FreeRTOS/Source/timers.o
 .text.pxPortInitialiseStack
                0x0800d8ec       0x68 ./Middlewares/Third_Party/FreeRTOS/Source/portable/GCC/ARM_CM4F/port.o
                0x0800d8ec                pxPortInitialiseStack
 .text.prvTaskExitError
                0x0800d954       0x5c ./Middlewares/Third_Party/FreeRTOS/Source/portable/GCC/ARM_CM4F/port.o
 .text.SVC_Handler
                0x0800d9b0       0x28 ./Middlewares/Third_Party/FreeRTOS/Source/portable/GCC/ARM_CM4F/port.o
                0x0800d9b0                SVC_Handler
 .text.prvPortStartFirstTask
                0x0800d9d8       0x28 ./Middlewares/Third_Party/FreeRTOS/Source/portable/GCC/ARM_CM4F/port.o
 .text.xPortStartScheduler
                0x0800da00      0x148 ./Middlewares/Third_Party/FreeRTOS/Source/portable/GCC/ARM_CM4F/port.o
                0x0800da00                xPortStartScheduler
 .text.vPortEnterCritical
                0x0800db48       0x64 ./Middlewares/Third_Party/FreeRTOS/Source/portable/GCC/ARM_CM4F/port.o
                0x0800db48                vPortEnterCritical
 .text.vPortExitCritical
                0x0800dbac       0x54 ./Middlewares/Third_Party/FreeRTOS/Source/portable/GCC/ARM_CM4F/port.o
                0x0800dbac                vPortExitCritical
 .text.PendSV_Handler
                0x0800dc00       0x68 ./Middlewares/Third_Party/FreeRTOS/Source/portable/GCC/ARM_CM4F/port.o
                0x0800dc00                PendSV_Handler
 .text.xPortSysTickHandler
                0x0800dc68       0x44 ./Middlewares/Third_Party/FreeRTOS/Source/portable/GCC/ARM_CM4F/port.o
                0x0800dc68                xPortSysTickHandler
 .text.vPortSetupTimerInterrupt
                0x0800dcac       0x48 ./Middlewares/Third_Party/FreeRTOS/Source/portable/GCC/ARM_CM4F/port.o
                0x0800dcac                vPortSetupTimerInterrupt
 .text.vPortEnableVFP
                0x0800dcf4       0x14 ./Middlewares/Third_Party/FreeRTOS/Source/portable/GCC/ARM_CM4F/port.o
 .text.vPortValidateInterruptPriority
                0x0800dd08       0x84 ./Middlewares/Third_Party/FreeRTOS/Source/portable/GCC/ARM_CM4F/port.o
                0x0800dd08                vPortValidateInterruptPriority
 .text.pvPortMalloc
                0x0800dd8c      0x19c ./Middlewares/Third_Party/FreeRTOS/Source/portable/MemMang/heap_4.o
                0x0800dd8c                pvPortMalloc
 .text.vPortFree
                0x0800df28       0xc8 ./Middlewares/Third_Party/FreeRTOS/Source/portable/MemMang/heap_4.o
                0x0800df28                vPortFree
 .text.prvHeapInit
                0x0800dff0       0xc4 ./Middlewares/Third_Party/FreeRTOS/Source/portable/MemMang/heap_4.o
 .text.prvInsertBlockIntoFreeList
                0x0800e0b4       0xb4 ./Middlewares/Third_Party/FreeRTOS/Source/portable/MemMang/heap_4.o
 .text._Z9colorCodeRK5Color
                0x0800e168       0x28 ./System/Core/Src/Adafruit_NeoPixel_STM.o
                0x0800e168                colorCode(Color const&)
 .text._ZN5ColorC2Ev
                0x0800e190       0x28 ./System/Core/Src/Adafruit_NeoPixel_STM.o
                0x0800e190                Color::Color()
                0x0800e190                Color::Color()
 .text._ZN17Adafruit_NeoPixelC2Et
                0x0800e1b8       0xd8 ./System/Core/Src/Adafruit_NeoPixel_STM.o
                0x0800e1b8                Adafruit_NeoPixel::Adafruit_NeoPixel(unsigned short)
                0x0800e1b8                Adafruit_NeoPixel::Adafruit_NeoPixel(unsigned short)
 .text._ZN17Adafruit_NeoPixelD2Ev
                0x0800e290       0x32 ./System/Core/Src/Adafruit_NeoPixel_STM.o
                0x0800e290                Adafruit_NeoPixel::~Adafruit_NeoPixel()
                0x0800e290                Adafruit_NeoPixel::~Adafruit_NeoPixel()
 .text._ZN17Adafruit_NeoPixel5beginEP17TIM_HandleTypeDefm
                0x0800e2c2       0x60 ./System/Core/Src/Adafruit_NeoPixel_STM.o
                0x0800e2c2                Adafruit_NeoPixel::begin(TIM_HandleTypeDef*, unsigned long)
 .text._ZN17Adafruit_NeoPixel13setPixelColorERKmRK5Colorb
                0x0800e322       0xa2 ./System/Core/Src/Adafruit_NeoPixel_STM.o
                0x0800e322                Adafruit_NeoPixel::setPixelColor(unsigned long const&, Color const&, bool)
 .text._ZN17Adafruit_NeoPixel13setBrightnessEh
                0x0800e3c4      0x14c ./System/Core/Src/Adafruit_NeoPixel_STM.o
                0x0800e3c4                Adafruit_NeoPixel::setBrightness(unsigned char)
 .text._ZN17Adafruit_NeoPixel4showEv
                0x0800e510       0x3c ./System/Core/Src/Adafruit_NeoPixel_STM.o
                0x0800e510                Adafruit_NeoPixel::show()
 .text._ZN17Adafruit_NeoPixel5clearEv
                0x0800e54c       0x84 ./System/Core/Src/Adafruit_NeoPixel_STM.o
                0x0800e54c                Adafruit_NeoPixel::clear()
 .text._ZN8LEDStripC2Eh
                0x0800e5d0       0x42 ./System/Core/Src/LEDStrip.o
                0x0800e5d0                LEDStrip::LEDStrip(unsigned char)
                0x0800e5d0                LEDStrip::LEDStrip(unsigned char)
 .text._ZN8LEDStrip5beginEP17TIM_HandleTypeDefm
                0x0800e612      0x14a ./System/Core/Src/LEDStrip.o
                0x0800e612                LEDStrip::begin(TIM_HandleTypeDef*, unsigned long)
 .text._ZN8LEDStrip13setBrightnessEh
                0x0800e75c       0x22 ./System/Core/Src/LEDStrip.o
                0x0800e75c                LEDStrip::setBrightness(unsigned char)
 *fill*         0x0800e77e        0x2 
 .text._ZNK8LEDStrip8pctToIdxEh
                0x0800e780       0x34 ./System/Core/Src/LEDStrip.o
                0x0800e780                LEDStrip::pctToIdx(unsigned char) const
 .text._ZN8LEDStrip12applyCommandERK7Command
                0x0800e7b4       0x88 ./System/Core/Src/LEDStrip.o
                0x0800e7b4                LEDStrip::applyCommand(Command const&)
 .text._ZN8LEDStrip4tickEv
                0x0800e83c       0x36 ./System/Core/Src/LEDStrip.o
                0x0800e83c                LEDStrip::tick()
 .text._ZN8LEDStrip6setAllEiihhh
                0x0800e872       0x52 ./System/Core/Src/LEDStrip.o
                0x0800e872                LEDStrip::setAll(int, int, unsigned char, unsigned char, unsigned char)
 .text._ZN8LEDStrip10handleModeEh
                0x0800e8c4      0x134 ./System/Core/Src/LEDStrip.o
                0x0800e8c4                LEDStrip::handleMode(unsigned char)
 .text._ZN8LEDStrip5mode0Ehii
                0x0800e9f8       0x50 ./System/Core/Src/LEDStrip.o
                0x0800e9f8                LEDStrip::mode0(unsigned char, int, int)
 .text._ZN8LEDStrip5mode1Ehiihhh
                0x0800ea48       0x54 ./System/Core/Src/LEDStrip.o
                0x0800ea48                LEDStrip::mode1(unsigned char, int, int, unsigned char, unsigned char, unsigned char)
 .text._ZN8LEDStrip5mode2Ehiihhhhtt
                0x0800ea9c      0x1d4 ./System/Core/Src/LEDStrip.o
                0x0800ea9c                LEDStrip::mode2(unsigned char, int, int, unsigned char, unsigned char, unsigned char, unsigned char, unsigned short, unsigned short)
 .text._ZN8LEDStrip5mode3Ehiihhht
                0x0800ec70       0xc4 ./System/Core/Src/LEDStrip.o
                0x0800ec70                LEDStrip::mode3(unsigned char, int, int, unsigned char, unsigned char, unsigned char, unsigned short)
 .text._ZN8LEDStrip5mode4Ehhhh
                0x0800ed34       0x60 ./System/Core/Src/LEDStrip.o
                0x0800ed34                LEDStrip::mode4(unsigned char, unsigned char, unsigned char, unsigned char)
 .text._ZN8LEDStrip5mode5Ehhhh
                0x0800ed94       0x60 ./System/Core/Src/LEDStrip.o
                0x0800ed94                LEDStrip::mode5(unsigned char, unsigned char, unsigned char, unsigned char)
 .text._ZN8LEDStrip5mode6Eh
                0x0800edf4       0x50 ./System/Core/Src/LEDStrip.o
                0x0800edf4                LEDStrip::mode6(unsigned char)
 .text._ZN6ThreadD2Ev
                0x0800ee44       0x20 ./System/Threads/Src/HeartBeat.o
                0x0800ee44                Thread::~Thread()
                0x0800ee44                Thread::~Thread()
 .text._ZN6ThreadD0Ev
                0x0800ee64       0x20 ./System/Threads/Src/HeartBeat.o
                0x0800ee64                Thread::~Thread()
 .text._ZN8LEDStrip5clearEv
                0x0800ee84       0x1a ./System/Threads/Src/LedsThread.o
                0x0800ee84                LEDStrip::clear()
 *fill*         0x0800ee9e        0x2 
 .text._ZN10LedsThreadC2EPKc12osPriority_t
                0x0800eea0       0x54 ./System/Threads/Src/LedsThread.o
                0x0800eea0                LedsThread::LedsThread(char const*, osPriority_t)
                0x0800eea0                LedsThread::LedsThread(char const*, osPriority_t)
 .text._ZN8LEDStripD2Ev
                0x0800eef4       0x1c ./System/Threads/Src/LedsThread.o
                0x0800eef4                LEDStrip::~LEDStrip()
                0x0800eef4                LEDStrip::~LEDStrip()
 .text._ZN10LedsThreadD2Ev
                0x0800ef10       0x48 ./System/Threads/Src/LedsThread.o
                0x0800ef10                LedsThread::~LedsThread()
                0x0800ef10                LedsThread::~LedsThread()
 .text._ZN10LedsThreadD0Ev
                0x0800ef58       0x20 ./System/Threads/Src/LedsThread.o
                0x0800ef58                LedsThread::~LedsThread()
 .text._ZN10LedsThread4initEv
                0x0800ef78       0x2c ./System/Threads/Src/LedsThread.o
                0x0800ef78                LedsThread::init()
 .text._ZN10LedsThread4loopEv
                0x0800efa4      0x1cc ./System/Threads/Src/LedsThread.o
                0x0800efa4                LedsThread::loop()
 .text._ZN13MessageThreadI10LedRequest12EmptyMessageEC2EPKc12osPriority_t
                0x0800f170       0x30 ./System/Threads/Src/LedsThread.o
                0x0800f170                MessageThread<LedRequest, EmptyMessage>::MessageThread(char const*, osPriority_t)
                0x0800f170                MessageThread<LedRequest, EmptyMessage>::MessageThread(char const*, osPriority_t)
 .text._ZN13MessageThreadI10LedRequest12EmptyMessageED2Ev
                0x0800f1a0       0x54 ./System/Threads/Src/LedsThread.o
                0x0800f1a0                MessageThread<LedRequest, EmptyMessage>::~MessageThread()
                0x0800f1a0                MessageThread<LedRequest, EmptyMessage>::~MessageThread()
 .text._ZN13MessageThreadI10LedRequest12EmptyMessageED0Ev
                0x0800f1f4       0x20 ./System/Threads/Src/LedsThread.o
                0x0800f1f4                MessageThread<LedRequest, EmptyMessage>::~MessageThread()
 .text._ZN13MessageThreadI10LedRequest12EmptyMessageEC2EPKc12osPriority_tmmjj
                0x0800f214       0xa4 ./System/Threads/Src/LedsThread.o
                0x0800f214                MessageThread<LedRequest, EmptyMessage>::MessageThread(char const*, osPriority_t, unsigned long, unsigned long, unsigned int, unsigned int)
                0x0800f214                MessageThread<LedRequest, EmptyMessage>::MessageThread(char const*, osPriority_t, unsigned long, unsigned long, unsigned int, unsigned int)
 .text._ZN6Thread9isRunningEv
                0x0800f2b8       0x1a ./System/Threads/Src/Thread.o
                0x0800f2b8                Thread::isRunning()
 *fill*         0x0800f2d2        0x2 
 .text._Z8task_runPv
                0x0800f2d4       0x94 ./System/Threads/Src/Thread.o
                0x0800f2d4                task_run(void*)
 .text._ZN6ThreadC2EPKc12osPriority_tm
                0x0800f368       0x64 ./System/Threads/Src/Thread.o
                0x0800f368                Thread::Thread(char const*, osPriority_t, unsigned long)
                0x0800f368                Thread::Thread(char const*, osPriority_t, unsigned long)
 .text._ZN6Thread5startEv
                0x0800f3cc       0x64 ./System/Threads/Src/Thread.o
                0x0800f3cc                Thread::start()
 .text._ZN6Thread8setDelayEm
                0x0800f430       0x1c ./System/Threads/Src/Thread.o
                0x0800f430                Thread::setDelay(unsigned long)
 .text._ZN6Thread8getDelayEv
                0x0800f44c       0x18 ./System/Threads/Src/Thread.o
                0x0800f44c                Thread::getDelay()
 .text._Znwj    0x0800f464       0x18 ./System/Utils/Src/Operators.o
                0x0800f464                operator new(unsigned int)
 .text._Znaj    0x0800f47c       0x18 ./System/Utils/Src/Operators.o
                0x0800f47c                operator new[](unsigned int)
 .text._ZdlPv   0x0800f494       0x16 ./System/Utils/Src/Operators.o
                0x0800f494                operator delete(void*)
 .text._ZdlPvj  0x0800f4aa        0x4 C:/ST/STM32CubeIDE_1.19.0/STM32CubeIDE/plugins/com.st.stm32cube.ide.mcu.externaltools.gnu-tools-for-stm32.13.3.rel1.win32_1.0.0.202411081344/tools/bin/../lib/gcc/arm-none-eabi/13.3.1/../../../../arm-none-eabi/lib/thumb/v7e-m+dp/hard\libstdc++_nano.a(del_ops.o)
                0x0800f4aa                operator delete(void*, unsigned int)
 .text.memset   0x0800f4ae       0x10 C:/ST/STM32CubeIDE_1.19.0/STM32CubeIDE/plugins/com.st.stm32cube.ide.mcu.externaltools.gnu-tools-for-stm32.13.3.rel1.win32_1.0.0.202411081344/tools/bin/../lib/gcc/arm-none-eabi/13.3.1/../../../../arm-none-eabi/lib/thumb/v7e-m+dp/hard\libc_nano.a(libc_a-memset.o)
                0x0800f4ae                memset
 *fill*         0x0800f4be        0x2 
 .text.__libc_init_array
                0x0800f4c0       0x48 C:/ST/STM32CubeIDE_1.19.0/STM32CubeIDE/plugins/com.st.stm32cube.ide.mcu.externaltools.gnu-tools-for-stm32.13.3.rel1.win32_1.0.0.202411081344/tools/bin/../lib/gcc/arm-none-eabi/13.3.1/../../../../arm-none-eabi/lib/thumb/v7e-m+dp/hard\libc_nano.a(libc_a-init.o)
                0x0800f4c0                __libc_init_array
 .text.memcpy   0x0800f508       0x1c C:/ST/STM32CubeIDE_1.19.0/STM32CubeIDE/plugins/com.st.stm32cube.ide.mcu.externaltools.gnu-tools-for-stm32.13.3.rel1.win32_1.0.0.202411081344/tools/bin/../lib/gcc/arm-none-eabi/13.3.1/../../../../arm-none-eabi/lib/thumb/v7e-m+dp/hard\libc_nano.a(libc_a-memcpy-stub.o)
                0x0800f508                memcpy
 *(.glue_7)
 .glue_7        0x0800f524        0x0 linker stubs
 *(.glue_7t)
 .glue_7t       0x0800f524        0x0 linker stubs
 *(.eh_frame)
 .eh_frame      0x0800f524        0x0 C:/ST/STM32CubeIDE_1.19.0/STM32CubeIDE/plugins/com.st.stm32cube.ide.mcu.externaltools.gnu-tools-for-stm32.13.3.rel1.win32_1.0.0.202411081344/tools/bin/../lib/gcc/arm-none-eabi/13.3.1/thumb/v7e-m+dp/hard/crtbegin.o
 *(.init)
 .init          0x0800f524        0x4 C:/ST/STM32CubeIDE_1.19.0/STM32CubeIDE/plugins/com.st.stm32cube.ide.mcu.externaltools.gnu-tools-for-stm32.13.3.rel1.win32_1.0.0.202411081344/tools/bin/../lib/gcc/arm-none-eabi/13.3.1/thumb/v7e-m+dp/hard/crti.o
                0x0800f524                _init
 .init          0x0800f528        0x8 C:/ST/STM32CubeIDE_1.19.0/STM32CubeIDE/plugins/com.st.stm32cube.ide.mcu.externaltools.gnu-tools-for-stm32.13.3.rel1.win32_1.0.0.202411081344/tools/bin/../lib/gcc/arm-none-eabi/13.3.1/thumb/v7e-m+dp/hard/crtn.o
 *(.fini)
 .fini          0x0800f530        0x4 C:/ST/STM32CubeIDE_1.19.0/STM32CubeIDE/plugins/com.st.stm32cube.ide.mcu.externaltools.gnu-tools-for-stm32.13.3.rel1.win32_1.0.0.202411081344/tools/bin/../lib/gcc/arm-none-eabi/13.3.1/thumb/v7e-m+dp/hard/crti.o
                0x0800f530                _fini
 .fini          0x0800f534        0x8 C:/ST/STM32CubeIDE_1.19.0/STM32CubeIDE/plugins/com.st.stm32cube.ide.mcu.externaltools.gnu-tools-for-stm32.13.3.rel1.win32_1.0.0.202411081344/tools/bin/../lib/gcc/arm-none-eabi/13.3.1/thumb/v7e-m+dp/hard/crtn.o
                0x0800f53c                        . = ALIGN (0x4)
                0x0800f53c                        _etext = .

.vfp11_veneer   0x0800f53c        0x0
 .vfp11_veneer  0x0800f53c        0x0 linker stubs

.v4_bx          0x0800f53c        0x0
 .v4_bx         0x0800f53c        0x0 linker stubs

.iplt           0x0800f53c        0x0
 .iplt          0x0800f53c        0x0 C:/ST/STM32CubeIDE_1.19.0/STM32CubeIDE/plugins/com.st.stm32cube.ide.mcu.externaltools.gnu-tools-for-stm32.13.3.rel1.win32_1.0.0.202411081344/tools/bin/../lib/gcc/arm-none-eabi/13.3.1/thumb/v7e-m+dp/hard/crtbegin.o

.rodata         0x0800f53c       0xa8
                0x0800f53c                        . = ALIGN (0x4)
 *(.rodata)
 .rodata        0x0800f53c        0x8 ./Core/Src/main.o
 .rodata        0x0800f544        0x5 ./Middlewares/Third_Party/FreeRTOS/Source/tasks.o
 *fill*         0x0800f549        0x3 
 .rodata        0x0800f54c        0xd ./Middlewares/Third_Party/FreeRTOS/Source/timers.o
 *(.rodata*)
 *fill*         0x0800f559        0x3 
 .rodata.D1CorePrescTable
                0x0800f55c       0x10 ./Core/Src/system_stm32h7xx.o
                0x0800f55c                D1CorePrescTable
 .rodata.flagBitshiftOffset.0
                0x0800f56c        0x8 ./Drivers/STM32H7xx_HAL_Driver/Src/stm32h7xx_hal_dma.o
 .rodata.UARTPrescTable
                0x0800f574       0x18 ./Drivers/STM32H7xx_HAL_Driver/Src/stm32h7xx_hal_uart.o
                0x0800f574                UARTPrescTable
 .rodata.numerator.1
                0x0800f58c        0x8 ./Drivers/STM32H7xx_HAL_Driver/Src/stm32h7xx_hal_uart_ex.o
 .rodata.denominator.0
                0x0800f594        0x8 ./Drivers/STM32H7xx_HAL_Driver/Src/stm32h7xx_hal_uart_ex.o
 .rodata._ZTV6Thread
                0x0800f59c       0x18 ./System/Threads/Src/HeartBeat.o
                0x0800f59c                vtable for Thread
 .rodata._ZTV10LedsThread
                0x0800f5b4       0x18 ./System/Threads/Src/LedsThread.o
                0x0800f5b4                vtable for LedsThread
 .rodata._ZTV13MessageThreadI10LedRequest12EmptyMessageE
                0x0800f5cc       0x18 ./System/Threads/Src/LedsThread.o
                0x0800f5cc                vtable for MessageThread<LedRequest, EmptyMessage>
                0x0800f5e4                        . = ALIGN (0x4)

.ARM.extab
 *(.ARM.extab* .gnu.linkonce.armextab.*)

.ARM            0x0800f5e4        0x8
                0x0800f5e4                        __exidx_start = .
 *(.ARM.exidx*)
 .ARM.exidx     0x0800f5e4        0x8 C:/ST/STM32CubeIDE_1.19.0/STM32CubeIDE/plugins/com.st.stm32cube.ide.mcu.externaltools.gnu-tools-for-stm32.13.3.rel1.win32_1.0.0.202411081344/tools/bin/../lib/gcc/arm-none-eabi/13.3.1/thumb/v7e-m+dp/hard\libgcc.a(_udivmoddi4.o)
                0x0800f5ec                        __exidx_end = .

.preinit_array  0x0800f5ec        0x0
                0x0800f5ec                        PROVIDE (__preinit_array_start = .)
 *(.preinit_array*)
                0x0800f5ec                        PROVIDE (__preinit_array_end = .)

.init_array     0x0800f5ec        0x4
                0x0800f5ec                        PROVIDE (__init_array_start = .)
 *(SORT_BY_NAME(.init_array.*))
 *(.init_array*)
 .init_array    0x0800f5ec        0x4 C:/ST/STM32CubeIDE_1.19.0/STM32CubeIDE/plugins/com.st.stm32cube.ide.mcu.externaltools.gnu-tools-for-stm32.13.3.rel1.win32_1.0.0.202411081344/tools/bin/../lib/gcc/arm-none-eabi/13.3.1/thumb/v7e-m+dp/hard/crtbegin.o
                0x0800f5f0                        PROVIDE (__init_array_end = .)

.fini_array     0x0800f5f0        0x4
                [!provide]                        PROVIDE (__fini_array_start = .)
 *(SORT_BY_NAME(.fini_array.*))
 *(.fini_array*)
 .fini_array    0x0800f5f0        0x4 C:/ST/STM32CubeIDE_1.19.0/STM32CubeIDE/plugins/com.st.stm32cube.ide.mcu.externaltools.gnu-tools-for-stm32.13.3.rel1.win32_1.0.0.202411081344/tools/bin/../lib/gcc/arm-none-eabi/13.3.1/thumb/v7e-m+dp/hard/crtbegin.o
                [!provide]                        PROVIDE (__fini_array_end = .)
                0x0800f5f4                        _sidata = LOADADDR (.data)

.rel.dyn        0x0800f5f4        0x0
 .rel.iplt      0x0800f5f4        0x0 C:/ST/STM32CubeIDE_1.19.0/STM32CubeIDE/plugins/com.st.stm32cube.ide.mcu.externaltools.gnu-tools-for-stm32.13.3.rel1.win32_1.0.0.202411081344/tools/bin/../lib/gcc/arm-none-eabi/13.3.1/thumb/v7e-m+dp/hard/crtbegin.o

.data           0x24000000       0x14 load address 0x0800f5f4
                0x24000000                        . = ALIGN (0x4)
                0x24000000                        _sdata = .
 *(.data)
 *(.data*)
 .data.SystemCoreClock
                0x24000000        0x4 ./Core/Src/system_stm32h7xx.o
                0x24000000                SystemCoreClock
 .data.SystemD2Clock
                0x24000004        0x4 ./Core/Src/system_stm32h7xx.o
                0x24000004                SystemD2Clock
 .data.uwTickPrio
                0x24000008        0x4 ./Drivers/STM32H7xx_HAL_Driver/Src/stm32h7xx_hal.o
                0x24000008                uwTickPrio
 .data.uwTickFreq
                0x2400000c        0x1 ./Drivers/STM32H7xx_HAL_Driver/Src/stm32h7xx_hal.o
                0x2400000c                uwTickFreq
 *fill*         0x2400000d        0x3 
 .data.uxCriticalNesting
                0x24000010        0x4 ./Middlewares/Third_Party/FreeRTOS/Source/portable/GCC/ARM_CM4F/port.o
 *(.RamFunc)
 *(.RamFunc*)
                0x24000014                        . = ALIGN (0x4)
                0x24000014                        _edata = .

.igot.plt       0x24000014        0x0 load address 0x0800f608
 .igot.plt      0x24000014        0x0 C:/ST/STM32CubeIDE_1.19.0/STM32CubeIDE/plugins/com.st.stm32cube.ide.mcu.externaltools.gnu-tools-for-stm32.13.3.rel1.win32_1.0.0.202411081344/tools/bin/../lib/gcc/arm-none-eabi/13.3.1/thumb/v7e-m+dp/hard/crtbegin.o
                0x24000014                        . = ALIGN (0x4)

.bss            0x24000014     0x86c0 load address 0x0800f608
                0x24000014                        _sbss = .
                0x24000014                        __bss_start__ = _sbss
 *(.bss)
 .bss           0x24000014       0x1c C:/ST/STM32CubeIDE_1.19.0/STM32CubeIDE/plugins/com.st.stm32cube.ide.mcu.externaltools.gnu-tools-for-stm32.13.3.rel1.win32_1.0.0.202411081344/tools/bin/../lib/gcc/arm-none-eabi/13.3.1/thumb/v7e-m+dp/hard/crtbegin.o
 *(.bss*)
 .bss.hspi1     0x24000030       0x88 ./Core/Src/main.o
                0x24000030                hspi1
 .bss.htim1     0x240000b8       0x4c ./Core/Src/main.o
                0x240000b8                htim1
 .bss.htim2     0x24000104       0x4c ./Core/Src/main.o
                0x24000104                htim2
 .bss.htim3     0x24000150       0x4c ./Core/Src/main.o
                0x24000150                htim3
 .bss.htim4     0x2400019c       0x4c ./Core/Src/main.o
                0x2400019c                htim4
 .bss.htim5     0x240001e8       0x4c ./Core/Src/main.o
                0x240001e8                htim5
 .bss.htim15    0x24000234       0x4c ./Core/Src/main.o
                0x24000234                htim15
 .bss.hdma_tim3_ch1
                0x24000280       0x78 ./Core/Src/main.o
                0x24000280                hdma_tim3_ch1
 .bss.hdma_tim4_ch1
                0x240002f8       0x78 ./Core/Src/main.o
                0x240002f8                hdma_tim4_ch1
 .bss.huart3    0x24000370       0x94 ./Core/Src/main.o
                0x24000370                huart3
 .bss.htim8     0x24000404       0x4c ./Core/Src/stm32h7xx_hal_timebase_tim.o
                0x24000404                htim8
 .bss.uwTick    0x24000450        0x4 ./Drivers/STM32H7xx_HAL_Driver/Src/stm32h7xx_hal.o
                0x24000450                uwTick
 .bss.KernelState
                0x24000454        0x4 ./Middlewares/Third_Party/FreeRTOS/Source/CMSIS_RTOS_V2/cmsis_os2.o
 .bss.Idle_TCB.3
                0x24000458       0x5c ./Middlewares/Third_Party/FreeRTOS/Source/CMSIS_RTOS_V2/cmsis_os2.o
 .bss.Idle_Stack.2
                0x240004b4      0x200 ./Middlewares/Third_Party/FreeRTOS/Source/CMSIS_RTOS_V2/cmsis_os2.o
 .bss.Timer_TCB.1
                0x240006b4       0x5c ./Middlewares/Third_Party/FreeRTOS/Source/CMSIS_RTOS_V2/cmsis_os2.o
 .bss.Timer_Stack.0
                0x24000710      0x400 ./Middlewares/Third_Party/FreeRTOS/Source/CMSIS_RTOS_V2/cmsis_os2.o
 .bss.xQueueRegistry
                0x24000b10       0x40 ./Middlewares/Third_Party/FreeRTOS/Source/queue.o
                0x24000b10                xQueueRegistry
 .bss.pxCurrentTCB
                0x24000b50        0x4 ./Middlewares/Third_Party/FreeRTOS/Source/tasks.o
                0x24000b50                pxCurrentTCB
 .bss.pxReadyTasksLists
                0x24000b54      0x460 ./Middlewares/Third_Party/FreeRTOS/Source/tasks.o
 .bss.xDelayedTaskList1
                0x24000fb4       0x14 ./Middlewares/Third_Party/FreeRTOS/Source/tasks.o
 .bss.xDelayedTaskList2
                0x24000fc8       0x14 ./Middlewares/Third_Party/FreeRTOS/Source/tasks.o
 .bss.pxDelayedTaskList
                0x24000fdc        0x4 ./Middlewares/Third_Party/FreeRTOS/Source/tasks.o
 .bss.pxOverflowDelayedTaskList
                0x24000fe0        0x4 ./Middlewares/Third_Party/FreeRTOS/Source/tasks.o
 .bss.xPendingReadyList
                0x24000fe4       0x14 ./Middlewares/Third_Party/FreeRTOS/Source/tasks.o
 .bss.xTasksWaitingTermination
                0x24000ff8       0x14 ./Middlewares/Third_Party/FreeRTOS/Source/tasks.o
 .bss.uxDeletedTasksWaitingCleanUp
                0x2400100c        0x4 ./Middlewares/Third_Party/FreeRTOS/Source/tasks.o
 .bss.xSuspendedTaskList
                0x24001010       0x14 ./Middlewares/Third_Party/FreeRTOS/Source/tasks.o
 .bss.uxCurrentNumberOfTasks
                0x24001024        0x4 ./Middlewares/Third_Party/FreeRTOS/Source/tasks.o
 .bss.xTickCount
                0x24001028        0x4 ./Middlewares/Third_Party/FreeRTOS/Source/tasks.o
 .bss.uxTopReadyPriority
                0x2400102c        0x4 ./Middlewares/Third_Party/FreeRTOS/Source/tasks.o
 .bss.xSchedulerRunning
                0x24001030        0x4 ./Middlewares/Third_Party/FreeRTOS/Source/tasks.o
 .bss.xPendedTicks
                0x24001034        0x4 ./Middlewares/Third_Party/FreeRTOS/Source/tasks.o
 .bss.xYieldPending
                0x24001038        0x4 ./Middlewares/Third_Party/FreeRTOS/Source/tasks.o
 .bss.xNumOfOverflows
                0x2400103c        0x4 ./Middlewares/Third_Party/FreeRTOS/Source/tasks.o
 .bss.uxTaskNumber
                0x24001040        0x4 ./Middlewares/Third_Party/FreeRTOS/Source/tasks.o
 .bss.xNextTaskUnblockTime
                0x24001044        0x4 ./Middlewares/Third_Party/FreeRTOS/Source/tasks.o
 .bss.xIdleTaskHandle
                0x24001048        0x4 ./Middlewares/Third_Party/FreeRTOS/Source/tasks.o
 .bss.uxSchedulerSuspended
                0x2400104c        0x4 ./Middlewares/Third_Party/FreeRTOS/Source/tasks.o
 .bss.xActiveTimerList1
                0x24001050       0x14 ./Middlewares/Third_Party/FreeRTOS/Source/timers.o
 .bss.xActiveTimerList2
                0x24001064       0x14 ./Middlewares/Third_Party/FreeRTOS/Source/timers.o
 .bss.pxCurrentTimerList
                0x24001078        0x4 ./Middlewares/Third_Party/FreeRTOS/Source/timers.o
 .bss.pxOverflowTimerList
                0x2400107c        0x4 ./Middlewares/Third_Party/FreeRTOS/Source/timers.o
 .bss.xTimerQueue
                0x24001080        0x4 ./Middlewares/Third_Party/FreeRTOS/Source/timers.o
 .bss.xTimerTaskHandle
                0x24001084        0x4 ./Middlewares/Third_Party/FreeRTOS/Source/timers.o
 .bss.xLastTime.2
                0x24001088        0x4 ./Middlewares/Third_Party/FreeRTOS/Source/timers.o
 .bss.ucStaticTimerQueueStorage.1
                0x2400108c       0xa0 ./Middlewares/Third_Party/FreeRTOS/Source/timers.o
 .bss.xStaticTimerQueue.0
                0x2400112c       0x50 ./Middlewares/Third_Party/FreeRTOS/Source/timers.o
 .bss.ucMaxSysCallPriority
                0x2400117c        0x1 ./Middlewares/Third_Party/FreeRTOS/Source/portable/GCC/ARM_CM4F/port.o
 *fill*         0x2400117d        0x3 
 .bss.ulMaxPRIGROUPValue
                0x24001180        0x4 ./Middlewares/Third_Party/FreeRTOS/Source/portable/GCC/ARM_CM4F/port.o
 .bss.ucHeap    0x24001184     0x7530 ./Middlewares/Third_Party/FreeRTOS/Source/portable/MemMang/heap_4.o
 .bss.xStart    0x240086b4        0x8 ./Middlewares/Third_Party/FreeRTOS/Source/portable/MemMang/heap_4.o
 .bss.pxEnd     0x240086bc        0x4 ./Middlewares/Third_Party/FreeRTOS/Source/portable/MemMang/heap_4.o
 .bss.xFreeBytesRemaining
                0x240086c0        0x4 ./Middlewares/Third_Party/FreeRTOS/Source/portable/MemMang/heap_4.o
 .bss.xMinimumEverFreeBytesRemaining
                0x240086c4        0x4 ./Middlewares/Third_Party/FreeRTOS/Source/portable/MemMang/heap_4.o
 .bss.xNumberOfSuccessfulAllocations
                0x240086c8        0x4 ./Middlewares/Third_Party/FreeRTOS/Source/portable/MemMang/heap_4.o
 .bss.xNumberOfSuccessfulFrees
                0x240086cc        0x4 ./Middlewares/Third_Party/FreeRTOS/Source/portable/MemMang/heap_4.o
 .bss.xBlockAllocatedBit
                0x240086d0        0x4 ./Middlewares/Third_Party/FreeRTOS/Source/portable/MemMang/heap_4.o
 *(COMMON)
                0x240086d4                        . = ALIGN (0x4)
                0x240086d4                        _ebss = .
                0x240086d4                        __bss_end__ = _ebss

._user_heap_stack
                0x240086d4      0x604 load address 0x0800f608
                0x240086d8                        . = ALIGN (0x8)
 *fill*         0x240086d4        0x4 
                [!provide]                        PROVIDE (end = .)
                0x240086d8                        PROVIDE (_end = .)
                0x240088d8                        . = (. + _Min_Heap_Size)
 *fill*         0x240086d8      0x200 
                0x24008cd8                        . = (. + _Min_Stack_Size)
 *fill*         0x240088d8      0x400 
                0x24008cd8                        . = ALIGN (0x8)

/DISCARD/
 libc.a(*)
 libm.a(*)
 libgcc.a(*)

.ARM.attributes
                0x00000000       0x2e
 *(.ARM.attributes)
 .ARM.attributes
                0x00000000       0x20 C:/ST/STM32CubeIDE_1.19.0/STM32CubeIDE/plugins/com.st.stm32cube.ide.mcu.externaltools.gnu-tools-for-stm32.13.3.rel1.win32_1.0.0.202411081344/tools/bin/../lib/gcc/arm-none-eabi/13.3.1/thumb/v7e-m+dp/hard/crti.o
 .ARM.attributes
                0x00000020       0x32 C:/ST/STM32CubeIDE_1.19.0/STM32CubeIDE/plugins/com.st.stm32cube.ide.mcu.externaltools.gnu-tools-for-stm32.13.3.rel1.win32_1.0.0.202411081344/tools/bin/../lib/gcc/arm-none-eabi/13.3.1/thumb/v7e-m+dp/hard/crtbegin.o
 .ARM.attributes
                0x00000052       0x32 ./Core/Src/main.o
 .ARM.attributes
                0x00000084       0x32 ./Core/Src/stm32h7xx_hal_msp.o
 .ARM.attributes
                0x000000b6       0x32 ./Core/Src/stm32h7xx_hal_timebase_tim.o
 .ARM.attributes
                0x000000e8       0x32 ./Core/Src/stm32h7xx_it.o
 .ARM.attributes
                0x0000011a       0x32 ./Core/Src/system_stm32h7xx.o
 .ARM.attributes
                0x0000014c       0x21 ./Core/Startup/startup_stm32h753zitx.o
 .ARM.attributes
                0x0000016d       0x32 ./Drivers/STM32H7xx_HAL_Driver/Src/stm32h7xx_hal.o
 .ARM.attributes
                0x0000019f       0x32 ./Drivers/STM32H7xx_HAL_Driver/Src/stm32h7xx_hal_cortex.o
 .ARM.attributes
                0x000001d1       0x32 ./Drivers/STM32H7xx_HAL_Driver/Src/stm32h7xx_hal_dma.o
 .ARM.attributes
                0x00000203       0x32 ./Drivers/STM32H7xx_HAL_Driver/Src/stm32h7xx_hal_gpio.o
 .ARM.attributes
                0x00000235       0x32 ./Drivers/STM32H7xx_HAL_Driver/Src/stm32h7xx_hal_pwr_ex.o
 .ARM.attributes
                0x00000267       0x32 ./Drivers/STM32H7xx_HAL_Driver/Src/stm32h7xx_hal_rcc.o
 .ARM.attributes
                0x00000299       0x32 ./Drivers/STM32H7xx_HAL_Driver/Src/stm32h7xx_hal_rcc_ex.o
 .ARM.attributes
                0x000002cb       0x32 ./Drivers/STM32H7xx_HAL_Driver/Src/stm32h7xx_hal_spi.o
 .ARM.attributes
                0x000002fd       0x32 ./Drivers/STM32H7xx_HAL_Driver/Src/stm32h7xx_hal_tim.o
 .ARM.attributes
                0x0000032f       0x32 ./Drivers/STM32H7xx_HAL_Driver/Src/stm32h7xx_hal_tim_ex.o
 .ARM.attributes
                0x00000361       0x32 ./Drivers/STM32H7xx_HAL_Driver/Src/stm32h7xx_hal_uart.o
 .ARM.attributes
                0x00000393       0x32 ./Drivers/STM32H7xx_HAL_Driver/Src/stm32h7xx_hal_uart_ex.o
 .ARM.attributes
                0x000003c5       0x32 ./Middlewares/Third_Party/FreeRTOS/Source/CMSIS_RTOS_V2/cmsis_os2.o
 .ARM.attributes
                0x000003f7       0x32 ./Middlewares/Third_Party/FreeRTOS/Source/list.o
 .ARM.attributes
                0x00000429       0x32 ./Middlewares/Third_Party/FreeRTOS/Source/queue.o
 .ARM.attributes
                0x0000045b       0x32 ./Middlewares/Third_Party/FreeRTOS/Source/tasks.o
 .ARM.attributes
                0x0000048d       0x32 ./Middlewares/Third_Party/FreeRTOS/Source/timers.o
 .ARM.attributes
                0x000004bf       0x32 ./Middlewares/Third_Party/FreeRTOS/Source/portable/GCC/ARM_CM4F/port.o
 .ARM.attributes
                0x000004f1       0x32 ./Middlewares/Third_Party/FreeRTOS/Source/portable/MemMang/heap_4.o
 .ARM.attributes
                0x00000523       0x32 ./System/Core/Src/Adafruit_NeoPixel_STM.o
 .ARM.attributes
                0x00000555       0x32 ./System/Core/Src/LEDStrip.o
 .ARM.attributes
                0x00000587       0x32 ./System/Threads/Src/HeartBeat.o
 .ARM.attributes
                0x000005b9       0x32 ./System/Threads/Src/LedsThread.o
 .ARM.attributes
                0x000005eb       0x32 ./System/Threads/Src/Thread.o
 .ARM.attributes
                0x0000061d       0x32 ./System/Utils/Src/Operators.o
 .ARM.attributes
                0x0000064f       0x32 C:/ST/STM32CubeIDE_1.19.0/STM32CubeIDE/plugins/com.st.stm32cube.ide.mcu.externaltools.gnu-tools-for-stm32.13.3.rel1.win32_1.0.0.202411081344/tools/bin/../lib/gcc/arm-none-eabi/13.3.1/../../../../arm-none-eabi/lib/thumb/v7e-m+dp/hard\libstdc++_nano.a(del_ops.o)
 .ARM.attributes
                0x00000681       0x32 C:/ST/STM32CubeIDE_1.19.0/STM32CubeIDE/plugins/com.st.stm32cube.ide.mcu.externaltools.gnu-tools-for-stm32.13.3.rel1.win32_1.0.0.202411081344/tools/bin/../lib/gcc/arm-none-eabi/13.3.1/../../../../arm-none-eabi/lib/thumb/v7e-m+dp/hard\libc_nano.a(libc_a-memset.o)
 .ARM.attributes
                0x000006b3       0x32 C:/ST/STM32CubeIDE_1.19.0/STM32CubeIDE/plugins/com.st.stm32cube.ide.mcu.externaltools.gnu-tools-for-stm32.13.3.rel1.win32_1.0.0.202411081344/tools/bin/../lib/gcc/arm-none-eabi/13.3.1/../../../../arm-none-eabi/lib/thumb/v7e-m+dp/hard\libc_nano.a(libc_a-init.o)
 .ARM.attributes
                0x000006e5       0x32 C:/ST/STM32CubeIDE_1.19.0/STM32CubeIDE/plugins/com.st.stm32cube.ide.mcu.externaltools.gnu-tools-for-stm32.13.3.rel1.win32_1.0.0.202411081344/tools/bin/../lib/gcc/arm-none-eabi/13.3.1/../../../../arm-none-eabi/lib/thumb/v7e-m+dp/hard\libc_nano.a(libc_a-memcpy-stub.o)
 .ARM.attributes
                0x00000717       0x20 C:/ST/STM32CubeIDE_1.19.0/STM32CubeIDE/plugins/com.st.stm32cube.ide.mcu.externaltools.gnu-tools-for-stm32.13.3.rel1.win32_1.0.0.202411081344/tools/bin/../lib/gcc/arm-none-eabi/13.3.1/thumb/v7e-m+dp/hard\libgcc.a(_aeabi_uldivmod.o)
 .ARM.attributes
                0x00000737       0x32 C:/ST/STM32CubeIDE_1.19.0/STM32CubeIDE/plugins/com.st.stm32cube.ide.mcu.externaltools.gnu-tools-for-stm32.13.3.rel1.win32_1.0.0.202411081344/tools/bin/../lib/gcc/arm-none-eabi/13.3.1/thumb/v7e-m+dp/hard\libgcc.a(_udivmoddi4.o)
 .ARM.attributes
                0x00000769       0x20 C:/ST/STM32CubeIDE_1.19.0/STM32CubeIDE/plugins/com.st.stm32cube.ide.mcu.externaltools.gnu-tools-for-stm32.13.3.rel1.win32_1.0.0.202411081344/tools/bin/../lib/gcc/arm-none-eabi/13.3.1/thumb/v7e-m+dp/hard\libgcc.a(_dvmd_tls.o)
 .ARM.attributes
                0x00000789       0x20 C:/ST/STM32CubeIDE_1.19.0/STM32CubeIDE/plugins/com.st.stm32cube.ide.mcu.externaltools.gnu-tools-for-stm32.13.3.rel1.win32_1.0.0.202411081344/tools/bin/../lib/gcc/arm-none-eabi/13.3.1/thumb/v7e-m+dp/hard/crtn.o
OUTPUT(XPLORE_NOVA_STM32.elf elf32-littlearm)
LOAD linker stubs
LOAD C:/ST/STM32CubeIDE_1.19.0/STM32CubeIDE/plugins/com.st.stm32cube.ide.mcu.externaltools.gnu-tools-for-stm32.13.3.rel1.win32_1.0.0.202411081344/tools/bin/../lib/gcc/arm-none-eabi/13.3.1/../../../../arm-none-eabi/lib/thumb/v7e-m+dp/hard\libc.a
LOAD C:/ST/STM32CubeIDE_1.19.0/STM32CubeIDE/plugins/com.st.stm32cube.ide.mcu.externaltools.gnu-tools-for-stm32.13.3.rel1.win32_1.0.0.202411081344/tools/bin/../lib/gcc/arm-none-eabi/13.3.1/../../../../arm-none-eabi/lib/thumb/v7e-m+dp/hard\libm.a
LOAD C:/ST/STM32CubeIDE_1.19.0/STM32CubeIDE/plugins/com.st.stm32cube.ide.mcu.externaltools.gnu-tools-for-stm32.13.3.rel1.win32_1.0.0.202411081344/tools/bin/../lib/gcc/arm-none-eabi/13.3.1/thumb/v7e-m+dp/hard\libgcc.a

.debug_info     0x00000000    0x3a377
 .debug_info    0x00000000     0x9632 ./Core/Src/main.o
 .debug_info    0x00009632     0x1e8c ./Core/Src/stm32h7xx_hal_msp.o
 .debug_info    0x0000b4be     0x10a0 ./Core/Src/stm32h7xx_hal_timebase_tim.o
 .debug_info    0x0000c55e      0xc12 ./Core/Src/stm32h7xx_it.o
 .debug_info    0x0000d170      0xdb2 ./Core/Src/system_stm32h7xx.o
 .debug_info    0x0000df22       0x30 ./Core/Startup/startup_stm32h753zitx.o
 .debug_info    0x0000df52     0x1541 ./Drivers/STM32H7xx_HAL_Driver/Src/stm32h7xx_hal.o
 .debug_info    0x0000f493     0x10b7 ./Drivers/STM32H7xx_HAL_Driver/Src/stm32h7xx_hal_cortex.o
 .debug_info    0x0001054a      0xc31 ./Drivers/STM32H7xx_HAL_Driver/Src/stm32h7xx_hal_dma.o
 .debug_info    0x0001117b      0xc5a ./Drivers/STM32H7xx_HAL_Driver/Src/stm32h7xx_hal_gpio.o
 .debug_info    0x00011dd5     0x1012 ./Drivers/STM32H7xx_HAL_Driver/Src/stm32h7xx_hal_pwr_ex.o
 .debug_info    0x00012de7      0xe6a ./Drivers/STM32H7xx_HAL_Driver/Src/stm32h7xx_hal_rcc.o
 .debug_info    0x00013c51     0x1225 ./Drivers/STM32H7xx_HAL_Driver/Src/stm32h7xx_hal_rcc_ex.o
 .debug_info    0x00014e76     0x144a ./Drivers/STM32H7xx_HAL_Driver/Src/stm32h7xx_hal_spi.o
 .debug_info    0x000162c0     0x2bae ./Drivers/STM32H7xx_HAL_Driver/Src/stm32h7xx_hal_tim.o
 .debug_info    0x00018e6e     0x17eb ./Drivers/STM32H7xx_HAL_Driver/Src/stm32h7xx_hal_tim_ex.o
 .debug_info    0x0001a659     0x4b1d ./Drivers/STM32H7xx_HAL_Driver/Src/stm32h7xx_hal_uart.o
 .debug_info    0x0001f176      0xfbf ./Drivers/STM32H7xx_HAL_Driver/Src/stm32h7xx_hal_uart_ex.o
 .debug_info    0x00020135     0x3d8d ./Middlewares/Third_Party/FreeRTOS/Source/CMSIS_RTOS_V2/cmsis_os2.o
 .debug_info    0x00023ec2      0x2af ./Middlewares/Third_Party/FreeRTOS/Source/list.o
 .debug_info    0x00024171     0x1b79 ./Middlewares/Third_Party/FreeRTOS/Source/queue.o
 .debug_info    0x00025cea     0x21ec ./Middlewares/Third_Party/FreeRTOS/Source/tasks.o
 .debug_info    0x00027ed6     0x1488 ./Middlewares/Third_Party/FreeRTOS/Source/timers.o
 .debug_info    0x0002935e      0x4de ./Middlewares/Third_Party/FreeRTOS/Source/portable/GCC/ARM_CM4F/port.o
 .debug_info    0x0002983c      0x4d5 ./Middlewares/Third_Party/FreeRTOS/Source/portable/MemMang/heap_4.o
 .debug_info    0x00029d11     0x43fd ./System/Core/Src/Adafruit_NeoPixel_STM.o
 .debug_info    0x0002e10e     0x4a9a ./System/Core/Src/LEDStrip.o
 .debug_info    0x00032ba8     0x11e1 ./System/Threads/Src/HeartBeat.o
 .debug_info    0x00033d89     0x546c ./System/Threads/Src/LedsThread.o
 .debug_info    0x000391f5      0xcd8 ./System/Threads/Src/Thread.o
 .debug_info    0x00039ecd      0x4aa ./System/Utils/Src/Operators.o

.debug_abbrev   0x00000000     0x62bf
 .debug_abbrev  0x00000000      0xab6 ./Core/Src/main.o
 .debug_abbrev  0x00000ab6      0x27a ./Core/Src/stm32h7xx_hal_msp.o
 .debug_abbrev  0x00000d30      0x212 ./Core/Src/stm32h7xx_hal_timebase_tim.o
 .debug_abbrev  0x00000f42      0x186 ./Core/Src/stm32h7xx_it.o
 .debug_abbrev  0x000010c8      0x165 ./Core/Src/system_stm32h7xx.o
 .debug_abbrev  0x0000122d       0x24 ./Core/Startup/startup_stm32h753zitx.o
 .debug_abbrev  0x00001251      0x295 ./Drivers/STM32H7xx_HAL_Driver/Src/stm32h7xx_hal.o
 .debug_abbrev  0x000014e6      0x339 ./Drivers/STM32H7xx_HAL_Driver/Src/stm32h7xx_hal_cortex.o
 .debug_abbrev  0x0000181f      0x248 ./Drivers/STM32H7xx_HAL_Driver/Src/stm32h7xx_hal_dma.o
 .debug_abbrev  0x00001a67      0x205 ./Drivers/STM32H7xx_HAL_Driver/Src/stm32h7xx_hal_gpio.o
 .debug_abbrev  0x00001c6c      0x2a7 ./Drivers/STM32H7xx_HAL_Driver/Src/stm32h7xx_hal_pwr_ex.o
 .debug_abbrev  0x00001f13      0x2c8 ./Drivers/STM32H7xx_HAL_Driver/Src/stm32h7xx_hal_rcc.o
 .debug_abbrev  0x000021db      0x269 ./Drivers/STM32H7xx_HAL_Driver/Src/stm32h7xx_hal_rcc_ex.o
 .debug_abbrev  0x00002444      0x2b1 ./Drivers/STM32H7xx_HAL_Driver/Src/stm32h7xx_hal_spi.o
 .debug_abbrev  0x000026f5      0x276 ./Drivers/STM32H7xx_HAL_Driver/Src/stm32h7xx_hal_tim.o
 .debug_abbrev  0x0000296b      0x281 ./Drivers/STM32H7xx_HAL_Driver/Src/stm32h7xx_hal_tim_ex.o
 .debug_abbrev  0x00002bec      0x33d ./Drivers/STM32H7xx_HAL_Driver/Src/stm32h7xx_hal_uart.o
 .debug_abbrev  0x00002f29      0x2d2 ./Drivers/STM32H7xx_HAL_Driver/Src/stm32h7xx_hal_uart_ex.o
 .debug_abbrev  0x000031fb      0x522 ./Middlewares/Third_Party/FreeRTOS/Source/CMSIS_RTOS_V2/cmsis_os2.o
 .debug_abbrev  0x0000371d       0xf5 ./Middlewares/Third_Party/FreeRTOS/Source/list.o
 .debug_abbrev  0x00003812      0x3b6 ./Middlewares/Third_Party/FreeRTOS/Source/queue.o
 .debug_abbrev  0x00003bc8      0x386 ./Middlewares/Third_Party/FreeRTOS/Source/tasks.o
 .debug_abbrev  0x00003f4e      0x352 ./Middlewares/Third_Party/FreeRTOS/Source/timers.o
 .debug_abbrev  0x000042a0      0x25c ./Middlewares/Third_Party/FreeRTOS/Source/portable/GCC/ARM_CM4F/port.o
 .debug_abbrev  0x000044fc      0x21d ./Middlewares/Third_Party/FreeRTOS/Source/portable/MemMang/heap_4.o
 .debug_abbrev  0x00004719      0x5d2 ./System/Core/Src/Adafruit_NeoPixel_STM.o
 .debug_abbrev  0x00004ceb      0x5e4 ./System/Core/Src/LEDStrip.o
 .debug_abbrev  0x000052cf      0x42a ./System/Threads/Src/HeartBeat.o
 .debug_abbrev  0x000056f9      0x746 ./System/Threads/Src/LedsThread.o
 .debug_abbrev  0x00005e3f      0x33d ./System/Threads/Src/Thread.o
 .debug_abbrev  0x0000617c      0x143 ./System/Utils/Src/Operators.o

.debug_aranges  0x00000000     0x1d60
 .debug_aranges
                0x00000000       0xb0 ./Core/Src/main.o
 .debug_aranges
                0x000000b0       0x58 ./Core/Src/stm32h7xx_hal_msp.o
 .debug_aranges
                0x00000108       0x30 ./Core/Src/stm32h7xx_hal_timebase_tim.o
 .debug_aranges
                0x00000138       0x68 ./Core/Src/stm32h7xx_it.o
 .debug_aranges
                0x000001a0       0x30 ./Core/Src/system_stm32h7xx.o
 .debug_aranges
                0x000001d0       0x28 ./Core/Startup/startup_stm32h753zitx.o
 .debug_aranges
                0x000001f8      0x198 ./Drivers/STM32H7xx_HAL_Driver/Src/stm32h7xx_hal.o
 .debug_aranges
                0x00000390      0x130 ./Drivers/STM32H7xx_HAL_Driver/Src/stm32h7xx_hal_cortex.o
 .debug_aranges
                0x000004c0       0xa0 ./Drivers/STM32H7xx_HAL_Driver/Src/stm32h7xx_hal_dma.o
 .debug_aranges
                0x00000560       0x58 ./Drivers/STM32H7xx_HAL_Driver/Src/stm32h7xx_hal_gpio.o
 .debug_aranges
                0x000005b8      0x158 ./Drivers/STM32H7xx_HAL_Driver/Src/stm32h7xx_hal_pwr_ex.o
 .debug_aranges
                0x00000710       0x88 ./Drivers/STM32H7xx_HAL_Driver/Src/stm32h7xx_hal_rcc.o
 .debug_aranges
                0x00000798       0xf8 ./Drivers/STM32H7xx_HAL_Driver/Src/stm32h7xx_hal_rcc_ex.o
 .debug_aranges
                0x00000890      0x1a8 ./Drivers/STM32H7xx_HAL_Driver/Src/stm32h7xx_hal_spi.o
 .debug_aranges
                0x00000a38      0x3e0 ./Drivers/STM32H7xx_HAL_Driver/Src/stm32h7xx_hal_tim.o
 .debug_aranges
                0x00000e18      0x188 ./Drivers/STM32H7xx_HAL_Driver/Src/stm32h7xx_hal_tim_ex.o
 .debug_aranges
                0x00000fa0      0x248 ./Drivers/STM32H7xx_HAL_Driver/Src/stm32h7xx_hal_uart.o
 .debug_aranges
                0x000011e8       0xa8 ./Drivers/STM32H7xx_HAL_Driver/Src/stm32h7xx_hal_uart_ex.o
 .debug_aranges
                0x00001290      0x2b0 ./Middlewares/Third_Party/FreeRTOS/Source/CMSIS_RTOS_V2/cmsis_os2.o
 .debug_aranges
                0x00001540       0x40 ./Middlewares/Third_Party/FreeRTOS/Source/list.o
 .debug_aranges