/home/xplore/Desktop/2026_microros/Avionics_SW/2026/USB/test-usb/System/Threads/Inc/Thread.h:23:10:Thread::~Thread()	16	static
/home/xplore/Desktop/2026_microros/Avionics_SW/2026/USB/test-usb/System/Threads/Inc/Thread.h:23:10:virtual Thread::~Thread()	16	static
/home/xplore/Desktop/2026_microros/Avionics_SW/2026/USB/test-usb/System/Threads/Inc/MassThread.h:23:8:MassType::MassType()	16	static
../System/Threads/Src/MassThread.cpp:10:1:MassThread::MassThread()	32	static
../System/Threads/Src/MassThread.cpp:20:6:virtual void MassThread::init()	16	static
../System/Threads/Src/MassThread.cpp:26:6:virtual void MassThread::loop()	32	static
../System/Threads/Src/MassThread.cpp:49:6:void MassThread::shift(float*, int, float)	32	static
../System/Threads/Src/MassThread.cpp:56:7:float MassThread::movingAverage(const float*, uint8_t)	32	static
../System/Threads/Src/MassThread.cpp:63:6:void MassThread::update(MassType*)	32	static
../System/Threads/Src/MassThread.cpp:85:6:void MassThread::tareScale(MassType*)	56	static
/home/xplore/Desktop/2026_microros/Avionics_SW/2026/USB/test-usb/System/Threads/Inc/MessageThread.h:118:5:MessageThread<CommandMsg, StatusMsg>::MessageThread(const char*, osPriority_t, uint32_t) [with CommandMsg = MassRequest; StatusMsg = MassPacket]	40	static
/home/xplore/Desktop/2026_microros/Avionics_SW/2026/USB/test-usb/System/Threads/Inc/MessageThread.h:131:13:MessageThread<CommandMsg, StatusMsg>::~MessageThread() [with CommandMsg = MassRequest; StatusMsg = MassPacket]	16	static
/home/xplore/Desktop/2026_microros/Avionics_SW/2026/USB/test-usb/System/Threads/Inc/MessageThread.h:131:13:MessageThread<CommandMsg, StatusMsg>::~MessageThread() [with CommandMsg = MassRequest; StatusMsg = MassPacket]	16	static
/home/xplore/Desktop/2026_microros/Avionics_SW/2026/USB/test-usb/System/Threads/Inc/MessageThread.h:60:5:MessageThread<CommandMsg, StatusMsg>::MessageThread(const char*, osPriority_t, uint32_t, uint32_t, std::size_t, std::size_t) [with CommandMsg = MassRequest; StatusMsg = MassPacket]	32	static,ignoring_inline_asm
/home/xplore/Desktop/2026_microros/Avionics_SW/2026/USB/test-usb/System/Threads/Inc/MassThread.h:31:7:MassThread::~MassThread()	16	static
/home/xplore/Desktop/2026_microros/Avionics_SW/2026/USB/test-usb/System/Threads/Inc/MassThread.h:31:7:virtual MassThread::~MassThread()	16	static
